Archive member included because of file (symbol)

c:/program files (x86)/gnu tools arm embedded/4.8 2014q1/bin/../lib/gcc/arm-none-eabi/4.8.3/armv6-m\libgcc.a(_udivsi3.o)
                              ./src/PlatformHandler/analog_handler.o (__aeabi_uidiv)
c:/program files (x86)/gnu tools arm embedded/4.8 2014q1/bin/../lib/gcc/arm-none-eabi/4.8.3/armv6-m\libgcc.a(_divsi3.o)
                              ./src/PlatformHandler/analog_handler.o (__aeabi_idiv)
c:/program files (x86)/gnu tools arm embedded/4.8 2014q1/bin/../lib/gcc/arm-none-eabi/4.8.3/armv6-m\libgcc.a(_dvmd_tls.o)
                              c:/program files (x86)/gnu tools arm embedded/4.8 2014q1/bin/../lib/gcc/arm-none-eabi/4.8.3/armv6-m\libgcc.a(_udivsi3.o) (__aeabi_idiv0)
c:/program files (x86)/gnu tools arm embedded/4.8 2014q1/bin/../lib/gcc/arm-none-eabi/4.8.3/armv6-m\libgcc.a(_fixunssfsi.o)
                              ./src/PlatformHandler/analog_handler.o (__aeabi_f2uiz)
c:/program files (x86)/gnu tools arm embedded/4.8 2014q1/bin/../lib/gcc/arm-none-eabi/4.8.3/armv6-m\libgcc.a(_fixunsdfsi.o)
                              ./Libraries/W7500x_StdPeriph_Driver/src/w7500x_uart.o (__aeabi_d2uiz)
c:/program files (x86)/gnu tools arm embedded/4.8 2014q1/bin/../lib/gcc/arm-none-eabi/4.8.3/armv6-m\libgcc.a(addsf3.o)
                              ./src/PlatformHandler/analog_handler.o (__aeabi_fadd)
c:/program files (x86)/gnu tools arm embedded/4.8 2014q1/bin/../lib/gcc/arm-none-eabi/4.8.3/armv6-m\libgcc.a(divsf3.o)
                              ./Libraries/W7500x_StdPeriph_Driver/src/w7500x_uart.o (__aeabi_fdiv)
c:/program files (x86)/gnu tools arm embedded/4.8 2014q1/bin/../lib/gcc/arm-none-eabi/4.8.3/armv6-m\libgcc.a(mulsf3.o)
                              ./src/PlatformHandler/analog_handler.o (__aeabi_fmul)
c:/program files (x86)/gnu tools arm embedded/4.8 2014q1/bin/../lib/gcc/arm-none-eabi/4.8.3/armv6-m\libgcc.a(subsf3.o)
                              ./src/PlatformHandler/analog_handler.o (__aeabi_fsub)
c:/program files (x86)/gnu tools arm embedded/4.8 2014q1/bin/../lib/gcc/arm-none-eabi/4.8.3/armv6-m\libgcc.a(fixsfsi.o)
                              c:/program files (x86)/gnu tools arm embedded/4.8 2014q1/bin/../lib/gcc/arm-none-eabi/4.8.3/armv6-m\libgcc.a(_fixunssfsi.o) (__aeabi_f2iz)
c:/program files (x86)/gnu tools arm embedded/4.8 2014q1/bin/../lib/gcc/arm-none-eabi/4.8.3/armv6-m\libgcc.a(floatsisf.o)
                              ./src/PlatformHandler/analog_handler.o (__aeabi_i2f)
c:/program files (x86)/gnu tools arm embedded/4.8 2014q1/bin/../lib/gcc/arm-none-eabi/4.8.3/armv6-m\libgcc.a(floatunsisf.o)
                              ./Libraries/W7500x_StdPeriph_Driver/src/w7500x_uart.o (__aeabi_ui2f)
c:/program files (x86)/gnu tools arm embedded/4.8 2014q1/bin/../lib/gcc/arm-none-eabi/4.8.3/armv6-m\libgcc.a(adddf3.o)
                              ./Libraries/W7500x_StdPeriph_Driver/src/w7500x_uart.o (__aeabi_dadd)
c:/program files (x86)/gnu tools arm embedded/4.8 2014q1/bin/../lib/gcc/arm-none-eabi/4.8.3/armv6-m\libgcc.a(subdf3.o)
                              c:/program files (x86)/gnu tools arm embedded/4.8 2014q1/bin/../lib/gcc/arm-none-eabi/4.8.3/armv6-m\libgcc.a(_fixunsdfsi.o) (__aeabi_dsub)
c:/program files (x86)/gnu tools arm embedded/4.8 2014q1/bin/../lib/gcc/arm-none-eabi/4.8.3/armv6-m\libgcc.a(fixdfsi.o)
                              c:/program files (x86)/gnu tools arm embedded/4.8 2014q1/bin/../lib/gcc/arm-none-eabi/4.8.3/armv6-m\libgcc.a(_fixunsdfsi.o) (__aeabi_d2iz)
c:/program files (x86)/gnu tools arm embedded/4.8 2014q1/bin/../lib/gcc/arm-none-eabi/4.8.3/armv6-m\libgcc.a(extendsfdf2.o)
                              ./Libraries/W7500x_StdPeriph_Driver/src/w7500x_uart.o (__aeabi_f2d)
c:/program files (x86)/gnu tools arm embedded/4.8 2014q1/bin/../lib/gcc/arm-none-eabi/4.8.3/armv6-m\libgcc.a(_arm_cmpdf2.o)
                              c:/program files (x86)/gnu tools arm embedded/4.8 2014q1/bin/../lib/gcc/arm-none-eabi/4.8.3/armv6-m\libgcc.a(_fixunsdfsi.o) (__aeabi_dcmpge)
c:/program files (x86)/gnu tools arm embedded/4.8 2014q1/bin/../lib/gcc/arm-none-eabi/4.8.3/armv6-m\libgcc.a(_arm_cmpsf2.o)
                              c:/program files (x86)/gnu tools arm embedded/4.8 2014q1/bin/../lib/gcc/arm-none-eabi/4.8.3/armv6-m\libgcc.a(_fixunssfsi.o) (__aeabi_fcmpge)
c:/program files (x86)/gnu tools arm embedded/4.8 2014q1/bin/../lib/gcc/arm-none-eabi/4.8.3/armv6-m\libgcc.a(_clzsi2.o)
                              c:/program files (x86)/gnu tools arm embedded/4.8 2014q1/bin/../lib/gcc/arm-none-eabi/4.8.3/armv6-m\libgcc.a(addsf3.o) (__clzsi2)
c:/program files (x86)/gnu tools arm embedded/4.8 2014q1/bin/../lib/gcc/arm-none-eabi/4.8.3/armv6-m\libgcc.a(eqsf2.o)
                              c:/program files (x86)/gnu tools arm embedded/4.8 2014q1/bin/../lib/gcc/arm-none-eabi/4.8.3/armv6-m\libgcc.a(_arm_cmpsf2.o) (__eqsf2)
[...]
Memory Configuration

Name             Origin             Length             Attributes
FLASH            0x00008000         0x00018000         xr
RAM              0x20000000         0x00004000         xrw
CCMRAM           0x10000000         0x00000000         xrw
FLASHB1          0x00000000         0x00000000         xr
EXTMEMB0         0x00000000         0x00000000         xr
EXTMEMB1         0x00000000         0x00000000         xr
EXTMEMB2         0x00000000         0x00000000         xr
EXTMEMB3         0x00000000         0x00000000         xr
*default*        0x00000000         0xffffffff

Linker script and memory map

LOAD ./src/RemoteIO/remote_io.o
LOAD ./src/PlatformHandler/analog_handler.o
LOAD ./src/PlatformHandler/digital_handler.o
LOAD ./src/PlatformHandler/flash_handler.o
LOAD ./src/PlatformHandler/gpio_handler.o
LOAD ./src/PlatformHandler/storage_handler.o
LOAD ./src/PlatformHandler/timer_handler.o
LOAD ./src/PlatformHandler/uart_handler.o
LOAD ./src/Modbus/modbus.o
LOAD ./src/Configuration/config_data.o
LOAD ./src/Configuration/config_message.o
LOAD ./src/Callback/dhcp_cb.o
LOAD ./src/main.o
LOAD ./src/retarget.o
LOAD ./src/w7500x_it.o
LOAD ./Libraries/startup/_exit.o
LOAD ./Libraries/startup/_initialize_hardware.o
LOAD ./Libraries/startup/_reset_hardware.o
LOAD ./Libraries/startup/_sbrk.o
LOAD ./Libraries/startup/_startup.o
LOAD ./Libraries/startup/_syscalls.o
LOAD ./Libraries/startup/exception_handlers.o
LOAD ./Libraries/startup/vectors_W7500x.o
LOAD ./Libraries/ioLibrary/Internet/TFTP/netutil.o
LOAD ./Libraries/ioLibrary/Internet/TFTP/tftp.o
LOAD ./Libraries/ioLibrary/Internet/MQTT/MQTTPacket/src/MQTTConnectClient.o
LOAD ./Libraries/ioLibrary/Internet/MQTT/MQTTPacket/src/MQTTConnectServer.o
LOAD ./Libraries/ioLibrary/Internet/MQTT/MQTTPacket/src/MQTTDeserializePublish.o
LOAD ./Libraries/ioLibrary/Internet/MQTT/MQTTPacket/src/MQTTFormat.o
LOAD ./Libraries/ioLibrary/Internet/MQTT/MQTTPacket/src/MQTTPacket.o
LOAD ./Libraries/ioLibrary/Internet/MQTT/MQTTPacket/src/MQTTSerializePublish.o
LOAD ./Libraries/ioLibrary/Internet/MQTT/MQTTPacket/src/MQTTSubscribeClient.o
LOAD ./Libraries/ioLibrary/Internet/MQTT/MQTTPacket/src/MQTTSubscribeServer.o
LOAD ./Libraries/ioLibrary/Internet/MQTT/MQTTPacket/src/MQTTUnsubscribeClient.o
LOAD ./Libraries/ioLibrary/Internet/MQTT/MQTTPacket/src/MQTTUnsubscribeServer.o
LOAD ./Libraries/ioLibrary/Internet/MQTT/MQTTClient.o
LOAD ./Libraries/ioLibrary/Internet/MQTT/mqtt_interface.o
LOAD ./Libraries/ioLibrary/Internet/DNS/dns.o
LOAD ./Libraries/ioLibrary/Internet/DHCP/dhcp.o
LOAD ./Libraries/ioLibrary/Ethernet/socket.o
LOAD ./Libraries/ioLibrary/Ethernet/wizchip_conf.o
LOAD ./Libraries/ioLibrary/Application/loopback/loopback.o
LOAD ./Libraries/W7500x_StdPeriph_Driver/src/w7500x_adc.o
LOAD ./Libraries/W7500x_StdPeriph_Driver/src/w7500x_crg.o
LOAD ./Libraries/W7500x_StdPeriph_Driver/src/w7500x_dualtimer.o
LOAD ./Libraries/W7500x_StdPeriph_Driver/src/w7500x_exti.o
LOAD ./Libraries/W7500x_StdPeriph_Driver/src/w7500x_flash.o
LOAD ./Libraries/W7500x_StdPeriph_Driver/src/w7500x_gpio.o
LOAD ./Libraries/W7500x_StdPeriph_Driver/src/w7500x_miim.o
LOAD ./Libraries/W7500x_StdPeriph_Driver/src/w7500x_misc.o
LOAD ./Libraries/W7500x_StdPeriph_Driver/src/w7500x_pwm.o
LOAD ./Libraries/W7500x_StdPeriph_Driver/src/w7500x_rng.o
LOAD ./Libraries/W7500x_StdPeriph_Driver/src/w7500x_rtc.o
LOAD ./Libraries/W7500x_StdPeriph_Driver/src/w7500x_ssp.o
LOAD ./Libraries/W7500x_StdPeriph_Driver/src/w7500x_uart.o
LOAD ./Libraries/W7500x_StdPeriph_Driver/src/w7500x_wdt.o
LOAD ./Libraries/W7500x_StdPeriph_Driver/src/w7500x_wztoe.o
LOAD ./Libraries/CMSIS/Device/WIZnet/W7500/Source/system_w7500x.o
START GROUP
LOAD c:/program files (x86)/gnu tools arm embedded/4.8 2014q1/bin/../lib/gcc/arm-none-eabi/4.8.3/armv6-m\libgcc.a
LOAD c:/program files (x86)/gnu tools arm embedded/4.8 2014q1/bin/../lib/gcc/arm-none-eabi/4.8.3/../../../../arm-none-eabi/lib/armv6-m\libg_s.a
LOAD c:/program files (x86)/gnu tools arm embedded/4.8 2014q1/bin/../lib/gcc/arm-none-eabi/4.8.3/../../../../arm-none-eabi/lib/armv6-m\libc_s.a
END GROUP
START GROUP
LOAD c:/program files (x86)/gnu tools arm embedded/4.8 2014q1/bin/../lib/gcc/arm-none-eabi/4.8.3/armv6-m\libgcc.a
LOAD c:/program files (x86)/gnu tools arm embedded/4.8 2014q1/bin/../lib/gcc/arm-none-eabi/4.8.3/../../../../arm-none-eabi/lib/armv6-m\libc_s.a
END GROUP
                0x20004000                __stack = (ORIGIN (RAM) + 0x4000)
                0x20004000                _estack = __stack
                0x00000900                __Main_Stack_Size = 0x900
                0x00000900                PROVIDE (_Main_Stack_Size, __Main_Stack_Size)
                0x20003700                __Main_Stack_Limit = (__stack - __Main_Stack_Size)
                0x20003700                PROVIDE (_Main_Stack_Limit, __Main_Stack_Limit)
                0x00000100                _Minimum_Stack_Size = 0x100
                0x2000176c                PROVIDE (_Heap_Begin, _end_noinit)
                0x20003700                PROVIDE (_Heap_Limit, (__stack - __Main_Stack_Size))

.isr_vector     0x00008000      0x17c
                0x00008000                . = ALIGN (0x4)
 *(.isr_vector)
 .isr_vector    0x00008000       0xa8 ./Libraries/startup/vectors_W7500x.o
                0x00008000                __isr_vectors
 *(.cfmconfig)
 *(.after_vectors .after_vectors.*)
 .after_vectors
                0x000080a8       0xbc ./Libraries/startup/_startup.o
                0x000080a8                _start
 .after_vectors
                0x00008164       0x18 ./Libraries/startup/exception_handlers.o
                0x00008164                Reset_Handler
                0x0000817c                . = ALIGN (0x4)

.inits          0x0000817c        0x0
                0x0000817c                . = ALIGN (0x4)
 *(.init)
 *(.fini)
                0x0000817c                . = ALIGN (0x4)
                0x0000817c                PROVIDE (__preinit_array_start, .)
 *(.preinit_array_sysinit .preinit_array_sysinit.*)
 *(.preinit_array_platform .preinit_array_platform.*)
 *(.preinit_array .preinit_array.*)
                0x0000817c                PROVIDE (__preinit_array_end, .)
                0x0000817c                . = ALIGN (0x4)
                0x0000817c                PROVIDE (__init_array_start, .)
 *(SORT(.init_array.*))
 *(.init_array)
                0x0000817c                PROVIDE (__init_array_end, .)
                0x0000817c                . = ALIGN (0x4)
                0x0000817c                PROVIDE (__fini_array_start, .)
 *(SORT(.fini_array.*))
 *(.fini_array)
                0x0000817c                PROVIDE (__fini_array_end, .)
                0x0000817c                . = ALIGN (0x4)

.flashtext      0x0000817c        0x0
                0x0000817c                . = ALIGN (0x4)
 *(.flashtext .flashtext.*)
                0x0000817c                . = ALIGN (0x4)

.text           0x0000817c     0xad10
                0x0000817c                . = ALIGN (0x4)
 *(.text .text.*)
 .text.ProcessRemoteIoSockClose
                0x0000817c       0xac ./src/RemoteIO/remote_io.o
 .text.ProcessRemoteIoSockInit
                0x00008228       0x8c ./src/RemoteIO/remote_io.o
 .text.ProcessRemoteIoSockListen
                0x000082b4       0x34 ./src/RemoteIO/remote_io.o
 .text.ProcessRemoteIoSockClosewait
                0x000082e8       0x48 ./src/RemoteIO/remote_io.o
 .text.DataSubscribe
                0x00008330      0x2d0 ./src/RemoteIO/remote_io.o
 .text.ProcessSockIO
                0x00008600      0x3d4 ./src/RemoteIO/remote_io.o
 .text.ProcessModbusIO
                0x000089d4      0x114 ./src/RemoteIO/remote_io.o
 .text.ProcessRemoteIoEstablished
                0x00008ae8      0x164 ./src/RemoteIO/remote_io.o
 .text.ProcessRemoteIoSockUdp
                0x00008c4c       0x38 ./src/RemoteIO/remote_io.o
 .text.RunRemoteIO
                0x00008c84       0xd4 ./src/RemoteIO/remote_io.o
                0x00008c84                RunRemoteIO
 .text.DelaySwitch
                0x00008d58       0x2c ./src/PlatformHandler/analog_handler.o
 .text.DeselectMCP320x
                0x00008d84       0x10 ./src/PlatformHandler/analog_handler.o
 .text.SelectMCP320x
                0x00008d94       0x10 ./src/PlatformHandler/analog_handler.o
 .text.Transfer8
                0x00008da4       0x14 ./src/PlatformHandler/analog_handler.o
 .text.InitMCP320xSpiInterface
                0x00008db8       0x88 ./src/PlatformHandler/analog_handler.o
                0x00008db8                InitMCP320xSpiInterface
 .text.InitMCP320xType
                0x00008e40       0x54 ./src/PlatformHandler/analog_handler.o
                0x00008e40                InitMCP320xType
 .text.ReadMCP320x
                0x00008e94       0x84 ./src/PlatformHandler/analog_handler.o
                0x00008e94                ReadMCP320x
 .text.InitAnalogInFilterValue
                0x00008f18       0xd0 ./src/PlatformHandler/analog_handler.o
                0x00008f18                InitAnalogInFilterValue
 .text.UpdateAnalogInValue
                0x00008fe8       0xc4 ./src/PlatformHandler/analog_handler.o
                0x00008fe8                UpdateAnalogInValue
 .text.InitDigitalInWithGpio
                0x000090ac       0x38 ./src/PlatformHandler/digital_handler.o
                0x000090ac                InitDigitalInWithGpio
 .text.InitDigitalInWithPwm
                0x000090e4       0xb0 ./src/PlatformHandler/digital_handler.o
                0x000090e4                InitDigitalInWithPwm
 .text.InitDigitalIn
                0x00009194       0x34 ./src/PlatformHandler/digital_handler.o
                0x00009194                InitDigitalIn
 .text.GetDigitalInCounter
                0x000091c8       0x14 ./src/PlatformHandler/digital_handler.o
                0x000091c8                GetDigitalInCounter
 .text.GetDigitalInFrequency
                0x000091dc       0x14 ./src/PlatformHandler/digital_handler.o
                0x000091dc                GetDigitalInFrequency
 .text.GetDigitalInStatus
                0x000091f0       0x24 ./src/PlatformHandler/digital_handler.o
                0x000091f0                GetDigitalInStatus
 .text.UpdateDigitalInValue
                0x00009214       0xd8 ./src/PlatformHandler/digital_handler.o
                0x00009214                UpdateDigitalInValue
 .text.InitDigitalOutWithGpio
                0x000092ec       0x44 ./src/PlatformHandler/digital_handler.o
                0x000092ec                InitDigitalOutWithGpio
 .text.InitDigitalOutWithPwm
                0x00009330       0x64 ./src/PlatformHandler/digital_handler.o
                0x00009330                InitDigitalOutWithPwm
 .text.SetDigitalOutHigh
                0x00009394       0x20 ./src/PlatformHandler/digital_handler.o
                0x00009394                SetDigitalOutHigh
 .text.SetDigitalOutLow
                0x000093b4       0x20 ./src/PlatformHandler/digital_handler.o
                0x000093b4                SetDigitalOutLow
 .text.InitDigitalOut
                0x000093d4       0x64 ./src/PlatformHandler/digital_handler.o
                0x000093d4                InitDigitalOut
 .text.GetDigitalOutStatus
                0x00009438       0x20 ./src/PlatformHandler/digital_handler.o
                0x00009438                GetDigitalOutStatus
 .text.UpdateDigitalOutValue
                0x00009458       0x50 ./src/PlatformHandler/digital_handler.o
                0x00009458                UpdateDigitalOutValue
 .text.PwmIRQHandler
                0x000094a8      0x10c ./src/PlatformHandler/digital_handler.o
                0x000094a8                PwmIRQHandler
 .text.erase_flash_page
                0x000095b4       0x14 ./src/PlatformHandler/flash_handler.o
                0x000095b4                erase_flash_page
 .text.write_flash
                0x000095c8       0x1c ./src/PlatformHandler/flash_handler.o
                0x000095c8                write_flash
 .text.read_flash
                0x000095e4       0x14 ./src/PlatformHandler/flash_handler.o
                0x000095e4                read_flash
 .text.InitLed  0x000095f8       0x3c ./src/PlatformHandler/gpio_handler.o
                0x000095f8                InitLed
 .text.OnLed    0x00009634       0x20 ./src/PlatformHandler/gpio_handler.o
                0x00009634                OnLed
 .text.OffLed   0x00009654       0x20 ./src/PlatformHandler/gpio_handler.o
                0x00009654                OffLed
 .text.ToggleLed
                0x00009674       0x1c ./src/PlatformHandler/gpio_handler.o
                0x00009674                ToggleLed
 .text.InitBuzzerPin
                0x00009690       0x28 ./src/PlatformHandler/gpio_handler.o
                0x00009690                InitBuzzerPin
 .text.OnBuzzer
                0x000096b8       0x10 ./src/PlatformHandler/gpio_handler.o
                0x000096b8                OnBuzzer
 .text.OffBuzzer
                0x000096c8       0x10 ./src/PlatformHandler/gpio_handler.o
                0x000096c8                OffBuzzer
 .text.ToggleBuzzer
                0x000096d8       0x10 ./src/PlatformHandler/gpio_handler.o
                0x000096d8                ToggleBuzzer
 .text.read_storage
                0x000096e8       0x18 ./src/PlatformHandler/storage_handler.o
                0x000096e8                read_storage
 .text.write_storage
                0x00009700       0x30 ./src/PlatformHandler/storage_handler.o
                0x00009700                write_storage
 .text.Timer0IRQHandler
                0x00009730      0x13c ./src/PlatformHandler/timer_handler.o
                0x00009730                Timer0IRQHandler
 .text.Timer1IRQHandler
                0x0000986c      0x170 ./src/PlatformHandler/timer_handler.o
                0x0000986c                Timer1IRQHandler
 .text.ConfigurationTimer0
                0x000099dc       0x48 ./src/PlatformHandler/timer_handler.o
                0x000099dc                ConfigurationTimer0
 .text.ConfigurationTimer1
                0x00009a24       0x48 ./src/PlatformHandler/timer_handler.o
                0x00009a24                ConfigurationTimer1
 .text.delay_cnt
                0x00009a6c       0x14 ./src/PlatformHandler/timer_handler.o
                0x00009a6c                delay_cnt
 .text.delay_ms
                0x00009a80       0x2c ./src/PlatformHandler/timer_handler.o
                0x00009a80                delay_ms
 .text.SetFuctionType
                0x00009aac       0x44 ./src/Modbus/modbus.o
 .text.ConvertByteToWord
                0x00009af0        0x8 ./src/Modbus/modbus.o
 .text.ReadCoilFunction
                0x00009af8      0x1c4 ./src/Modbus/modbus.o
 .text.ReadInputRegisterFunction
                0x00009cbc      0x2c0 ./src/Modbus/modbus.o
 .text.WriteCoilFunction
                0x00009f7c       0xfc ./src/Modbus/modbus.o
 .text.WriteMultipleCoilFunction
                0x0000a078      0x158 ./src/Modbus/modbus.o
 .text.WriteRegisterFunction
                0x0000a1d0      0x1f8 ./src/Modbus/modbus.o
 .text.WriteMultipleRegisterFunction
                0x0000a3c8      0x2d0 ./src/Modbus/modbus.o
 .text.ModbusSlave
                0x0000a698       0x70 ./src/Modbus/modbus.o
                0x0000a698                ModbusSlave
 .text.GetWIZIOPacketPointer
                0x0000a708        0x8 ./src/Configuration/config_data.o
                0x0000a708                GetWIZIOPacketPointer
 .text.SetWIZIOPacketToFactoryValue
                0x0000a710      0x1d0 ./src/Configuration/config_data.o
                0x0000a710                SetWIZIOPacketToFactoryValue
 .text.LoadWIZIOPacketFromStorage
                0x0000a8e0       0x40 ./src/Configuration/config_data.o
                0x0000a8e0                LoadWIZIOPacketFromStorage
 .text.SaveWIZIOPacketToStorage
                0x0000a920       0x20 ./src/Configuration/config_data.o
                0x0000a920                SaveWIZIOPacketToStorage
 .text.GetWIZIOPacketValue
                0x0000a940        0x8 ./src/Configuration/config_data.o
                0x0000a940                GetWIZIOPacketValue
 .text.SetWIZIOPacketValue
                0x0000a948        0x8 ./src/Configuration/config_data.o
                0x0000a948                SetWIZIOPacketValue
 .text.DisplayNetInfo
                0x0000a950       0x80 ./src/Configuration/config_data.o
                0x0000a950                DisplayNetInfo
 .text.ConfigurationMac
                0x0000a9d0       0x54 ./src/Configuration/config_data.o
                0x0000a9d0                ConfigurationMac
 .text.ConfigurationNet
                0x0000aa24       0x70 ./src/Configuration/config_data.o
                0x0000aa24                ConfigurationNet
 .text.NVIC_SystemReset
                0x0000aa94       0x18 ./src/Configuration/config_message.o
 .text.Encrypt  0x0000aaac       0x18 ./src/Configuration/config_message.o
 .text.Decrypt  0x0000aac4       0x18 ./src/Configuration/config_message.o
 .text.ProcessGetInfo
                0x0000aadc       0xf4 ./src/Configuration/config_message.o
 .text.ProcessDiscovery
                0x0000abd0      0x244 ./src/Configuration/config_message.o
 .text.ProcessLocate
                0x0000ae14       0xf8 ./src/Configuration/config_message.o
 .text.ProcessSetInfo
                0x0000af0c      0x134 ./src/Configuration/config_message.o
 .text.ProcessRemoteReset
                0x0000b040       0xf8 ./src/Configuration/config_message.o
 .text.ProcessFirmwareUploadInit
                0x0000b138      0x17c ./src/Configuration/config_message.o
 .text.ProcessFactoryReset
                0x0000b2b4      0x100 ./src/Configuration/config_message.o
 .text.ProcessClear
                0x0000b3b4      0x124 ./src/Configuration/config_message.o
 .text.RunUdpConfig
                0x0000b4d8       0xf4 ./src/Configuration/config_message.o
                0x0000b4d8                RunUdpConfig
 .text.dhcp_assign
                0x0000b5cc       0x90 ./src/Callback/dhcp_cb.o
                0x0000b5cc                dhcp_assign
 .text.dhcp_conflict
                0x0000b65c        0x4 ./src/Callback/dhcp_cb.o
                0x0000b65c                dhcp_conflict
 .text.main     0x0000b660      0x2d4 ./src/main.o
                0x0000b660                main
 .text.TimingDelay_Decrement
                0x0000b934       0x18 ./src/main.o
                0x0000b934                TimingDelay_Decrement
 .text.assert_failed
                0x0000b94c       0x14 ./src/main.o
                0x0000b94c                assert_failed
 .text.S_UartPutc
                0x0000b960        0xc ./src/retarget.o
                0x0000b960                S_UartPutc
 .text._write   0x0000b96c       0x1c ./src/retarget.o
                0x0000b96c                _write
 .text.NMI_Handler
                0x0000b988        0x4 ./src/w7500x_it.o
                0x0000b988                NMI_Handler
 .text.HardFault_Handler
                0x0000b98c       0x10 ./src/w7500x_it.o
                0x0000b98c                HardFault_Handler
 .text.SVC_Handler
                0x0000b99c        0x4 ./src/w7500x_it.o
                0x0000b99c                SVC_Handler
 .text.PendSV_Handler
                0x0000b9a0        0x4 ./src/w7500x_it.o
                0x0000b9a0                PendSV_Handler
 .text.SysTick_Handler
                0x0000b9a4        0x8 ./src/w7500x_it.o
                0x0000b9a4                SysTick_Handler
 .text.SSP0_Handler
                0x0000b9ac        0x4 ./src/w7500x_it.o
                0x0000b9ac                SSP0_Handler
 .text.SSP1_Handler
                0x0000b9b0        0x4 ./src/w7500x_it.o
                0x0000b9b0                SSP1_Handler
 .text.UART0_Handler
                0x0000b9b4        0x4 ./src/w7500x_it.o
                0x0000b9b4                UART0_Handler
 .text.UART1_Handler
                0x0000b9b8        0x4 ./src/w7500x_it.o
                0x0000b9b8                UART1_Handler
 .text.UART2_Handler
                0x0000b9bc        0x4 ./src/w7500x_it.o
                0x0000b9bc                UART2_Handler
 .text.PORT0_Handler
                0x0000b9c0        0x4 ./src/w7500x_it.o
                0x0000b9c0                PORT0_Handler
 .text.PORT1_Handler
                0x0000b9c4        0x4 ./src/w7500x_it.o
                0x0000b9c4                PORT1_Handler
 .text.PORT2_Handler
                0x0000b9c8        0x4 ./src/w7500x_it.o
                0x0000b9c8                PORT2_Handler
 .text.PORT3_Handler
                0x0000b9cc        0x4 ./src/w7500x_it.o
                0x0000b9cc                PORT3_Handler
 .text.DMA_Handler
                0x0000b9d0        0x4 ./src/w7500x_it.o
                0x0000b9d0                DMA_Handler
 .text.DUALTIMER0_Handler
                0x0000b9d4        0x8 ./src/w7500x_it.o
                0x0000b9d4                DUALTIMER0_Handler
 .text.DUALTIMER1_Handler
                0x0000b9dc        0x8 ./src/w7500x_it.o
                0x0000b9dc                DUALTIMER1_Handler
 .text.PWM0_Handler
                0x0000b9e4        0x4 ./src/w7500x_it.o
                0x0000b9e4                PWM0_Handler
 .text.PWM1_Handler
                0x0000b9e8        0x4 ./src/w7500x_it.o
                0x0000b9e8                PWM1_Handler
 .text.PWM2_Handler
                0x0000b9ec        0xc ./src/w7500x_it.o
                0x0000b9ec                PWM2_Handler
 .text.PWM3_Handler
                0x0000b9f8        0xc ./src/w7500x_it.o
                0x0000b9f8                PWM3_Handler
 .text.PWM4_Handler
                0x0000ba04        0x4 ./src/w7500x_it.o
                0x0000ba04                PWM4_Handler
 .text.PWM5_Handler
                0x0000ba08        0x4 ./src/w7500x_it.o
                0x0000ba08                PWM5_Handler
 .text.PWM6_Handler
                0x0000ba0c        0x4 ./src/w7500x_it.o
                0x0000ba0c                PWM6_Handler
 .text.PWM7_Handler
                0x0000ba10        0x4 ./src/w7500x_it.o
                0x0000ba10                PWM7_Handler
 .text.RTC_Handler
                0x0000ba14        0x4 ./src/w7500x_it.o
                0x0000ba14                RTC_Handler
 .text.ADC_Handler
                0x0000ba18        0x4 ./src/w7500x_it.o
                0x0000ba18                ADC_Handler
 .text.WZTOE_Handler
                0x0000ba1c        0x4 ./src/w7500x_it.o
                0x0000ba1c                WZTOE_Handler
 .text.EXTI_Handler
                0x0000ba20        0x4 ./src/w7500x_it.o
                0x0000ba20                EXTI_Handler
 .text._exit    0x0000ba24        0x8 ./Libraries/startup/_exit.o
                0x0000ba24                _exit
 .text.__initialize_hardware
                0x0000ba2c        0x8 ./Libraries/startup/_initialize_hardware.o
                0x0000ba2c                __initialize_hardware
 .text.__reset_hardware
                0x0000ba34       0x18 ./Libraries/startup/_reset_hardware.o
                0x0000ba34                __reset_hardware
 .text._sbrk    0x0000ba4c       0x44 ./Libraries/startup/_sbrk.o
                0x0000ba4c                _sbrk
 .text.__initialize_args
                0x0000ba90       0x10 ./Libraries/startup/_syscalls.o
                0x0000ba90                __initialize_args
 .text._close   0x0000baa0       0x10 ./Libraries/startup/_syscalls.o
                0x0000baa0                _close
 .text._fstat   0x0000bab0       0x10 ./Libraries/startup/_syscalls.o
                0x0000bab0                _fstat
 .text._isatty  0x0000bac0       0x10 ./Libraries/startup/_syscalls.o
                0x0000bac0                _isatty
 .text._lseek   0x0000bad0       0x10 ./Libraries/startup/_syscalls.o
                0x0000bad0                _lseek
 .text._read    0x0000bae0       0x10 ./Libraries/startup/_syscalls.o
                0x0000bae0                _read
 .text.MQTTSerialize_connectLength
                0x0000baf0       0x80 ./Libraries/ioLibrary/Internet/MQTT/MQTTPacket/src/MQTTConnectClient.o
                0x0000baf0                MQTTSerialize_connectLength
 .text.MQTTSerialize_connect
                0x0000bb70      0x11c ./Libraries/ioLibrary/Internet/MQTT/MQTTPacket/src/MQTTConnectClient.o
                0x0000bb70                MQTTSerialize_connect
 .text.MQTTDeserialize_connack
                0x0000bc8c       0x48 ./Libraries/ioLibrary/Internet/MQTT/MQTTPacket/src/MQTTConnectClient.o
                0x0000bc8c                MQTTDeserialize_connack
 .text.MQTTSerialize_zero
                0x0000bcd4       0x34 ./Libraries/ioLibrary/Internet/MQTT/MQTTPacket/src/MQTTConnectClient.o
                0x0000bcd4                MQTTSerialize_zero
 .text.MQTTSerialize_disconnect
                0x0000bd08        0xc ./Libraries/ioLibrary/Internet/MQTT/MQTTPacket/src/MQTTConnectClient.o
                0x0000bd08                MQTTSerialize_disconnect
 .text.MQTTSerialize_pingreq
                0x0000bd14        0xc ./Libraries/ioLibrary/Internet/MQTT/MQTTPacket/src/MQTTConnectClient.o
                0x0000bd14                MQTTSerialize_pingreq
 .text.MQTTDeserialize_publish
                0x0000bd20       0x98 ./Libraries/ioLibrary/Internet/MQTT/MQTTPacket/src/MQTTDeserializePublish.o
                0x0000bd20                MQTTDeserialize_publish
 .text.MQTTDeserialize_ack
                0x0000bdb8       0x40 ./Libraries/ioLibrary/Internet/MQTT/MQTTPacket/src/MQTTDeserializePublish.o
                0x0000bdb8                MQTTDeserialize_ack
 .text.bufchar  0x0000bdf8       0x20 ./Libraries/ioLibrary/Internet/MQTT/MQTTPacket/src/MQTTPacket.o
                0x0000bdf8                bufchar
 .text.MQTTPacket_encode
                0x0000be18       0x34 ./Libraries/ioLibrary/Internet/MQTT/MQTTPacket/src/MQTTPacket.o
                0x0000be18                MQTTPacket_encode
 .text.MQTTPacket_decode
                0x0000be4c       0x50 ./Libraries/ioLibrary/Internet/MQTT/MQTTPacket/src/MQTTPacket.o
                0x0000be4c                MQTTPacket_decode
 .text.MQTTPacket_len
                0x0000be9c       0x28 ./Libraries/ioLibrary/Internet/MQTT/MQTTPacket/src/MQTTPacket.o
                0x0000be9c                MQTTPacket_len
 .text.MQTTPacket_decodeBuf
                0x0000bec4       0x18 ./Libraries/ioLibrary/Internet/MQTT/MQTTPacket/src/MQTTPacket.o
                0x0000bec4                MQTTPacket_decodeBuf
 .text.readInt  0x0000bedc       0x14 ./Libraries/ioLibrary/Internet/MQTT/MQTTPacket/src/MQTTPacket.o
                0x0000bedc                readInt
 .text.readChar
                0x0000bef0        0xc ./Libraries/ioLibrary/Internet/MQTT/MQTTPacket/src/MQTTPacket.o
                0x0000bef0                readChar
 .text.writeChar
                0x0000befc        0xc ./Libraries/ioLibrary/Internet/MQTT/MQTTPacket/src/MQTTPacket.o
                0x0000befc                writeChar
 .text.writeInt
                0x0000bf08       0x24 ./Libraries/ioLibrary/Internet/MQTT/MQTTPacket/src/MQTTPacket.o
                0x0000bf08                writeInt
 .text.writeCString
                0x0000bf2c       0x28 ./Libraries/ioLibrary/Internet/MQTT/MQTTPacket/src/MQTTPacket.o
                0x0000bf2c                writeCString
 .text.writeMQTTString
                0x0000bf54       0x3c ./Libraries/ioLibrary/Internet/MQTT/MQTTPacket/src/MQTTPacket.o
                0x0000bf54                writeMQTTString
 .text.readMQTTLenString
                0x0000bf90       0x38 ./Libraries/ioLibrary/Internet/MQTT/MQTTPacket/src/MQTTPacket.o
                0x0000bf90                readMQTTLenString
 .text.MQTTstrlen
                0x0000bfc8       0x18 ./Libraries/ioLibrary/Internet/MQTT/MQTTPacket/src/MQTTPacket.o
                0x0000bfc8                MQTTstrlen
 .text.MQTTPacket_equals
                0x0000bfe0       0x38 ./Libraries/ioLibrary/Internet/MQTT/MQTTPacket/src/MQTTPacket.o
                0x0000bfe0                MQTTPacket_equals
 .text.MQTTSerialize_publishLength
                0x0000c018       0x20 ./Libraries/ioLibrary/Internet/MQTT/MQTTPacket/src/MQTTSerializePublish.o
                0x0000c018                MQTTSerialize_publishLength
 .text.MQTTSerialize_publish
                0x0000c038       0xa8 ./Libraries/ioLibrary/Internet/MQTT/MQTTPacket/src/MQTTSerializePublish.o
                0x0000c038                MQTTSerialize_publish
 .text.MQTTSerialize_ack
                0x0000c0e0       0x54 ./Libraries/ioLibrary/Internet/MQTT/MQTTPacket/src/MQTTSerializePublish.o
                0x0000c0e0                MQTTSerialize_ack
 .text.MQTTSerialize_subscribeLength
                0x0000c134       0x2c ./Libraries/ioLibrary/Internet/MQTT/MQTTPacket/src/MQTTSubscribeClient.o
                0x0000c134                MQTTSerialize_subscribeLength
 .text.MQTTSerialize_subscribe
                0x0000c160       0x9c ./Libraries/ioLibrary/Internet/MQTT/MQTTPacket/src/MQTTSubscribeClient.o
                0x0000c160                MQTTSerialize_subscribe
 .text.MQTTDeserialize_suback
                0x0000c1fc       0x7c ./Libraries/ioLibrary/Internet/MQTT/MQTTPacket/src/MQTTSubscribeClient.o
                0x0000c1fc                MQTTDeserialize_suback
 .text.NewMessageData
                0x0000c278        0x8 ./Libraries/ioLibrary/Internet/MQTT/MQTTClient.o
 .text.getNextPacketId
                0x0000c280       0x18 ./Libraries/ioLibrary/Internet/MQTT/MQTTClient.o
 .text.decodePacket
                0x0000c298       0x60 ./Libraries/ioLibrary/Internet/MQTT/MQTTClient.o
 .text.isTopicMatched
                0x0000c2f8       0x64 ./Libraries/ioLibrary/Internet/MQTT/MQTTClient.o
 .text.sendPacket
                0x0000c35c       0x64 ./Libraries/ioLibrary/Internet/MQTT/MQTTClient.o
 .text.readPacket
                0x0000c3c0       0x90 ./Libraries/ioLibrary/Internet/MQTT/MQTTClient.o
 .text.MQTTClientInit
                0x0000c450       0x3c ./Libraries/ioLibrary/Internet/MQTT/MQTTClient.o
                0x0000c450                MQTTClientInit
 .text.deliverMessage
                0x0000c48c       0x94 ./Libraries/ioLibrary/Internet/MQTT/MQTTClient.o
                0x0000c48c                deliverMessage
 .text.keepalive
                0x0000c520       0x64 ./Libraries/ioLibrary/Internet/MQTT/MQTTClient.o
                0x0000c520                keepalive
 .text.cycle    0x0000c584      0x118 ./Libraries/ioLibrary/Internet/MQTT/MQTTClient.o
                0x0000c584                cycle
 .text.MQTTYield
                0x0000c69c       0x38 ./Libraries/ioLibrary/Internet/MQTT/MQTTClient.o
                0x0000c69c                MQTTYield
 .text.waitfor  0x0000c6d4       0x28 ./Libraries/ioLibrary/Internet/MQTT/MQTTClient.o
                0x0000c6d4                waitfor
 .text.MQTTConnect
                0x0000c6fc       0xa8 ./Libraries/ioLibrary/Internet/MQTT/MQTTClient.o
                0x0000c6fc                MQTTConnect
 .text.MQTTSubscribe
                0x0000c7a4       0xe0 ./Libraries/ioLibrary/Internet/MQTT/MQTTClient.o
                0x0000c7a4                MQTTSubscribe
 .text.MQTTPublish
                0x0000c884       0xf0 ./Libraries/ioLibrary/Internet/MQTT/MQTTClient.o
                0x0000c884                MQTTPublish
 .text.MQTTDisconnect
                0x0000c974       0x38 ./Libraries/ioLibrary/Internet/MQTT/MQTTClient.o
                0x0000c974                MQTTDisconnect
 .text.wizchip_read
                0x0000c9ac       0x3c ./Libraries/ioLibrary/Internet/MQTT/mqtt_interface.o
                0x0000c9ac                wizchip_read
 .text.wizchip_write
                0x0000c9e8       0x2c ./Libraries/ioLibrary/Internet/MQTT/mqtt_interface.o
                0x0000c9e8                wizchip_write
 .text.wizchip_disconnect
                0x0000ca14        0xc ./Libraries/ioLibrary/Internet/MQTT/mqtt_interface.o
                0x0000ca14                wizchip_disconnect
 .text.MilliTimer_Handler
                0x0000ca20       0x10 ./Libraries/ioLibrary/Internet/MQTT/mqtt_interface.o
                0x0000ca20                MilliTimer_Handler
 .text.TimerInit
                0x0000ca30        0x8 ./Libraries/ioLibrary/Internet/MQTT/mqtt_interface.o
                0x0000ca30                TimerInit
 .text.TimerIsExpired
                0x0000ca38       0x10 ./Libraries/ioLibrary/Internet/MQTT/mqtt_interface.o
                0x0000ca38                TimerIsExpired
 .text.TimerCountdownMS
                0x0000ca48       0x10 ./Libraries/ioLibrary/Internet/MQTT/mqtt_interface.o
                0x0000ca48                TimerCountdownMS
 .text.TimerCountdown
                0x0000ca58       0x14 ./Libraries/ioLibrary/Internet/MQTT/mqtt_interface.o
                0x0000ca58                TimerCountdown
 .text.TimerLeftMS
                0x0000ca6c       0x14 ./Libraries/ioLibrary/Internet/MQTT/mqtt_interface.o
                0x0000ca6c                TimerLeftMS
 .text.NewNetwork
                0x0000ca80       0x1c ./Libraries/ioLibrary/Internet/MQTT/mqtt_interface.o
                0x0000ca80                NewNetwork
 .text.InitNetwork
                0x0000ca9c       0x14 ./Libraries/ioLibrary/Internet/MQTT/mqtt_interface.o
                0x0000ca9c                InitNetwork
 .text.ConnectNetwork
                0x0000cab0        0xc ./Libraries/ioLibrary/Internet/MQTT/mqtt_interface.o
                0x0000cab0                ConnectNetwork
 .text.get16    0x0000cabc        0xc ./Libraries/ioLibrary/Internet/DNS/dns.o
                0x0000cabc                get16
 .text.put16    0x0000cac8        0xc ./Libraries/ioLibrary/Internet/DNS/dns.o
                0x0000cac8                put16
 .text.parse_name
                0x0000cad4       0xb0 ./Libraries/ioLibrary/Internet/DNS/dns.o
                0x0000cad4                parse_name
 .text.dns_question
                0x0000cb84       0x20 ./Libraries/ioLibrary/Internet/DNS/dns.o
                0x0000cb84                dns_question
 .text.dns_answer
                0x0000cba4       0xc4 ./Libraries/ioLibrary/Internet/DNS/dns.o
                0x0000cba4                dns_answer
 .text.parseDNSMSG
                0x0000cc68       0xdc ./Libraries/ioLibrary/Internet/DNS/dns.o
                0x0000cc68                parseDNSMSG
 .text.dns_makequery
                0x0000cd44       0xcc ./Libraries/ioLibrary/Internet/DNS/dns.o
                0x0000cd44                dns_makequery
 .text.check_DNS_timeout
                0x0000ce10       0x34 ./Libraries/ioLibrary/Internet/DNS/dns.o
                0x0000ce10                check_DNS_timeout
 .text.DNS_init
                0x0000ce44       0x20 ./Libraries/ioLibrary/Internet/DNS/dns.o
                0x0000ce44                DNS_init
 .text.DNS_run  0x0000ce64       0xbc ./Libraries/ioLibrary/Internet/DNS/dns.o
                0x0000ce64                DNS_run
 .text.DNS_time_handler
                0x0000cf20       0x10 ./Libraries/ioLibrary/Internet/DNS/dns.o
                0x0000cf20                DNS_time_handler
 .text.default_ip_assign
                0x0000cf30       0xa8 ./Libraries/ioLibrary/Internet/DHCP/dhcp.o
                0x0000cf30                default_ip_assign
 .text.default_ip_update
                0x0000cfd8       0x6c ./Libraries/ioLibrary/Internet/DHCP/dhcp.o
                0x0000cfd8                default_ip_update
 .text.default_ip_conflict
                0x0000d044       0x68 ./Libraries/ioLibrary/Internet/DHCP/dhcp.o
                0x0000d044                default_ip_conflict
 .text.reg_dhcp_cbfunc
                0x0000d0ac       0x48 ./Libraries/ioLibrary/Internet/DHCP/dhcp.o
                0x0000d0ac                reg_dhcp_cbfunc
 .text.makeDHCPMSG
                0x0000d0f4       0xd8 ./Libraries/ioLibrary/Internet/DHCP/dhcp.o
                0x0000d0f4                makeDHCPMSG
 .text.send_DHCP_DISCOVER
                0x0000d1cc      0x168 ./Libraries/ioLibrary/Internet/DHCP/dhcp.o
                0x0000d1cc                send_DHCP_DISCOVER
 .text.send_DHCP_REQUEST
                0x0000d334      0x224 ./Libraries/ioLibrary/Internet/DHCP/dhcp.o
                0x0000d334                send_DHCP_REQUEST
 .text.send_DHCP_DECLINE
                0x0000d558      0x104 ./Libraries/ioLibrary/Internet/DHCP/dhcp.o
                0x0000d558                send_DHCP_DECLINE
 .text.parseDHCPMSG
                0x0000d65c      0x19c ./Libraries/ioLibrary/Internet/DHCP/dhcp.o
                0x0000d65c                parseDHCPMSG
 .text.check_DHCP_leasedIP
                0x0000d7f8       0x6c ./Libraries/ioLibrary/Internet/DHCP/dhcp.o
                0x0000d7f8                check_DHCP_leasedIP
 .text.reset_DHCP_timeout
                0x0000d864       0x20 ./Libraries/ioLibrary/Internet/DHCP/dhcp.o
                0x0000d864                reset_DHCP_timeout
 .text.check_DHCP_timeout
                0x0000d884       0x98 ./Libraries/ioLibrary/Internet/DHCP/dhcp.o
                0x0000d884                check_DHCP_timeout
 .text.DHCP_run
                0x0000d91c      0x1d0 ./Libraries/ioLibrary/Internet/DHCP/dhcp.o
                0x0000d91c                DHCP_run
 .text.DHCP_init
                0x0000daec      0x17c ./Libraries/ioLibrary/Internet/DHCP/dhcp.o
                0x0000daec                DHCP_init
 .text.DHCP_time_handler
                0x0000dc68       0x10 ./Libraries/ioLibrary/Internet/DHCP/dhcp.o
                0x0000dc68                DHCP_time_handler
 .text.getIPfromDHCP
                0x0000dc78       0x18 ./Libraries/ioLibrary/Internet/DHCP/dhcp.o
                0x0000dc78                getIPfromDHCP
 .text.getGWfromDHCP
                0x0000dc90       0x18 ./Libraries/ioLibrary/Internet/DHCP/dhcp.o
                0x0000dc90                getGWfromDHCP
 .text.getSNfromDHCP
                0x0000dca8       0x18 ./Libraries/ioLibrary/Internet/DHCP/dhcp.o
                0x0000dca8                getSNfromDHCP
 .text.getDNSfromDHCP
                0x0000dcc0       0x18 ./Libraries/ioLibrary/Internet/DHCP/dhcp.o
                0x0000dcc0                getDNSfromDHCP
 .text.close    0x0000dcd8       0x74 ./Libraries/ioLibrary/Ethernet/socket.o
                0x0000dcd8                close
 .text.socket   0x0000dd4c      0x11c ./Libraries/ioLibrary/Ethernet/socket.o
                0x0000dd4c                socket
 .text.listen   0x0000de68       0x74 ./Libraries/ioLibrary/Ethernet/socket.o
                0x0000de68                listen
 .text.connect  0x0000dedc      0x124 ./Libraries/ioLibrary/Ethernet/socket.o
                0x0000dedc                connect
 .text.disconnect
                0x0000e000       0x9c ./Libraries/ioLibrary/Ethernet/socket.o
                0x0000e000                disconnect
 .text.send     0x0000e09c      0x16c ./Libraries/ioLibrary/Ethernet/socket.o
                0x0000e09c                send
 .text.recv     0x0000e208      0x11c ./Libraries/ioLibrary/Ethernet/socket.o
                0x0000e208                recv
 .text.sendto   0x0000e324      0x1d0 ./Libraries/ioLibrary/Ethernet/socket.o
                0x0000e324                sendto
 .text.recvfrom
                0x0000e4f4      0x214 ./Libraries/ioLibrary/Ethernet/socket.o
                0x0000e4f4                recvfrom
 .text.getsockopt
                0x0000e708      0x174 ./Libraries/ioLibrary/Ethernet/socket.o
                0x0000e708                getsockopt
 .text.wizchip_cris_enter
                0x0000e87c        0x4 ./Libraries/ioLibrary/Ethernet/wizchip_conf.o
                0x0000e87c                wizchip_cris_enter
 .text.wizchip_cris_exit
                0x0000e880        0x4 ./Libraries/ioLibrary/Ethernet/wizchip_conf.o
                0x0000e880                wizchip_cris_exit
 .text.wizchip_cs_select
                0x0000e884        0x4 ./Libraries/ioLibrary/Ethernet/wizchip_conf.o
                0x0000e884                wizchip_cs_select
 .text.wizchip_cs_deselect
                0x0000e888        0x4 ./Libraries/ioLibrary/Ethernet/wizchip_conf.o
                0x0000e888                wizchip_cs_deselect
 .text.wizchip_bus_readbyte
                0x0000e88c        0x8 ./Libraries/ioLibrary/Ethernet/wizchip_conf.o
                0x0000e88c                wizchip_bus_readbyte
 .text.wizchip_bus_writebyte
                0x0000e894        0x4 ./Libraries/ioLibrary/Ethernet/wizchip_conf.o
                0x0000e894                wizchip_bus_writebyte
 .text.wizchip_sw_reset
                0x0000e898      0x1b0 ./Libraries/ioLibrary/Ethernet/wizchip_conf.o
                0x0000e898                wizchip_sw_reset
 .text.wizchip_init
                0x0000ea48       0xa0 ./Libraries/ioLibrary/Ethernet/wizchip_conf.o
                0x0000ea48                wizchip_init
 .text.wizchip_clrinterrupt
                0x0000eae8       0x20 ./Libraries/ioLibrary/Ethernet/wizchip_conf.o
                0x0000eae8                wizchip_clrinterrupt
 .text.wizchip_getinterrupt
                0x0000eb08       0x20 ./Libraries/ioLibrary/Ethernet/wizchip_conf.o
                0x0000eb08                wizchip_getinterrupt
 .text.wizchip_setinterruptmask
                0x0000eb28       0x20 ./Libraries/ioLibrary/Ethernet/wizchip_conf.o
                0x0000eb28                wizchip_setinterruptmask
 .text.wizchip_getinterruptmask
                0x0000eb48       0x20 ./Libraries/ioLibrary/Ethernet/wizchip_conf.o
                0x0000eb48                wizchip_getinterruptmask
 .text.wizphy_getphylink
                0x0000eb68        0x8 ./Libraries/ioLibrary/Ethernet/wizchip_conf.o
                0x0000eb68                wizphy_getphylink
 .text.wizphy_getphypmode
                0x0000eb70        0x8 ./Libraries/ioLibrary/Ethernet/wizchip_conf.o
                0x0000eb70                wizphy_getphypmode
 .text.ctlwizchip
                0x0000eb78       0xb4 ./Libraries/ioLibrary/Ethernet/wizchip_conf.o
                0x0000eb78                ctlwizchip
 .text.wizchip_setnetinfo
                0x0000ec2c      0x100 ./Libraries/ioLibrary/Ethernet/wizchip_conf.o
                0x0000ec2c                wizchip_setnetinfo
 .text.wizchip_getnetinfo
                0x0000ed2c      0x100 ./Libraries/ioLibrary/Ethernet/wizchip_conf.o
                0x0000ed2c                wizchip_getnetinfo
 .text.wizchip_setnetmode
                0x0000ee2c       0x2c ./Libraries/ioLibrary/Ethernet/wizchip_conf.o
                0x0000ee2c                wizchip_setnetmode
 .text.wizchip_getnetmode
                0x0000ee58       0x10 ./Libraries/ioLibrary/Ethernet/wizchip_conf.o
                0x0000ee58                wizchip_getnetmode
 .text.wizchip_settimeout
                0x0000ee68       0x1c ./Libraries/ioLibrary/Ethernet/wizchip_conf.o
                0x0000ee68                wizchip_settimeout
 .text.wizchip_gettimeout
                0x0000ee84       0x1c ./Libraries/ioLibrary/Ethernet/wizchip_conf.o
                0x0000ee84                wizchip_gettimeout
 .text.ctlnetwork
                0x0000eea0       0x54 ./Libraries/ioLibrary/Ethernet/wizchip_conf.o
                0x0000eea0                ctlnetwork
 .text.CRG_PLL_Bypass
                0x0000eef4       0x1c ./Libraries/W7500x_StdPeriph_Driver/src/w7500x_crg.o
                0x0000eef4                CRG_PLL_Bypass
 .text.CRG_PLL_SourceSelect
                0x0000ef10       0x30 ./Libraries/W7500x_StdPeriph_Driver/src/w7500x_crg.o
                0x0000ef10                CRG_PLL_SourceSelect
 .text.DUALTIMER_Cmd
                0x0000ef40       0x68 ./Libraries/W7500x_StdPeriph_Driver/src/w7500x_dualtimer.o
                0x0000ef40                DUALTIMER_Cmd
 .text.DUALTIMER_Init
                0x0000efa8       0xec ./Libraries/W7500x_StdPeriph_Driver/src/w7500x_dualtimer.o
                0x0000efa8                DUALTIMER_Init
 .text.DUALTIMER_ITConfig
                0x0000f094       0x64 ./Libraries/W7500x_StdPeriph_Driver/src/w7500x_dualtimer.o
                0x0000f094                DUALTIMER_ITConfig
 .text.DUALTIMER_GetITStatus
                0x0000f0f8       0x40 ./Libraries/W7500x_StdPeriph_Driver/src/w7500x_dualtimer.o
                0x0000f0f8                DUALTIMER_GetITStatus
 .text.DUALTIMER_ClearIT
                0x0000f138       0x40 ./Libraries/W7500x_StdPeriph_Driver/src/w7500x_dualtimer.o
                0x0000f138                DUALTIMER_ClearIT
 .text.FLASH_IAP
                0x0000f178       0x20 ./Libraries/W7500x_StdPeriph_Driver/src/w7500x_flash.o
                0x0000f178                FLASH_IAP
 .text.GPIO_ReadInputDataBit
                0x0000f198       0xa8 ./Libraries/W7500x_StdPeriph_Driver/src/w7500x_gpio.o
                0x0000f198                GPIO_ReadInputDataBit
 .text.GPIO_ReadOutputDataBit
                0x0000f240       0xa8 ./Libraries/W7500x_StdPeriph_Driver/src/w7500x_gpio.o
                0x0000f240                GPIO_ReadOutputDataBit
 .text.GPIO_SetBits
                0x0000f2e8       0x5c ./Libraries/W7500x_StdPeriph_Driver/src/w7500x_gpio.o
                0x0000f2e8                GPIO_SetBits
 .text.GPIO_ResetBits
                0x0000f344       0x5c ./Libraries/W7500x_StdPeriph_Driver/src/w7500x_gpio.o
                0x0000f344                GPIO_ResetBits
 .text.GPIO_PinAFConfig
                0x0000f3a0       0x9c ./Libraries/W7500x_StdPeriph_Driver/src/w7500x_gpio.o
                0x0000f3a0                GPIO_PinAFConfig
 .text.GPIO_PinPadConfig
                0x0000f43c       0x90 ./Libraries/W7500x_StdPeriph_Driver/src/w7500x_gpio.o
                0x0000f43c                GPIO_PinPadConfig
 .text.GPIO_Read_PinPad
                0x0000f4cc       0x98 ./Libraries/W7500x_StdPeriph_Driver/src/w7500x_gpio.o
                0x0000f4cc                GPIO_Read_PinPad
 .text.GPIO_Init
                0x0000f564      0x144 ./Libraries/W7500x_StdPeriph_Driver/src/w7500x_gpio.o
                0x0000f564                GPIO_Init
 .text.miim_delay
                0x0000f6a8       0x18 ./Libraries/W7500x_StdPeriph_Driver/src/w7500x_miim.o
 .text.MDIO_Out
                0x0000f6c0       0x7c ./Libraries/W7500x_StdPeriph_Driver/src/w7500x_miim.o
 .text.MDIO_Turnaround
                0x0000f73c       0x40 ./Libraries/W7500x_StdPeriph_Driver/src/w7500x_miim.o
 .text.MDIO_Idle
                0x0000f77c       0x38 ./Libraries/W7500x_StdPeriph_Driver/src/w7500x_miim.o
 .text.MDIO_In  0x0000f7b4       0x58 ./Libraries/W7500x_StdPeriph_Driver/src/w7500x_miim.o
 .text.MDIO_GetData
                0x0000f80c       0x3c ./Libraries/W7500x_StdPeriph_Driver/src/w7500x_miim.o
 .text.PHY_GetId
                0x0000f848       0x34 ./Libraries/W7500x_StdPeriph_Driver/src/w7500x_miim.o
 .text.PHY_Init
                0x0000f87c       0x60 ./Libraries/W7500x_StdPeriph_Driver/src/w7500x_miim.o
                0x0000f87c                PHY_Init
 .text.PHY_GetLinkStatus
                0x0000f8dc       0x18 ./Libraries/W7500x_StdPeriph_Driver/src/w7500x_miim.o
                0x0000f8dc                PHY_GetLinkStatus
 .text.PWM_Init
                0x0000f8f4      0x104 ./Libraries/W7500x_StdPeriph_Driver/src/w7500x_pwm.o
                0x0000f8f4                PWM_Init
 .text.PWM_StructInit
                0x0000f9f8       0x20 ./Libraries/W7500x_StdPeriph_Driver/src/w7500x_pwm.o
                0x0000f9f8                PWM_StructInit
 .text.PWM_Cmd  0x0000fa18       0xd0 ./Libraries/W7500x_StdPeriph_Driver/src/w7500x_pwm.o
                0x0000fa18                PWM_Cmd
 .text.PWM_GetCapture
                0x0000fae8       0x64 ./Libraries/W7500x_StdPeriph_Driver/src/w7500x_pwm.o
                0x0000fae8                PWM_GetCapture
 .text.PWM_GetCounter
                0x0000fb4c       0x64 ./Libraries/W7500x_StdPeriph_Driver/src/w7500x_pwm.o
                0x0000fb4c                PWM_GetCounter
 .text.PWM_ITConfig
                0x0000fbb0       0xe0 ./Libraries/W7500x_StdPeriph_Driver/src/w7500x_pwm.o
                0x0000fbb0                PWM_ITConfig
 .text.PWM_GetITStatus
                0x0000fc90       0x84 ./Libraries/W7500x_StdPeriph_Driver/src/w7500x_pwm.o
                0x0000fc90                PWM_GetITStatus
 .text.PWM_ClearITPendingBit
                0x0000fd14       0x80 ./Libraries/W7500x_StdPeriph_Driver/src/w7500x_pwm.o
                0x0000fd14                PWM_ClearITPendingBit
 .text.SSP_Init
                0x0000fd94      0x1b4 ./Libraries/W7500x_StdPeriph_Driver/src/w7500x_ssp.o
                0x0000fd94                SSP_Init
 .text.SSP_StructInit
                0x0000ff48       0x30 ./Libraries/W7500x_StdPeriph_Driver/src/w7500x_ssp.o
                0x0000ff48                SSP_StructInit
 .text.SSP_Cmd  0x0000ff78       0x4c ./Libraries/W7500x_StdPeriph_Driver/src/w7500x_ssp.o
                0x0000ff78                SSP_Cmd
 .text.SSP_SendData
                0x0000ffc4       0x2c ./Libraries/W7500x_StdPeriph_Driver/src/w7500x_ssp.o
                0x0000ffc4                SSP_SendData
 .text.SSP_ReceiveData
                0x0000fff0       0x2c ./Libraries/W7500x_StdPeriph_Driver/src/w7500x_ssp.o
                0x0000fff0                SSP_ReceiveData
 .text.S_UART_Init
                0x0001001c       0x18 ./Libraries/W7500x_StdPeriph_Driver/src/w7500x_uart.o
                0x0001001c                S_UART_Init
 .text.S_UART_Cmd
                0x00010034       0x38 ./Libraries/W7500x_StdPeriph_Driver/src/w7500x_uart.o
                0x00010034                S_UART_Cmd
 .text.S_UART_SendData
                0x0001006c       0x14 ./Libraries/W7500x_StdPeriph_Driver/src/w7500x_uart.o
                0x0001006c                S_UART_SendData
 .text.WIZCHIP_READ
                0x00010080        0x8 ./Libraries/W7500x_StdPeriph_Driver/src/w7500x_wztoe.o
                0x00010080                WIZCHIP_READ
 .text.WIZCHIP_WRITE
                0x00010088        0x4 ./Libraries/W7500x_StdPeriph_Driver/src/w7500x_wztoe.o
                0x00010088                WIZCHIP_WRITE
 .text.WIZCHIP_READ_BUF
                0x0001008c       0x1c ./Libraries/W7500x_StdPeriph_Driver/src/w7500x_wztoe.o
                0x0001008c                WIZCHIP_READ_BUF
 .text.WIZCHIP_WRITE_BUF
                0x000100a8       0x1c ./Libraries/W7500x_StdPeriph_Driver/src/w7500x_wztoe.o
                0x000100a8                WIZCHIP_WRITE_BUF
 .text.wiz_send_data
                0x000100c4       0x38 ./Libraries/W7500x_StdPeriph_Driver/src/w7500x_wztoe.o
                0x000100c4                wiz_send_data
 .text.wiz_recv_data
                0x000100fc       0x38 ./Libraries/W7500x_StdPeriph_Driver/src/w7500x_wztoe.o
                0x000100fc                wiz_recv_data
 .text.wiz_recv_macraw_data
                0x00010134       0x44 ./Libraries/W7500x_StdPeriph_Driver/src/w7500x_wztoe.o
                0x00010134                wiz_recv_macraw_data
 .text.wiz_recv_ignore
                0x00010178       0x30 ./Libraries/W7500x_StdPeriph_Driver/src/w7500x_wztoe.o
                0x00010178                wiz_recv_ignore
 .text.GetSystemClock
                0x000101a8        0xc ./Libraries/CMSIS/Device/WIZnet/W7500/Source/system_w7500x.o
                0x000101a8                GetSystemClock
 .text.GetSourceClock
                0x000101b4        0xc ./Libraries/CMSIS/Device/WIZnet/W7500/Source/system_w7500x.o
                0x000101b4                GetSourceClock
 .text.SystemCoreClockUpdate
                0x000101c0       0x50 ./Libraries/CMSIS/Device/WIZnet/W7500/Source/system_w7500x.o
                0x000101c0                SystemCoreClockUpdate
 .text.SetSysClock
                0x00010210       0x24 ./Libraries/CMSIS/Device/WIZnet/W7500/Source/system_w7500x.o
 .text.SystemInit
                0x00010234       0x28 ./Libraries/CMSIS/Device/WIZnet/W7500/Source/system_w7500x.o
                0x00010234                SystemInit
 .text          0x0001025c       0x9c c:/program files (x86)/gnu tools arm embedded/4.8 2014q1/bin/../lib/gcc/arm-none-eabi/4.8.3/armv6-m\libgcc.a(_udivsi3.o)
                0x0001025c                __aeabi_uidiv
                0x0001025c                __udivsi3
                0x000102e4                __aeabi_uidivmod
 .text          0x000102f8       0xc0 c:/program files (x86)/gnu tools arm embedded/4.8 2014q1/bin/../lib/gcc/arm-none-eabi/4.8.3/armv6-m\libgcc.a(_divsi3.o)
                0x000102f8                __divsi3
                0x000102f8                __aeabi_idiv
                0x000103a4                __aeabi_idivmod
 .text          0x000103b8        0x4 c:/program files (x86)/gnu tools arm embedded/4.8 2014q1/bin/../lib/gcc/arm-none-eabi/4.8.3/armv6-m\libgcc.a(_dvmd_tls.o)
                0x000103b8                __aeabi_idiv0
                0x000103b8                __aeabi_ldiv0
 .text          0x000103bc       0x30 c:/program files (x86)/gnu tools arm embedded/4.8 2014q1/bin/../lib/gcc/arm-none-eabi/4.8.3/armv6-m\libgcc.a(_fixunssfsi.o)
                0x000103bc                __fixunssfsi
                0x000103bc                __aeabi_f2uiz
 .text          0x000103ec      0x2c8 c:/program files (x86)/gnu tools arm embedded/4.8 2014q1/bin/../lib/gcc/arm-none-eabi/4.8.3/armv6-m\libgcc.a(addsf3.o)
                0x000103ec                __aeabi_fadd
 .text          0x000106b4      0x254 c:/program files (x86)/gnu tools arm embedded/4.8 2014q1/bin/../lib/gcc/arm-none-eabi/4.8.3/armv6-m\libgcc.a(mulsf3.o)
                0x000106b4                __aeabi_fmul
 .text          0x00010908      0x2e0 c:/program files (x86)/gnu tools arm embedded/4.8 2014q1/bin/../lib/gcc/arm-none-eabi/4.8.3/armv6-m\libgcc.a(subsf3.o)
                0x00010908                __aeabi_fsub
 .text          0x00010be8       0x40 c:/program files (x86)/gnu tools arm embedded/4.8 2014q1/bin/../lib/gcc/arm-none-eabi/4.8.3/armv6-m\libgcc.a(fixsfsi.o)
                0x00010be8                __aeabi_f2iz
 .text          0x00010c28       0xb8 c:/program files (x86)/gnu tools arm embedded/4.8 2014q1/bin/../lib/gcc/arm-none-eabi/4.8.3/armv6-m\libgcc.a(floatsisf.o)
                0x00010c28                __aeabi_i2f
 .text          0x00010ce0       0x74 c:/program files (x86)/gnu tools arm embedded/4.8 2014q1/bin/../lib/gcc/arm-none-eabi/4.8.3/armv6-m\libgcc.a(_arm_cmpsf2.o)
                0x00010ce0                __aeabi_cfrcmple
                0x00010ce8                __aeabi_cfcmpeq
                0x00010ce8                __aeabi_cfcmple
                0x00010cf8                __aeabi_fcmpeq
                0x00010d04                __aeabi_fcmplt
                0x00010d18                __aeabi_fcmple
                0x00010d2c                __aeabi_fcmpgt
                0x00010d40                __aeabi_fcmpge
 .text          0x00010d54       0x3c c:/program files (x86)/gnu tools arm embedded/4.8 2014q1/bin/../lib/gcc/arm-none-eabi/4.8.3/armv6-m\libgcc.a(_clzsi2.o)
                0x00010d54                __clzsi2
 .text          0x00010d90       0x54 c:/program files (x86)/gnu tools arm embedded/4.8 2014q1/bin/../lib/gcc/arm-none-eabi/4.8.3/armv6-m\libgcc.a(eqsf2.o)
                0x00010d90                __eqsf2
                0x00010d90                __nesf2
 .text          0x00010de4       0x90 c:/program files (x86)/gnu tools arm embedded/4.8 2014q1/bin/../lib/gcc/arm-none-eabi/4.8.3/armv6-m\libgcc.a(gesf2.o)
                0x00010de4                __gesf2
                0x00010de4                __gtsf2
 .text          0x00010e74       0x98 c:/program files (x86)/gnu tools arm embedded/4.8 2014q1/bin/../lib/gcc/arm-none-eabi/4.8.3/armv6-m\libgcc.a(lesf2.o)
                0x00010e74                __ltsf2
                0x00010e74                __lesf2
 .text.atoi     0x00010f0c        0xc c:/program files (x86)/gnu tools arm embedded/4.8 2014q1/bin/../lib/gcc/arm-none-eabi/4.8.3/../../../../arm-none-eabi/lib/armv6-m\libg_s.a(lib_a-atoi.o)
                0x00010f0c                atoi
 .text.__errno  0x00010f18        0xc c:/program files (x86)/gnu tools arm embedded/4.8 2014q1/bin/../lib/gcc/arm-none-eabi/4.8.3/../../../../arm-none-eabi/lib/armv6-m\libg_s.a(lib_a-errno.o)
                0x00010f18                __errno
 .text.memcmp   0x00010f24       0x1e c:/program files (x86)/gnu tools arm embedded/4.8 2014q1/bin/../lib/gcc/arm-none-eabi/4.8.3/../../../../arm-none-eabi/lib/armv6-m\libg_s.a(lib_a-memcmp.o)
                0x00010f24                memcmp
 .text.memcpy   0x00010f42       0x12 c:/program files (x86)/gnu tools arm embedded/4.8 2014q1/bin/../lib/gcc/arm-none-eabi/4.8.3/../../../../arm-none-eabi/lib/armv6-m\libg_s.a(lib_a-memcpy-stub.o)
                0x00010f42                memcpy
 .text.memset   0x00010f54       0x10 c:/program files (x86)/gnu tools arm embedded/4.8 2014q1/bin/../lib/gcc/arm-none-eabi/4.8.3/../../../../arm-none-eabi/lib/armv6-m\libg_s.a(lib_a-memset.o)
                0x00010f54                memset
 .text.printf   0x00010f64       0x34 c:/program files (x86)/gnu tools arm embedded/4.8 2014q1/bin/../lib/gcc/arm-none-eabi/4.8.3/../../../../arm-none-eabi/lib/armv6-m\libg_s.a(lib_a-printf.o)
                0x00010f64                iprintf
                0x00010f64                printf
 .text._puts_r  0x00010f98       0xc2 c:/program files (x86)/gnu tools arm embedded/4.8 2014q1/bin/../lib/gcc/arm-none-eabi/4.8.3/../../../../arm-none-eabi/lib/armv6-m\libg_s.a(lib_a-puts.o)
                0x00010f98                _puts_r
 *fill*         0x0001105a        0x2 
 .text.puts     0x0001105c       0x14 c:/program files (x86)/gnu tools arm embedded/4.8 2014q1/bin/../lib/gcc/arm-none-eabi/4.8.3/../../../../arm-none-eabi/lib/armv6-m\libg_s.a(lib_a-puts.o)
                0x0001105c                puts
 .text.sprintf  0x00011070       0x44 c:/program files (x86)/gnu tools arm embedded/4.8 2014q1/bin/../lib/gcc/arm-none-eabi/4.8.3/../../../../arm-none-eabi/lib/armv6-m\libg_s.a(lib_a-sprintf.o)
                0x00011070                siprintf
                0x00011070                sprintf
 .text.strcat   0x000110b4       0x1a c:/program files (x86)/gnu tools arm embedded/4.8 2014q1/bin/../lib/gcc/arm-none-eabi/4.8.3/../../../../arm-none-eabi/lib/armv6-m\libg_s.a(lib_a-strcat.o)
                0x000110b4                strcat
 .text.strchr   0x000110ce       0x18 c:/program files (x86)/gnu tools arm embedded/4.8 2014q1/bin/../lib/gcc/arm-none-eabi/4.8.3/../../../../arm-none-eabi/lib/armv6-m\libg_s.a(lib_a-strchr.o)
                0x000110ce                strchr
 .text          0x000110e6       0x14 c:/program files (x86)/gnu tools arm embedded/4.8 2014q1/bin/../lib/gcc/arm-none-eabi/4.8.3/../../../../arm-none-eabi/lib/armv6-m\libg_s.a(lib_a-strcmp.o)
                0x000110e6                strcmp
 .text.strcpy   0x000110fa       0x10 c:/program files (x86)/gnu tools arm embedded/4.8 2014q1/bin/../lib/gcc/arm-none-eabi/4.8.3/../../../../arm-none-eabi/lib/armv6-m\libg_s.a(lib_a-strcpy.o)
                0x000110fa                strcpy
 .text.strlen   0x0001110a        0xe c:/program files (x86)/gnu tools arm embedded/4.8 2014q1/bin/../lib/gcc/arm-none-eabi/4.8.3/../../../../arm-none-eabi/lib/armv6-m\libg_s.a(lib_a-strlen.o)
                0x0001110a                strlen
 .text.strncmp  0x00011118       0x2c c:/program files (x86)/gnu tools arm embedded/4.8 2014q1/bin/../lib/gcc/arm-none-eabi/4.8.3/../../../../arm-none-eabi/lib/armv6-m\libg_s.a(lib_a-strncmp.o)
                0x00011118                strncmp
 .text.strncpy  0x00011144       0x28 c:/program files (x86)/gnu tools arm embedded/4.8 2014q1/bin/../lib/gcc/arm-none-eabi/4.8.3/../../../../arm-none-eabi/lib/armv6-m\libg_s.a(lib_a-strncpy.o)
                0x00011144                strncpy
 .text.strstr   0x0001116c       0x32 c:/program files (x86)/gnu tools arm embedded/4.8 2014q1/bin/../lib/gcc/arm-none-eabi/4.8.3/../../../../arm-none-eabi/lib/armv6-m\libg_s.a(lib_a-strstr.o)
                0x0001116c                strstr
 *fill*         0x0001119e        0x2 
 .text.strtok   0x000111a0       0x64 c:/program files (x86)/gnu tools arm embedded/4.8 2014q1/bin/../lib/gcc/arm-none-eabi/4.8.3/../../../../arm-none-eabi/lib/armv6-m\libg_s.a(lib_a-strtok.o)
                0x000111a0                strtok
 .text.__strtok_r
                0x00011204       0x5c c:/program files (x86)/gnu tools arm embedded/4.8 2014q1/bin/../lib/gcc/arm-none-eabi/4.8.3/../../../../arm-none-eabi/lib/armv6-m\libg_s.a(lib_a-strtok_r.o)
                0x00011204                __strtok_r
 .text._strtol_r
                0x00011260      0x114 c:/program files (x86)/gnu tools arm embedded/4.8 2014q1/bin/../lib/gcc/arm-none-eabi/4.8.3/../../../../arm-none-eabi/lib/armv6-m\libg_s.a(lib_a-strtol.o)
                0x00011260                _strtol_r
 .text.strtol   0x00011374       0x1c c:/program files (x86)/gnu tools arm embedded/4.8 2014q1/bin/../lib/gcc/arm-none-eabi/4.8.3/../../../../arm-none-eabi/lib/armv6-m\libg_s.a(lib_a-strtol.o)
                0x00011374                strtol
 .text.__ssputs_r
                0x00011390       0xc0 c:/program files (x86)/gnu tools arm embedded/4.8 2014q1/bin/../lib/gcc/arm-none-eabi/4.8.3/../../../../arm-none-eabi/lib/armv6-m\libg_s.a(lib_a-svfprintf.o)
                0x00011390                __ssputs_r
 .text._svfprintf_r
                0x00011450      0x1e0 c:/program files (x86)/gnu tools arm embedded/4.8 2014q1/bin/../lib/gcc/arm-none-eabi/4.8.3/../../../../arm-none-eabi/lib/armv6-m\libg_s.a(lib_a-svfprintf.o)
                0x00011450                _svfiprintf_r
                0x00011450                _svfprintf_r
 .text.__sfputc_r
                0x00011630       0x2a c:/program files (x86)/gnu tools arm embedded/4.8 2014q1/bin/../lib/gcc/arm-none-eabi/4.8.3/../../../../arm-none-eabi/lib/armv6-m\libg_s.a(lib_a-vfprintf.o)
 .text.__sfputs_r
                0x0001165a       0x24 c:/program files (x86)/gnu tools arm embedded/4.8 2014q1/bin/../lib/gcc/arm-none-eabi/4.8.3/../../../../arm-none-eabi/lib/armv6-m\libg_s.a(lib_a-vfprintf.o)
                0x0001165a                __sfputs_r
 *fill*         0x0001167e        0x2 
 .text._vfprintf_r
                0x00011680      0x210 c:/program files (x86)/gnu tools arm embedded/4.8 2014q1/bin/../lib/gcc/arm-none-eabi/4.8.3/../../../../arm-none-eabi/lib/armv6-m\libg_s.a(lib_a-vfprintf.o)
                0x00011680                _vfprintf_r
                0x00011680                _vfiprintf_r
 .text._printf_common
                0x00011890       0xe8 c:/program files (x86)/gnu tools arm embedded/4.8 2014q1/bin/../lib/gcc/arm-none-eabi/4.8.3/../../../../arm-none-eabi/lib/armv6-m\libg_s.a(lib_a-vfprintf_i.o)
                0x00011890                _printf_common
 .text._printf_i
                0x00011978      0x22c c:/program files (x86)/gnu tools arm embedded/4.8 2014q1/bin/../lib/gcc/arm-none-eabi/4.8.3/../../../../arm-none-eabi/lib/armv6-m\libg_s.a(lib_a-vfprintf_i.o)
                0x00011978                _printf_i
 .text.__swbuf_r
                0x00011ba4       0xb0 c:/program files (x86)/gnu tools arm embedded/4.8 2014q1/bin/../lib/gcc/arm-none-eabi/4.8.3/../../../../arm-none-eabi/lib/armv6-m\libg_s.a(lib_a-wbuf.o)
                0x00011ba4                __swbuf_r
 .text.__swsetup_r
                0x00011c54       0xe4 c:/program files (x86)/gnu tools arm embedded/4.8 2014q1/bin/../lib/gcc/arm-none-eabi/4.8.3/../../../../arm-none-eabi/lib/armv6-m\libg_s.a(lib_a-wsetup.o)
                0x00011c54                __swsetup_r
 .text.__sflush_r
                0x00011d38      0x112 c:/program files (x86)/gnu tools arm embedded/4.8 2014q1/bin/../lib/gcc/arm-none-eabi/4.8.3/../../../../arm-none-eabi/lib/armv6-m\libg_s.a(lib_a-fflush.o)
                0x00011d38                __sflush_r
 *fill*         0x00011e4a        0x2 
 .text._fflush_r
                0x00011e4c       0x58 c:/program files (x86)/gnu tools arm embedded/4.8 2014q1/bin/../lib/gcc/arm-none-eabi/4.8.3/../../../../arm-none-eabi/lib/armv6-m\libg_s.a(lib_a-fflush.o)
                0x00011e4c                _fflush_r
 .text._cleanup_r
                0x00011ea4       0x34 c:/program files (x86)/gnu tools arm embedded/4.8 2014q1/bin/../lib/gcc/arm-none-eabi/4.8.3/../../../../arm-none-eabi/lib/armv6-m\libg_s.a(lib_a-findfp.o)
                0x00011ea4                _cleanup_r
 .text.std.isra.0
                0x00011ed8       0x48 c:/program files (x86)/gnu tools arm embedded/4.8 2014q1/bin/../lib/gcc/arm-none-eabi/4.8.3/../../../../arm-none-eabi/lib/armv6-m\libg_s.a(lib_a-findfp.o)
 .text.__sfmoreglue
                0x00011f20       0x2c c:/program files (x86)/gnu tools arm embedded/4.8 2014q1/bin/../lib/gcc/arm-none-eabi/4.8.3/../../../../arm-none-eabi/lib/armv6-m\libg_s.a(lib_a-findfp.o)
                0x00011f20                __sfmoreglue
 .text.__sinit  0x00011f4c       0x64 c:/program files (x86)/gnu tools arm embedded/4.8 2014q1/bin/../lib/gcc/arm-none-eabi/4.8.3/../../../../arm-none-eabi/lib/armv6-m\libg_s.a(lib_a-findfp.o)
                0x00011f4c                __sinit
 .text.__sfp    0x00011fb0       0x7c c:/program files (x86)/gnu tools arm embedded/4.8 2014q1/bin/../lib/gcc/arm-none-eabi/4.8.3/../../../../arm-none-eabi/lib/armv6-m\libg_s.a(lib_a-findfp.o)
                0x00011fb0                __sfp
 .text.__smakebuf_r
                0x0001202c       0xa0 c:/program files (x86)/gnu tools arm embedded/4.8 2014q1/bin/../lib/gcc/arm-none-eabi/4.8.3/../../../../arm-none-eabi/lib/armv6-m\libg_s.a(lib_a-makebuf.o)
                0x0001202c                __smakebuf_r
 .text.malloc   0x000120cc       0x14 c:/program files (x86)/gnu tools arm embedded/4.8 2014q1/bin/../lib/gcc/arm-none-eabi/4.8.3/../../../../arm-none-eabi/lib/armv6-m\libg_s.a(lib_a-malloc.o)
                0x000120cc                malloc
 .text.memchr   0x000120e0       0x16 c:/program files (x86)/gnu tools arm embedded/4.8 2014q1/bin/../lib/gcc/arm-none-eabi/4.8.3/../../../../arm-none-eabi/lib/armv6-m\libg_s.a(lib_a-memchr-stub.o)
                0x000120e0                memchr
 .text.memmove  0x000120f6       0x32 c:/program files (x86)/gnu tools arm embedded/4.8 2014q1/bin/../lib/gcc/arm-none-eabi/4.8.3/../../../../arm-none-eabi/lib/armv6-m\libg_s.a(lib_a-memmove.o)
                0x000120f6                memmove
 .text._free_r  0x00012128       0x90 c:/program files (x86)/gnu tools arm embedded/4.8 2014q1/bin/../lib/gcc/arm-none-eabi/4.8.3/../../../../arm-none-eabi/lib/armv6-m\libg_s.a(lib_a-nano-freer.o)
                0x00012128                _free_r
 .text._malloc_r
                0x000121b8       0xa8 c:/program files (x86)/gnu tools arm embedded/4.8 2014q1/bin/../lib/gcc/arm-none-eabi/4.8.3/../../../../arm-none-eabi/lib/armv6-m\libg_s.a(lib_a-nano-mallocr.o)
                0x000121b8                _malloc_r
 .text._realloc_r
                0x00012260       0x4c c:/program files (x86)/gnu tools arm embedded/4.8 2014q1/bin/../lib/gcc/arm-none-eabi/4.8.3/../../../../arm-none-eabi/lib/armv6-m\libg_s.a(lib_a-nano-reallocr.o)
                0x00012260                _realloc_r
 .text._sbrk_r  0x000122ac       0x24 c:/program files (x86)/gnu tools arm embedded/4.8 2014q1/bin/../lib/gcc/arm-none-eabi/4.8.3/../../../../arm-none-eabi/lib/armv6-m\libg_s.a(lib_a-sbrkr.o)
                0x000122ac                _sbrk_r
 .text.__sread  0x000122d0       0x28 c:/program files (x86)/gnu tools arm embedded/4.8 2014q1/bin/../lib/gcc/arm-none-eabi/4.8.3/../../../../arm-none-eabi/lib/armv6-m\libg_s.a(lib_a-stdio.o)
                0x000122d0                __sread
 .text.__swrite
                0x000122f8       0x38 c:/program files (x86)/gnu tools arm embedded/4.8 2014q1/bin/../lib/gcc/arm-none-eabi/4.8.3/../../../../arm-none-eabi/lib/armv6-m\libg_s.a(lib_a-stdio.o)
                0x000122f8                __swrite
 .text.__sseek  0x00012330       0x2c c:/program files (x86)/gnu tools arm embedded/4.8 2014q1/bin/../lib/gcc/arm-none-eabi/4.8.3/../../../../arm-none-eabi/lib/armv6-m\libg_s.a(lib_a-stdio.o)
                0x00012330                __sseek
 .text.__sclose
                0x0001235c        0xc c:/program files (x86)/gnu tools arm embedded/4.8 2014q1/bin/../lib/gcc/arm-none-eabi/4.8.3/../../../../arm-none-eabi/lib/armv6-m\libg_s.a(lib_a-stdio.o)
                0x0001235c                __sclose
 .text._write_r
                0x00012368       0x28 c:/program files (x86)/gnu tools arm embedded/4.8 2014q1/bin/../lib/gcc/arm-none-eabi/4.8.3/../../../../arm-none-eabi/lib/armv6-m\libg_s.a(lib_a-writer.o)
                0x00012368                _write_r
 .text._close_r
                0x00012390       0x24 c:/program files (x86)/gnu tools arm embedded/4.8 2014q1/bin/../lib/gcc/arm-none-eabi/4.8.3/../../../../arm-none-eabi/lib/armv6-m\libg_s.a(lib_a-closer.o)
                0x00012390                _close_r
 .text._fstat_r
                0x000123b4       0x24 c:/program files (x86)/gnu tools arm embedded/4.8 2014q1/bin/../lib/gcc/arm-none-eabi/4.8.3/../../../../arm-none-eabi/lib/armv6-m\libg_s.a(lib_a-fstatr.o)
                0x000123b4                _fstat_r
 .text._isatty_r
                0x000123d8       0x24 c:/program files (x86)/gnu tools arm embedded/4.8 2014q1/bin/../lib/gcc/arm-none-eabi/4.8.3/../../../../arm-none-eabi/lib/armv6-m\libg_s.a(lib_a-isattyr.o)
                0x000123d8                _isatty_r
 .text._lseek_r
                0x000123fc       0x28 c:/program files (x86)/gnu tools arm embedded/4.8 2014q1/bin/../lib/gcc/arm-none-eabi/4.8.3/../../../../arm-none-eabi/lib/armv6-m\libg_s.a(lib_a-lseekr.o)
                0x000123fc                _lseek_r
 .text._malloc_usable_size_r
                0x00012424       0x12 c:/program files (x86)/gnu tools arm embedded/4.8 2014q1/bin/../lib/gcc/arm-none-eabi/4.8.3/../../../../arm-none-eabi/lib/armv6-m\libg_s.a(lib_a-nano-msizer.o)
                0x00012424                _malloc_usable_size_r
 *fill*         0x00012436        0x2 
 .text._read_r  0x00012438       0x28 c:/program files (x86)/gnu tools arm embedded/4.8 2014q1/bin/../lib/gcc/arm-none-eabi/4.8.3/../../../../arm-none-eabi/lib/armv6-m\libg_s.a(lib_a-readr.o)
                0x00012438                _read_r
 *(.rodata .rodata.*)
 .rodata.ProcessRemoteIoSockClose
                0x00012460       0x18 ./src/RemoteIO/remote_io.o
 .rodata.ProcessRemoteIoSockInit
                0x00012478       0x18 ./src/RemoteIO/remote_io.o
 .rodata.ProcessRemoteIoSockClosewait
                0x00012490       0x18 ./src/RemoteIO/remote_io.o
 .rodata.DataSubscribe
                0x000124a8       0x18 ./src/RemoteIO/remote_io.o
 .rodata.ProcessRemoteIoEstablished
                0x000124c0       0x18 ./src/RemoteIO/remote_io.o
 .rodata.ProcessRemoteIoSockUdp
                0x000124d8       0x18 ./src/RemoteIO/remote_io.o
 .rodata.RunRemoteIO
                0x000124f0       0x8c ./src/RemoteIO/remote_io.o
 .rodata        0x0001257c       0x98 ./src/RemoteIO/remote_io.o
 .rodata.str1.4
                0x00012614       0x2a ./src/RemoteIO/remote_io.o
                                 0x30 (size before relaxing)
 *fill*         0x0001263e        0x2 
 .rodata.str1.4
                0x00012640       0x15 ./src/PlatformHandler/analog_handler.o
                                 0x18 (size before relaxing)
 *fill*         0x00012655        0x3 
 .rodata.gk_DigitalOutPin
                0x00012658        0x4 ./src/PlatformHandler/digital_handler.o
                0x00012658                gk_DigitalOutPin
 .rodata.gk_DigitalInIrq
                0x0001265c        0x4 ./src/PlatformHandler/digital_handler.o
                0x0001265c                gk_DigitalInIrq
 .rodata.gk_DigitalInPin
                0x00012660        0x4 ./src/PlatformHandler/digital_handler.o
                0x00012660                gk_DigitalInPin
 .rodata.gk_DigitalOutPinSource
                0x00012664        0x4 ./src/PlatformHandler/digital_handler.o
                0x00012664                gk_DigitalOutPinSource
 .rodata.gk_DigitalInPinSource
                0x00012668        0x4 ./src/PlatformHandler/digital_handler.o
                0x00012668                gk_DigitalInPinSource
 .rodata.gk_LedGpioPin
                0x0001266c        0x8 ./src/PlatformHandler/gpio_handler.o
                0x0001266c                gk_LedGpioPin
 .rodata.ModbusSlave
                0x00012674       0x44 ./src/Modbus/modbus.o
 .rodata        0x000126b8       0x60 ./src/Configuration/config_data.o
 .rodata.str1.4
                0x00012718       0x8d ./src/Configuration/config_data.o
                                 0x90 (size before relaxing)
 *fill*         0x000127a5        0x3 
 .rodata.ProcessDiscovery
                0x000127a8       0x14 ./src/Configuration/config_message.o
 .rodata.str1.4
                0x000127bc      0x155 ./src/main.o
                                0x158 (size before relaxing)
 *fill*         0x00012911        0x3 
 .rodata.str1.4
                0x00012914       0x19 ./src/w7500x_it.o
                                 0x1c (size before relaxing)
 *fill*         0x0001292d        0x3 
 .rodata.str1.4
                0x00012930        0xf ./Libraries/ioLibrary/Internet/MQTT/MQTTPacket/src/MQTTConnectClient.o
                                 0x10 (size before relaxing)
 *fill*         0x0001293f        0x1 
 .rodata        0x00012940       0x58 ./Libraries/ioLibrary/Internet/MQTT/MQTTClient.o
 .rodata.dns_answer
                0x00012998       0x40 ./Libraries/ioLibrary/Internet/DNS/dns.o
 .rodata.DHCP_run
                0x000129d8       0x14 ./Libraries/ioLibrary/Internet/DHCP/dhcp.o
 .rodata.str1.4
                0x000129ec       0x12 ./Libraries/ioLibrary/Internet/DHCP/dhcp.o
                                 0x14 (size before relaxing)
 *fill*         0x000129fe        0x2 
 .rodata.getsockopt
                0x00012a00       0x34 ./Libraries/ioLibrary/Ethernet/socket.o
 .rodata.ctlwizchip
                0x00012a34       0x2c ./Libraries/ioLibrary/Ethernet/wizchip_conf.o
 .rodata.ctlnetwork
                0x00012a60       0x18 ./Libraries/ioLibrary/Ethernet/wizchip_conf.o
 .rodata.str1.4
                0x00012a78       0x5c ./Libraries/W7500x_StdPeriph_Driver/src/w7500x_crg.o
 .rodata.str1.4
                0x00012ad4       0x62 ./Libraries/W7500x_StdPeriph_Driver/src/w7500x_dualtimer.o
                                 0x64 (size before relaxing)
 *fill*         0x00012b36        0x2 
 .rodata.str1.4
                0x00012b38       0x5d ./Libraries/W7500x_StdPeriph_Driver/src/w7500x_gpio.o
                                 0x60 (size before relaxing)
 *fill*         0x00012b95        0x3 
 .rodata.str1.4
                0x00012b98       0x5c ./Libraries/W7500x_StdPeriph_Driver/src/w7500x_pwm.o
 .rodata.str1.4
                0x00012bf4       0x5c ./Libraries/W7500x_StdPeriph_Driver/src/w7500x_ssp.o
 .rodata.str1.4
                0x00012c50       0x60 ./Libraries/W7500x_StdPeriph_Driver/src/w7500x_uart.o
 .rodata        0x00012cb0       0x40 c:/program files (x86)/gnu tools arm embedded/4.8 2014q1/bin/../lib/gcc/arm-none-eabi/4.8.3/armv6-m\libgcc.a(mulsf3.o)
 .rodata.str1.1
                0x00012cf0        0x2 c:/program files (x86)/gnu tools arm embedded/4.8 2014q1/bin/../lib/gcc/arm-none-eabi/4.8.3/../../../../arm-none-eabi/lib/armv6-m\libg_s.a(lib_a-impure.o)
 *fill*         0x00012cf2        0x2 
 .rodata._global_impure_ptr
                0x00012cf4        0x4 c:/program files (x86)/gnu tools arm embedded/4.8 2014q1/bin/../lib/gcc/arm-none-eabi/4.8.3/../../../../arm-none-eabi/lib/armv6-m\libg_s.a(lib_a-impure.o)
                0x00012cf4                _global_impure_ptr
 .rodata.str1.1
                0x00012cf8       0x11 c:/program files (x86)/gnu tools arm embedded/4.8 2014q1/bin/../lib/gcc/arm-none-eabi/4.8.3/../../../../arm-none-eabi/lib/armv6-m\libg_s.a(lib_a-svfprintf.o)
 .rodata.str1.1
                0x00000000       0x11 c:/program files (x86)/gnu tools arm embedded/4.8 2014q1/bin/../lib/gcc/arm-none-eabi/4.8.3/../../../../arm-none-eabi/lib/armv6-m\libg_s.a(lib_a-vfprintf.o)
 .rodata.str1.1
                0x00012d09       0x22 c:/program files (x86)/gnu tools arm embedded/4.8 2014q1/bin/../lib/gcc/arm-none-eabi/4.8.3/../../../../arm-none-eabi/lib/armv6-m\libg_s.a(lib_a-vfprintf_i.o)
 .rodata._ctype_
                0x00012d2b      0x101 c:/program files (x86)/gnu tools arm embedded/4.8 2014q1/bin/../lib/gcc/arm-none-eabi/4.8.3/../../../../arm-none-eabi/lib/armv6-m\libg_s.a(lib_a-ctype_.o)
                0x00012d2b                _ctype_
 .rodata.__sf_fake_stdin
                0x00012e2c       0x20 c:/program files (x86)/gnu tools arm embedded/4.8 2014q1/bin/../lib/gcc/arm-none-eabi/4.8.3/../../../../arm-none-eabi/lib/armv6-m\libg_s.a(lib_a-findfp.o)
                0x00012e2c                __sf_fake_stdin
 .rodata.__sf_fake_stdout
                0x00012e4c       0x20 c:/program files (x86)/gnu tools arm embedded/4.8 2014q1/bin/../lib/gcc/arm-none-eabi/4.8.3/../../../../arm-none-eabi/lib/armv6-m\libg_s.a(lib_a-findfp.o)
                0x00012e4c                __sf_fake_stdout
 .rodata.__sf_fake_stderr
                0x00012e6c       0x20 c:/program files (x86)/gnu tools arm embedded/4.8 2014q1/bin/../lib/gcc/arm-none-eabi/4.8.3/../../../../arm-none-eabi/lib/armv6-m\libg_s.a(lib_a-findfp.o)
                0x00012e6c                __sf_fake_stderr
 *(vtable)
 *(.eh_frame*)
 *(.glue_7)
 .glue_7        0x00000000        0x0 linker stubs
 *(.glue_7t)
 .glue_7t       0x00000000        0x0 linker stubs

.vfp11_veneer   0x00012e8c        0x0
 .vfp11_veneer  0x00000000        0x0 linker stubs

.v4_bx          0x00012e8c        0x0
 .v4_bx         0x00000000        0x0 linker stubs

.iplt           0x00012e8c        0x0
 .iplt          0x00000000        0x0 ./src/RemoteIO/remote_io.o

.rel.dyn        0x00012e8c        0x0
 .rel.iplt      0x00000000        0x0 ./src/RemoteIO/remote_io.o

.ARM.extab
 *(.ARM.extab* .gnu.linkonce.armextab.*)
                0x00012e8c                __exidx_start = .

.ARM.exidx
 *(.ARM.exidx* .gnu.linkonce.armexidx.*)
                0x00012e8c                __exidx_end = .
                0x00012e8c                . = ALIGN (0x4)
                0x00012e8c                _etext = .
                0x00012e8c                __etext = .
                0x00012e8c                _sidata = _etext

.data           0x20000000       0xf0 load address 0x00012e8c
                0x20000000                . = ALIGN (0x4)
                0x20000000                _sdata = .
                0x20000000                __data_start__ = .
 *(.data_begin .data_begin.*)
 *(.data .data.*)
 .data.gk_DigitalInPwmChannel
                0x20000000        0x8 ./src/PlatformHandler/digital_handler.o
                0x20000000                gk_DigitalInPwmChannel
 .data.gk_DigitalInPwmAf
                0x20000008        0x4 ./src/PlatformHandler/digital_handler.o
                0x20000008                gk_DigitalInPwmAf
 .data.gk_DigitalInPort
                0x2000000c        0x8 ./src/PlatformHandler/digital_handler.o
                0x2000000c                gk_DigitalInPort
 .data.gk_DigitalOutGpioAf
                0x20000014        0x4 ./src/PlatformHandler/digital_handler.o
                0x20000014                gk_DigitalOutGpioAf
 .data.gk_DigitalOutPwmAf
                0x20000018        0x4 ./src/PlatformHandler/digital_handler.o
                0x20000018                gk_DigitalOutPwmAf
 .data.gk_DigitalInGpioAf
                0x2000001c        0x4 ./src/PlatformHandler/digital_handler.o
                0x2000001c                gk_DigitalInGpioAf
 .data.gk_DigitalOutPwmChannel
                0x20000020        0x8 ./src/PlatformHandler/digital_handler.o
                0x20000020                gk_DigitalOutPwmChannel
 .data.gk_DigitalOutPort
                0x20000028        0x8 ./src/PlatformHandler/digital_handler.o
                0x20000028                gk_DigitalOutPort
 .data.gk_LedGpioPort
                0x20000030        0xc ./src/PlatformHandler/gpio_handler.o
                0x20000030                gk_LedGpioPort
 .data.g_run_dns
                0x2000003c        0x1 ./src/main.o
                0x2000003c                g_run_dns
 *fill*         0x2000003d        0x3 
 .data.argv.4458
                0x20000040        0x8 ./Libraries/startup/_syscalls.o
 .data.dhcp_tick_next
                0x20000048        0x4 ./Libraries/ioLibrary/Internet/DHCP/dhcp.o
                0x20000048                dhcp_tick_next
 .data.dhcp_ip_update
                0x2000004c        0x4 ./Libraries/ioLibrary/Internet/DHCP/dhcp.o
                0x2000004c                dhcp_ip_update
 .data.dhcp_ip_assign
                0x20000050        0x4 ./Libraries/ioLibrary/Internet/DHCP/dhcp.o
                0x20000050                dhcp_ip_assign
 .data.dhcp_ip_conflict
                0x20000054        0x4 ./Libraries/ioLibrary/Internet/DHCP/dhcp.o
                0x20000054                dhcp_ip_conflict
 .data.dhcp_lease_time
                0x20000058        0x4 ./Libraries/ioLibrary/Internet/DHCP/dhcp.o
                0x20000058                dhcp_lease_time
 .data.HOST_NAME
                0x2000005c        0x8 ./Libraries/ioLibrary/Internet/DHCP/dhcp.o
                0x2000005c                HOST_NAME
 .data.sock_any_port
                0x20000064        0x2 ./Libraries/ioLibrary/Ethernet/socket.o
 *fill*         0x20000066        0x2 
 .data.WIZCHIP  0x20000068       0x20 ./Libraries/ioLibrary/Ethernet/wizchip_conf.o
                0x20000068                WIZCHIP
 .data.impure_data
                0x20000088       0x60 c:/program files (x86)/gnu tools arm embedded/4.8 2014q1/bin/../lib/gcc/arm-none-eabi/4.8.3/../../../../arm-none-eabi/lib/armv6-m\libg_s.a(lib_a-impure.o)
 .data._impure_ptr
                0x200000e8        0x4 c:/program files (x86)/gnu tools arm embedded/4.8 2014q1/bin/../lib/gcc/arm-none-eabi/4.8.3/../../../../arm-none-eabi/lib/armv6-m\libg_s.a(lib_a-impure.o)
                0x200000e8                _impure_ptr
 .data.__ctype_ptr__
                0x200000ec        0x4 c:/program files (x86)/gnu tools arm embedded/4.8 2014q1/bin/../lib/gcc/arm-none-eabi/4.8.3/../../../../arm-none-eabi/lib/armv6-m\libg_s.a(lib_a-ctype_.o)
                0x200000ec                __ctype_ptr__
 *(.data_end .data_end.*)
                0x200000f0                . = ALIGN (0x4)
                0x200000f0                _edata = .
                0x200000f0                __data_end__ = .

.igot.plt       0x200000f0        0x0 load address 0x00012f7c
 .igot.plt      0x00000000        0x0 ./src/RemoteIO/remote_io.o

.bss            0x200000f0     0x167c load address 0x00012f7c
                0x200000f0                . = ALIGN (0x4)
                0x200000f0                __bss_start__ = .
                0x200000f0                _sbss = .
 *(.bss_begin .bss_begin.*)
 *(.bss .bss.*)
 .bss.g_mqtt_init
                0x200000f0        0x1 ./src/RemoteIO/remote_io.o
                0x200000f0                g_mqtt_init
 .bss.g_mcp_set
                0x200000f1        0x1 ./src/PlatformHandler/analog_handler.o
                0x200000f1                g_mcp_set
 *fill*         0x200000f2        0x2 
 .bss.g_pre_average
                0x200000f4        0x8 ./src/PlatformHandler/analog_handler.o
                0x200000f4                g_pre_average
 .bss.g_channel_num
                0x200000fc        0x1 ./src/PlatformHandler/analog_handler.o
                0x200000fc                g_channel_num
 *fill*         0x200000fd        0x3 
 .bss.g_alpha   0x20000100        0x4 ./src/PlatformHandler/analog_handler.o
                0x20000100                g_alpha
 .bss.g_frequency_value_count
                0x20000104        0x4 ./src/PlatformHandler/digital_handler.o
                0x20000104                g_frequency_value_count
 .bss.g_reconn_flag
                0x20000108        0x1 ./src/PlatformHandler/timer_handler.o
                0x20000108                g_reconn_flag
 *fill*         0x20000109        0x3 
 .bss.g_buzzer_on_cnt
                0x2000010c        0x4 ./src/PlatformHandler/timer_handler.o
 .bss.g_timer0_mill_cnt
                0x20000110        0x4 ./src/PlatformHandler/timer_handler.o
 .bss.g_frequency_case_2_run_count
                0x20000114        0x8 ./src/PlatformHandler/timer_handler.o
 .bss.g_buzzer_locate_cnt
                0x2000011c        0x4 ./src/PlatformHandler/timer_handler.o
 .bss.g_link_status_flag
                0x20000120        0x1 ./src/PlatformHandler/timer_handler.o
                0x20000120                g_link_status_flag
 *fill*         0x20000121        0x3 
 .bss.g_timer0_sec_cnt
                0x20000124        0x4 ./src/PlatformHandler/timer_handler.o
 .bss.g_timer1_mill_cnt
                0x20000128        0x4 ./src/PlatformHandler/timer_handler.o
 .bss.g_link_status_time
                0x2000012c        0x4 ./src/PlatformHandler/timer_handler.o
                0x2000012c                g_link_status_time
 .bss.g_frequency_case_1_run_count
                0x20000130        0x8 ./src/PlatformHandler/timer_handler.o
 .bss.g_interval_time
                0x20000138        0x4 ./src/PlatformHandler/timer_handler.o
                0x20000138                g_interval_time
 .bss.g_interval_flag
                0x2000013c        0x1 ./src/PlatformHandler/timer_handler.o
                0x2000013c                g_interval_flag
 *fill*         0x2000013d        0x3 
 .bss.g_reconn_time
                0x20000140        0x4 ./src/PlatformHandler/timer_handler.o
                0x20000140                g_reconn_time
 .bss.g_s2e_packet
                0x20000144       0xe4 ./src/Configuration/config_data.o
 .bss.g_buzzer_locate_flag
                0x20000228        0x1 ./src/main.o
                0x20000228                g_buzzer_locate_flag
 .bss.g_buzzer_on_flag
                0x20000229        0x1 ./src/main.o
                0x20000229                g_buzzer_on_flag
 *fill*         0x2000022a        0x2 
 .bss.TimingDelay
                0x2000022c        0x4 ./src/main.o
 .bss.current_heap_end.4286
                0x20000230        0x4 ./Libraries/startup/_sbrk.o
 .bss.name.4457
                0x20000234        0x4 ./Libraries/startup/_syscalls.o
 .bss.bufptr    0x20000238        0x4 ./Libraries/ioLibrary/Internet/MQTT/MQTTPacket/src/MQTTPacket.o
 .bss.retry_count.6954
                0x2000023c        0x1 ./Libraries/ioLibrary/Internet/DNS/dns.o
 .bss.dhcp_state
                0x2000023d        0x1 ./Libraries/ioLibrary/Internet/DHCP/dhcp.o
                0x2000023d                dhcp_state
 *fill*         0x2000023e        0x2 
 .bss.DHCP_allocated_sn
                0x20000240        0x4 ./Libraries/ioLibrary/Internet/DHCP/dhcp.o
                0x20000240                DHCP_allocated_sn
 .bss.dhcp_tick_1s
                0x20000244        0x4 ./Libraries/ioLibrary/Internet/DHCP/dhcp.o
                0x20000244                dhcp_tick_1s
 .bss.OLD_allocated_ip
                0x20000248        0x4 ./Libraries/ioLibrary/Internet/DHCP/dhcp.o
                0x20000248                OLD_allocated_ip
 .bss.DHCP_allocated_gw
                0x2000024c        0x4 ./Libraries/ioLibrary/Internet/DHCP/dhcp.o
                0x2000024c                DHCP_allocated_gw
 .bss.DHCP_allocated_ip
                0x20000250        0x4 ./Libraries/ioLibrary/Internet/DHCP/dhcp.o
                0x20000250                DHCP_allocated_ip
 .bss.DHCP_CHADDR
                0x20000254        0x8 ./Libraries/ioLibrary/Internet/DHCP/dhcp.o
                0x20000254                DHCP_CHADDR
 .bss.DHCP_allocated_dns
                0x2000025c        0x4 ./Libraries/ioLibrary/Internet/DHCP/dhcp.o
                0x2000025c                DHCP_allocated_dns
 .bss.dhcp_retry_count
                0x20000260        0x1 ./Libraries/ioLibrary/Internet/DHCP/dhcp.o
                0x20000260                dhcp_retry_count
 *fill*         0x20000261        0x1 
 .bss.sock_io_mode
                0x20000262        0x2 ./Libraries/ioLibrary/Ethernet/socket.o
 .bss.sock_is_sending
                0x20000264        0x2 ./Libraries/ioLibrary/Ethernet/socket.o
 *fill*         0x20000266        0x2 
 .bss.sock_pack_info
                0x20000268        0x8 ./Libraries/ioLibrary/Ethernet/socket.o
 .bss.sock_remained_size
                0x20000270       0x10 ./Libraries/ioLibrary/Ethernet/socket.o
 .bss._DHCP_    0x20000280        0x1 ./Libraries/ioLibrary/Ethernet/wizchip_conf.o
 *fill*         0x20000281        0x3 
 .bss._DNS_     0x20000284        0x4 ./Libraries/ioLibrary/Ethernet/wizchip_conf.o
 .bss.miim_MDIO
                0x20000288        0x2 ./Libraries/W7500x_StdPeriph_Driver/src/w7500x_miim.o
 *fill*         0x2000028a        0x2 
 .bss.PHY_ADDR  0x2000028c        0x4 ./Libraries/W7500x_StdPeriph_Driver/src/w7500x_miim.o
 .bss.miim_MDC  0x20000290        0x2 ./Libraries/W7500x_StdPeriph_Driver/src/w7500x_miim.o
 *fill*         0x20000292        0x2 
 .bss.miim_PORT
                0x20000294        0x4 ./Libraries/W7500x_StdPeriph_Driver/src/w7500x_miim.o
 .bss.SystemCoreClock
                0x20000298        0x4 ./Libraries/CMSIS/Device/WIZnet/W7500/Source/system_w7500x.o
 .bss.SystemSourceClock
                0x2000029c        0x4 ./Libraries/CMSIS/Device/WIZnet/W7500/Source/system_w7500x.o
 .bss.__malloc_sbrk_start
                0x200002a0        0x4 c:/program files (x86)/gnu tools arm embedded/4.8 2014q1/bin/../lib/gcc/arm-none-eabi/4.8.3/../../../../arm-none-eabi/lib/armv6-m\libg_s.a(lib_a-nano-mallocr.o)
                0x200002a0                __malloc_sbrk_start
 .bss.__malloc_free_list
                0x200002a4        0x4 c:/program files (x86)/gnu tools arm embedded/4.8 2014q1/bin/../lib/gcc/arm-none-eabi/4.8.3/../../../../arm-none-eabi/lib/armv6-m\libg_s.a(lib_a-nano-mallocr.o)
                0x200002a4                __malloc_free_list
 *(COMMON)
 COMMON         0x200002a8      0x499 ./src/RemoteIO/remote_io.o
                0x200002a8                g_data_buf
                0x200006a8                g_analog_in_register
                0x200006b0                g_digital_in_coils
                0x200006b4                g_mqtt_network
                0x200006c4                g_mqtt_client
                0x20000720                g_digital_in_register
                0x20000724                g_frequency_calculation
                0x20000740                g_modbus_function_type
 COMMON         0x20000741        0x1 ./src/PlatformHandler/analog_handler.o
                0x20000741                g_input_configuration
 *fill*         0x20000742        0x2 
 COMMON         0x20000744     0x1000 ./src/main.o
                0x20000744                g_send_buf
                0x20000f44                g_recv_buf
 COMMON         0x20001744        0x4 ./Libraries/startup/_syscalls.o
                0x20001744                errno
 COMMON         0x20001748        0x4 ./Libraries/ioLibrary/Internet/MQTT/mqtt_interface.o
                0x20001748                MilliTimer
 COMMON         0x2000174c        0xe ./Libraries/ioLibrary/Internet/DNS/dns.o
                0x2000174c                DNS_SOCKET
                0x20001750                dns_1s_tick
                0x20001754                pDNSMSG
                0x20001758                DNS_MSGID
 *fill*         0x2000175a        0x2 
 COMMON         0x2000175c        0xd ./Libraries/ioLibrary/Internet/DHCP/dhcp.o
                0x2000175c                DHCP_XID
                0x20001760                DHCP_SIP
                0x20001764                pDHCPMSG
                0x20001768                DHCP_SOCKET
 *(.bss_end .bss_end.*)
                0x2000176c                . = ALIGN (0x4)
 *fill*         0x20001769        0x3 
                0x2000176c                __bss_end__ = .
                0x2000176c                _ebss = .

.noinit         0x2000176c        0x0
                0x2000176c                . = ALIGN (0x4)
                0x2000176c                _noinit = .
 *(.noinit .noinit.*)
                0x2000176c                . = ALIGN (0x4)
                0x2000176c                _end_noinit = .
                0x2000176c                PROVIDE (end, _end_noinit)
                0x2000176c                PROVIDE (_end, _end_noinit)
                0x2000176c                PROVIDE (__end, _end_noinit)
                0x2000176c                PROVIDE (__end__, _end_noinit)

._check_stack   0x2000176c      0x100 load address 0x000145f8
                0x2000176c                . = ALIGN (0x4)
                0x2000186c                . = (. + _Minimum_Stack_Size)
 *fill*         0x2000176c      0x100 
                0x2000186c                . = ALIGN (0x4)

.bss_CCMRAM
 *(.bss.CCMRAM .bss.CCMRAM.*)

.b1text
 *(.b1text)
 *(.b1rodata)
 *(.b1rodata.*)

.eb0text
 *(.eb0text)
 *(.eb0rodata)
 *(.eb0rodata.*)

.eb1text
 *(.eb1text)
 *(.eb1rodata)
 *(.eb1rodata.*)

.eb2text
 *(.eb2text)
 *(.eb2rodata)
 *(.eb2rodata.*)

.eb3text
 *(.eb3text)
 *(.eb3rodata)
 *(.eb3rodata.*)

.stab
 *(.stab)

.stabstr
 *(.stabstr)

.stab.excl
 *(.stab.excl)

.stab.exclstr
 *(.stab.exclstr)

.stab.index
 *(.stab.index)

.stab.indexstr
 *(.stab.indexstr)

.comment        0x00000000       0x70
 *(.comment)
 .comment       0x00000000       0x70 ./src/RemoteIO/remote_io.o
                                 0x71 (size before relaxing)
 .comment       0x00000000       0x71 ./src/PlatformHandler/analog_handler.o
 .comment       0x00000000       0x71 ./src/PlatformHandler/digital_handler.o
 .comment       0x00000000       0x71 ./src/PlatformHandler/flash_handler.o
 .comment       0x00000000       0x71 ./src/PlatformHandler/gpio_handler.o
 .comment       0x00000000       0x71 ./src/PlatformHandler/storage_handler.o
 .comment       0x00000000       0x71 ./src/PlatformHandler/timer_handler.o
 .comment       0x00000000       0x71 ./src/Modbus/modbus.o
 .comment       0x00000000       0x71 ./src/Configuration/config_data.o
 .comment       0x00000000       0x71 ./src/Configuration/config_message.o
 .comment       0x00000000       0x71 ./src/Callback/dhcp_cb.o
 .comment       0x00000000       0x71 ./src/main.o
 .comment       0x00000000       0x71 ./src/retarget.o
 .comment       0x00000000       0x71 ./src/w7500x_it.o
 .comment       0x00000000       0x71 ./Libraries/startup/_exit.o
 .comment       0x00000000       0x71 ./Libraries/startup/_initialize_hardware.o