Archive member included because of file (symbol)

c:/program files (x86)/gnu tools arm embedded/4.8 2014q1/bin/../lib/gcc/arm-none-eabi/4.8.3/armv6-m\libgcc.a(_udivsi3.o)
                              ./src/PlatformHandler/timer_handler.o (__aeabi_uidiv)
c:/program files (x86)/gnu tools arm embedded/4.8 2014q1/bin/../lib/gcc/arm-none-eabi/4.8.3/armv6-m\libgcc.a(_dvmd_tls.o)
                              c:/program files (x86)/gnu tools arm embedded/4.8 2014q1/bin/../lib/gcc/arm-none-eabi/4.8.3/armv6-m\libgcc.a(_udivsi3.o) (__aeabi_idiv0)
c:/program files (x86)/gnu tools arm embedded/4.8 2014q1/bin/../lib/gcc/arm-none-eabi/4.8.3/armv6-m\libgcc.a(_fixunssfsi.o)
                              ./Libraries/W7500x_StdPeriph_Driver/src/w7500x_uart.o (__aeabi_f2uiz)
c:/program files (x86)/gnu tools arm embedded/4.8 2014q1/bin/../lib/gcc/arm-none-eabi/4.8.3/armv6-m\libgcc.a(_fixunsdfsi.o)
                              ./Libraries/W7500x_StdPeriph_Driver/src/w7500x_uart.o (__aeabi_d2uiz)
c:/program files (x86)/gnu tools arm embedded/4.8 2014q1/bin/../lib/gcc/arm-none-eabi/4.8.3/armv6-m\libgcc.a(divsf3.o)
                              ./Libraries/W7500x_StdPeriph_Driver/src/w7500x_uart.o (__aeabi_fdiv)
c:/program files (x86)/gnu tools arm embedded/4.8 2014q1/bin/../lib/gcc/arm-none-eabi/4.8.3/armv6-m\libgcc.a(mulsf3.o)
                              ./Libraries/W7500x_StdPeriph_Driver/src/w7500x_uart.o (__aeabi_fmul)
c:/program files (x86)/gnu tools arm embedded/4.8 2014q1/bin/../lib/gcc/arm-none-eabi/4.8.3/armv6-m\libgcc.a(subsf3.o)
                              ./Libraries/W7500x_StdPeriph_Driver/src/w7500x_uart.o (__aeabi_fsub)
c:/program files (x86)/gnu tools arm embedded/4.8 2014q1/bin/../lib/gcc/arm-none-eabi/4.8.3/armv6-m\libgcc.a(fixsfsi.o)
                              c:/program files (x86)/gnu tools arm embedded/4.8 2014q1/bin/../lib/gcc/arm-none-eabi/4.8.3/armv6-m\libgcc.a(_fixunssfsi.o) (__aeabi_f2iz)
c:/program files (x86)/gnu tools arm embedded/4.8 2014q1/bin/../lib/gcc/arm-none-eabi/4.8.3/armv6-m\libgcc.a(floatunsisf.o)
                              ./Libraries/W7500x_StdPeriph_Driver/src/w7500x_uart.o (__aeabi_ui2f)
c:/program files (x86)/gnu tools arm embedded/4.8 2014q1/bin/../lib/gcc/arm-none-eabi/4.8.3/armv6-m\libgcc.a(adddf3.o)
                              ./Libraries/W7500x_StdPeriph_Driver/src/w7500x_uart.o (__aeabi_dadd)
c:/program files (x86)/gnu tools arm embedded/4.8 2014q1/bin/../lib/gcc/arm-none-eabi/4.8.3/armv6-m\libgcc.a(subdf3.o)
                              c:/program files (x86)/gnu tools arm embedded/4.8 2014q1/bin/../lib/gcc/arm-none-eabi/4.8.3/armv6-m\libgcc.a(_fixunsdfsi.o) (__aeabi_dsub)
c:/program files (x86)/gnu tools arm embedded/4.8 2014q1/bin/../lib/gcc/arm-none-eabi/4.8.3/armv6-m\libgcc.a(fixdfsi.o)
                              c:/program files (x86)/gnu tools arm embedded/4.8 2014q1/bin/../lib/gcc/arm-none-eabi/4.8.3/armv6-m\libgcc.a(_fixunsdfsi.o) (__aeabi_d2iz)
c:/program files (x86)/gnu tools arm embedded/4.8 2014q1/bin/../lib/gcc/arm-none-eabi/4.8.3/armv6-m\libgcc.a(extendsfdf2.o)
                              ./Libraries/W7500x_StdPeriph_Driver/src/w7500x_uart.o (__aeabi_f2d)
c:/program files (x86)/gnu tools arm embedded/4.8 2014q1/bin/../lib/gcc/arm-none-eabi/4.8.3/armv6-m\libgcc.a(_arm_cmpdf2.o)
                              c:/program files (x86)/gnu tools arm embedded/4.8 2014q1/bin/../lib/gcc/arm-none-eabi/4.8.3/armv6-m\libgcc.a(_fixunsdfsi.o) (__aeabi_dcmpge)
c:/program files (x86)/gnu tools arm embedded/4.8 2014q1/bin/../lib/gcc/arm-none-eabi/4.8.3/armv6-m\libgcc.a(_arm_cmpsf2.o)
                              c:/program files (x86)/gnu tools arm embedded/4.8 2014q1/bin/../lib/gcc/arm-none-eabi/4.8.3/armv6-m\libgcc.a(_fixunssfsi.o) (__aeabi_fcmpge)
c:/program files (x86)/gnu tools arm embedded/4.8 2014q1/bin/../lib/gcc/arm-none-eabi/4.8.3/armv6-m\libgcc.a(_clzsi2.o)
                              c:/program files (x86)/gnu tools arm embedded/4.8 2014q1/bin/../lib/gcc/arm-none-eabi/4.8.3/armv6-m\libgcc.a(divsf3.o) (__clzsi2)
c:/program files (x86)/gnu tools arm embedded/4.8 2014q1/bin/../lib/gcc/arm-none-eabi/4.8.3/armv6-m\libgcc.a(eqsf2.o)
                              c:/program files (x86)/gnu tools arm embedded/4.8 2014q1/bin/../lib/gcc/arm-none-eabi/4.8.3/armv6-m\libgcc.a(_arm_cmpsf2.o) (__eqsf2)
c:/program files (x86)/gnu tools arm embedded/4.8 2014q1/bin/../lib/gcc/arm-none-eabi/4.8.3/armv6-m\libgcc.a(gesf2.o)
                              c:/program files (x86)/gnu tools arm embedded/4.8 2014q1/bin/../lib/gcc/arm-none-eabi/4.8.3/armv6-m\libgcc.a(_arm_cmpsf2.o) (__gesf2)
c:/program files (x86)/gnu tools arm embedded/4.8 2014q1/bin/../lib/gcc/arm-none-eabi/4.8.3/armv6-m\libgcc.a(lesf2.o)
                              c:/program files (x86)/gnu tools arm embedded/4.8 2014q1/bin/../lib/gcc/arm-none-eabi/4.8.3/armv6-m\libgcc.a(_arm_cmpsf2.o) (__lesf2)
[...]
Memory Configuration

Name             Origin             Length             Attributes
FLASH            0x00000000         0x00008000         xr
RAM              0x20000000         0x00004000         xrw
CCMRAM           0x10000000         0x00000000         xrw
FLASHB1          0x00000000         0x00000000         xr
EXTMEMB0         0x00000000         0x00000000         xr
EXTMEMB1         0x00000000         0x00000000         xr
EXTMEMB2         0x00000000         0x00000000         xr
EXTMEMB3         0x00000000         0x00000000         xr
*default*        0x00000000         0xffffffff

Linker script and memory map

LOAD ./src/PlatformHandler/flash_handler.o
LOAD ./src/PlatformHandler/gpio_handler.o
LOAD ./src/PlatformHandler/storage_handler.o
LOAD ./src/PlatformHandler/timer_handler.o
LOAD ./src/PlatformHandler/uart_handler.o
LOAD ./src/Configuration/config_data.o
LOAD ./src/Configuration/config_message.o
LOAD ./src/main.o
LOAD ./src/retarget.o
LOAD ./src/w7500x_it.o
LOAD ./Libraries/startup/_exit.o
LOAD ./Libraries/startup/_initialize_hardware.o
LOAD ./Libraries/startup/_reset_hardware.o
LOAD ./Libraries/startup/_sbrk.o
LOAD ./Libraries/startup/_startup.o
LOAD ./Libraries/startup/_syscalls.o
LOAD ./Libraries/startup/exception_handlers.o
LOAD ./Libraries/startup/vectors_W7500x.o
LOAD ./Libraries/ioLibrary/Internet/TFTP/netutil.o
LOAD ./Libraries/ioLibrary/Internet/TFTP/tftp.o
LOAD ./Libraries/ioLibrary/Internet/DNS/dns.o
LOAD ./Libraries/ioLibrary/Internet/DHCP/dhcp.o
LOAD ./Libraries/ioLibrary/Ethernet/socket.o
LOAD ./Libraries/ioLibrary/Ethernet/wizchip_conf.o
LOAD ./Libraries/ioLibrary/Application/loopback/loopback.o
LOAD ./Libraries/W7500x_StdPeriph_Driver/src/w7500x_adc.o
LOAD ./Libraries/W7500x_StdPeriph_Driver/src/w7500x_crg.o
LOAD ./Libraries/W7500x_StdPeriph_Driver/src/w7500x_dualtimer.o
LOAD ./Libraries/W7500x_StdPeriph_Driver/src/w7500x_exti.o
LOAD ./Libraries/W7500x_StdPeriph_Driver/src/w7500x_flash.o
LOAD ./Libraries/W7500x_StdPeriph_Driver/src/w7500x_gpio.o
LOAD ./Libraries/W7500x_StdPeriph_Driver/src/w7500x_miim.o
LOAD ./Libraries/W7500x_StdPeriph_Driver/src/w7500x_misc.o
LOAD ./Libraries/W7500x_StdPeriph_Driver/src/w7500x_pwm.o
LOAD ./Libraries/W7500x_StdPeriph_Driver/src/w7500x_rng.o
LOAD ./Libraries/W7500x_StdPeriph_Driver/src/w7500x_rtc.o
LOAD ./Libraries/W7500x_StdPeriph_Driver/src/w7500x_ssp.o
LOAD ./Libraries/W7500x_StdPeriph_Driver/src/w7500x_uart.o
LOAD ./Libraries/W7500x_StdPeriph_Driver/src/w7500x_wdt.o
LOAD ./Libraries/W7500x_StdPeriph_Driver/src/w7500x_wztoe.o
LOAD ./Libraries/CMSIS/Device/WIZnet/W7500/Source/system_w7500x.o
START GROUP
LOAD c:/program files (x86)/gnu tools arm embedded/4.8 2014q1/bin/../lib/gcc/arm-none-eabi/4.8.3/armv6-m\libgcc.a
LOAD c:/program files (x86)/gnu tools arm embedded/4.8 2014q1/bin/../lib/gcc/arm-none-eabi/4.8.3/../../../../arm-none-eabi/lib/armv6-m\libg_s.a
LOAD c:/program files (x86)/gnu tools arm embedded/4.8 2014q1/bin/../lib/gcc/arm-none-eabi/4.8.3/../../../../arm-none-eabi/lib/armv6-m\libc_s.a
END GROUP
START GROUP
LOAD c:/program files (x86)/gnu tools arm embedded/4.8 2014q1/bin/../lib/gcc/arm-none-eabi/4.8.3/armv6-m\libgcc.a
LOAD c:/program files (x86)/gnu tools arm embedded/4.8 2014q1/bin/../lib/gcc/arm-none-eabi/4.8.3/../../../../arm-none-eabi/lib/armv6-m\libc_s.a
END GROUP
                0x20004000                __stack = (ORIGIN (RAM) + 0x4000)
                0x20004000                _estack = __stack
                0x00000900                __Main_Stack_Size = 0x900
                0x00000900                PROVIDE (_Main_Stack_Size, __Main_Stack_Size)
                0x20003700                __Main_Stack_Limit = (__stack - __Main_Stack_Size)
                0x20003700                PROVIDE (_Main_Stack_Limit, __Main_Stack_Limit)
                0x00000100                _Minimum_Stack_Size = 0x100
                0x20001e0c                PROVIDE (_Heap_Begin, _end_noinit)
                0x20003700                PROVIDE (_Heap_Limit, (__stack - __Main_Stack_Size))

.isr_vector     0x00000000      0x17c
                0x00000000                . = ALIGN (0x4)
 *(.isr_vector)
 .isr_vector    0x00000000       0xa8 ./Libraries/startup/vectors_W7500x.o
                0x00000000                __isr_vectors
 *(.cfmconfig)
 *(.after_vectors .after_vectors.*)
 .after_vectors
                0x000000a8       0xbc ./Libraries/startup/_startup.o
                0x000000a8                _start
 .after_vectors
                0x00000164       0x18 ./Libraries/startup/exception_handlers.o
                0x00000164                Reset_Handler
                0x0000017c                . = ALIGN (0x4)

.inits          0x0000017c        0x0
                0x0000017c                . = ALIGN (0x4)
 *(.init)
 *(.fini)
                0x0000017c                . = ALIGN (0x4)
                0x0000017c                PROVIDE (__preinit_array_start, .)
 *(.preinit_array_sysinit .preinit_array_sysinit.*)
 *(.preinit_array_platform .preinit_array_platform.*)
 *(.preinit_array .preinit_array.*)
                0x0000017c                PROVIDE (__preinit_array_end, .)
                0x0000017c                . = ALIGN (0x4)
                0x0000017c                PROVIDE (__init_array_start, .)
 *(SORT(.init_array.*))
 *(.init_array)
                0x0000017c                PROVIDE (__init_array_end, .)
                0x0000017c                . = ALIGN (0x4)
                0x0000017c                PROVIDE (__fini_array_start, .)
 *(SORT(.fini_array.*))
 *(.fini_array)
                0x0000017c                PROVIDE (__fini_array_end, .)
                0x0000017c                . = ALIGN (0x4)

.flashtext      0x0000017c        0x0
                0x0000017c                . = ALIGN (0x4)
 *(.flashtext .flashtext.*)
                0x0000017c                . = ALIGN (0x4)

.text           0x0000017c     0x4c20
                0x0000017c                . = ALIGN (0x4)
 *(.text .text.*)
 .text.erase_flash_page
                0x0000017c       0x14 ./src/PlatformHandler/flash_handler.o
                0x0000017c                erase_flash_page
 .text.erase_flash_block
                0x00000190       0x14 ./src/PlatformHandler/flash_handler.o
                0x00000190                erase_flash_block
 .text.write_flash
                0x000001a4       0x1c ./src/PlatformHandler/flash_handler.o
                0x000001a4                write_flash
 .text.read_flash
                0x000001c0       0x14 ./src/PlatformHandler/flash_handler.o
                0x000001c0                read_flash
 .text.save_data
                0x000001d4       0x44 ./src/PlatformHandler/flash_handler.o
                0x000001d4                save_data
 .text.InitLed  0x00000218       0x3c ./src/PlatformHandler/gpio_handler.o
                0x00000218                InitLed
 .text.OffLed   0x00000254       0x20 ./src/PlatformHandler/gpio_handler.o
                0x00000254                OffLed
 .text.ToggleLed
                0x00000274       0x1c ./src/PlatformHandler/gpio_handler.o
                0x00000274                ToggleLed
 .text.InitBootPin
                0x00000290       0x20 ./src/PlatformHandler/gpio_handler.o
                0x00000290                InitBootPin
 .text.GetBootPinStatus
                0x000002b0       0x10 ./src/PlatformHandler/gpio_handler.o
                0x000002b0                GetBootPinStatus
 .text.InitBuzzerPin
                0x000002c0       0x28 ./src/PlatformHandler/gpio_handler.o
                0x000002c0                InitBuzzerPin
 .text.OnBuzzer
                0x000002e8       0x10 ./src/PlatformHandler/gpio_handler.o
                0x000002e8                OnBuzzer
 .text.OffBuzzer
                0x000002f8       0x10 ./src/PlatformHandler/gpio_handler.o
                0x000002f8                OffBuzzer
 .text.read_storage
                0x00000308       0x18 ./src/PlatformHandler/storage_handler.o
                0x00000308                read_storage
 .text.write_storage
                0x00000320       0x30 ./src/PlatformHandler/storage_handler.o
                0x00000320                write_storage
 .text.Timer0IRQHandler
                0x00000350       0x8c ./src/PlatformHandler/timer_handler.o
                0x00000350                Timer0IRQHandler
 .text.Timer1IRQHandler
                0x000003dc       0x24 ./src/PlatformHandler/timer_handler.o
                0x000003dc                Timer1IRQHandler
 .text.ConfigurationTimer0
                0x00000400       0x48 ./src/PlatformHandler/timer_handler.o
                0x00000400                ConfigurationTimer0
 .text.delay_cnt
                0x00000448       0x14 ./src/PlatformHandler/timer_handler.o
                0x00000448                delay_cnt
 .text.delay_ms
                0x0000045c       0x2c ./src/PlatformHandler/timer_handler.o
                0x0000045c                delay_ms
 .text.myprintf
                0x00000488       0x24 ./src/PlatformHandler/uart_handler.o
                0x00000488                myprintf
 .text.GetWIZIOPacketPointer
                0x000004ac        0x8 ./src/Configuration/config_data.o
                0x000004ac                GetWIZIOPacketPointer
 .text.SetWIZIOPacketToFactoryValue
                0x000004b4      0x1d4 ./src/Configuration/config_data.o
                0x000004b4                SetWIZIOPacketToFactoryValue
 .text.LoadWIZIOPacketFromStorage
                0x00000688       0x40 ./src/Configuration/config_data.o
                0x00000688                LoadWIZIOPacketFromStorage
 .text.SaveWIZIOPacketToStorage
                0x000006c8       0x20 ./src/Configuration/config_data.o
                0x000006c8                SaveWIZIOPacketToStorage
 .text.GetWIZIOPacketValue
                0x000006e8        0x8 ./src/Configuration/config_data.o
                0x000006e8                GetWIZIOPacketValue
 .text.SetWIZIOPacketValue
                0x000006f0        0x8 ./src/Configuration/config_data.o
                0x000006f0                SetWIZIOPacketValue
 .text.ConfigurationNet
                0x000006f8       0x70 ./src/Configuration/config_data.o
                0x000006f8                ConfigurationNet
 .text.AsciiToNum
                0x00000768       0x1c ./src/Configuration/config_data.o
                0x00000768                AsciiToNum
 .text.GetHex   0x00000784       0x1c ./src/Configuration/config_data.o
                0x00000784                GetHex
 .text.CheckMacAddress
                0x000007a0       0xa8 ./src/Configuration/config_data.o
                0x000007a0                CheckMacAddress
 .text.NVIC_SystemReset
                0x00000848       0x18 ./src/Configuration/config_message.o
 .text.Encrypt  0x00000860       0x18 ./src/Configuration/config_message.o
 .text.Decrypt  0x00000878       0x18 ./src/Configuration/config_message.o
 .text.ProcessGetInfo
                0x00000890       0xf4 ./src/Configuration/config_message.o
 .text.ProcessDiscovery
                0x00000984      0x244 ./src/Configuration/config_message.o
 .text.ProcessSetInfo
                0x00000bc8      0x134 ./src/Configuration/config_message.o
 .text.ProcessRemoteReset
                0x00000cfc       0xf8 ./src/Configuration/config_message.o
 .text.ProcessFirmwareUploadInit
                0x00000df4      0x17c ./src/Configuration/config_message.o
 .text.ProcessFactoryReset
                0x00000f70      0x100 ./src/Configuration/config_message.o
 .text.ReplyFirmwareUploadDone
                0x00001070       0xb8 ./src/Configuration/config_message.o
                0x00001070                ReplyFirmwareUploadDone
 .text.RunUdpConfig
                0x00001128       0xd0 ./src/Configuration/config_message.o
                0x00001128                RunUdpConfig
 .text.application_jump
                0x000011f8       0x18 ./src/main.o
 .text.Backup_Boot_Interrupt_VectorTable
                0x00001210       0x2c ./src/main.o
 .text.Copy_Interrupt_VectorTable
                0x0000123c       0x58 ./src/main.o
 .text.application_update
                0x00001294       0x64 ./src/main.o
 .text.main     0x000012f8      0x1dc ./src/main.o
                0x000012f8                main
 .text.TimingDelay_Decrement
                0x000014d4       0x18 ./src/main.o
                0x000014d4                TimingDelay_Decrement
 .text.assert_failed
                0x000014ec       0x14 ./src/main.o
                0x000014ec                assert_failed
 .text.S_UartPutc
                0x00001500        0xc ./src/retarget.o
                0x00001500                S_UartPutc
 .text._write   0x0000150c       0x1c ./src/retarget.o
                0x0000150c                _write
 .text.S_UartPuts
                0x00001528       0x18 ./src/retarget.o
                0x00001528                S_UartPuts
 .text.S_UartGetc
                0x00001540       0x18 ./src/retarget.o
                0x00001540                S_UartGetc
 .text.NMI_Handler
                0x00001558        0x4 ./src/w7500x_it.o
                0x00001558                NMI_Handler
 .text.HardFault_Handler
                0x0000155c       0x10 ./src/w7500x_it.o
                0x0000155c                HardFault_Handler
 .text.SVC_Handler
                0x0000156c        0x4 ./src/w7500x_it.o
                0x0000156c                SVC_Handler
 .text.PendSV_Handler
                0x00001570        0x4 ./src/w7500x_it.o
                0x00001570                PendSV_Handler
 .text.SysTick_Handler
                0x00001574        0x8 ./src/w7500x_it.o
                0x00001574                SysTick_Handler
 .text.SSP0_Handler
                0x0000157c        0x4 ./src/w7500x_it.o
                0x0000157c                SSP0_Handler
 .text.SSP1_Handler
                0x00001580        0x4 ./src/w7500x_it.o
                0x00001580                SSP1_Handler
 .text.UART0_Handler
                0x00001584        0x4 ./src/w7500x_it.o
                0x00001584                UART0_Handler
 .text.UART1_Handler
                0x00001588        0x4 ./src/w7500x_it.o
                0x00001588                UART1_Handler
 .text.UART2_Handler
                0x0000158c        0x4 ./src/w7500x_it.o
                0x0000158c                UART2_Handler
 .text.PORT0_Handler
                0x00001590        0x4 ./src/w7500x_it.o
                0x00001590                PORT0_Handler
 .text.PORT1_Handler
                0x00001594        0x4 ./src/w7500x_it.o
                0x00001594                PORT1_Handler
 .text.PORT2_Handler
                0x00001598        0x4 ./src/w7500x_it.o
                0x00001598                PORT2_Handler
 .text.PORT3_Handler
                0x0000159c        0x4 ./src/w7500x_it.o
                0x0000159c                PORT3_Handler
 .text.DMA_Handler
                0x000015a0        0x4 ./src/w7500x_it.o
                0x000015a0                DMA_Handler
 .text.DUALTIMER0_Handler
                0x000015a4        0x8 ./src/w7500x_it.o
                0x000015a4                DUALTIMER0_Handler
 .text.DUALTIMER1_Handler
                0x000015ac        0x8 ./src/w7500x_it.o
                0x000015ac                DUALTIMER1_Handler
 .text.PWM0_Handler
                0x000015b4        0x4 ./src/w7500x_it.o
                0x000015b4                PWM0_Handler
 .text.PWM1_Handler
                0x000015b8        0x4 ./src/w7500x_it.o
                0x000015b8                PWM1_Handler
 .text.PWM2_Handler
                0x000015bc        0x4 ./src/w7500x_it.o
                0x000015bc                PWM2_Handler
 .text.PWM3_Handler
                0x000015c0        0x4 ./src/w7500x_it.o
                0x000015c0                PWM3_Handler
 .text.PWM4_Handler
                0x000015c4        0x4 ./src/w7500x_it.o
                0x000015c4                PWM4_Handler
 .text.PWM5_Handler
                0x000015c8        0x4 ./src/w7500x_it.o
                0x000015c8                PWM5_Handler
 .text.PWM6_Handler
                0x000015cc        0x4 ./src/w7500x_it.o
                0x000015cc                PWM6_Handler
 .text.PWM7_Handler
                0x000015d0        0x4 ./src/w7500x_it.o
                0x000015d0                PWM7_Handler
 .text.RTC_Handler
                0x000015d4        0x4 ./src/w7500x_it.o
                0x000015d4                RTC_Handler
 .text.ADC_Handler
                0x000015d8        0x4 ./src/w7500x_it.o
                0x000015d8                ADC_Handler
 .text.WZTOE_Handler
                0x000015dc        0x4 ./src/w7500x_it.o
                0x000015dc                WZTOE_Handler
 .text.EXTI_Handler
                0x000015e0        0x4 ./src/w7500x_it.o
                0x000015e0                EXTI_Handler
 .text._exit    0x000015e4        0x8 ./Libraries/startup/_exit.o
                0x000015e4                _exit
 .text.__initialize_hardware
                0x000015ec        0x8 ./Libraries/startup/_initialize_hardware.o
                0x000015ec                __initialize_hardware
 .text.__reset_hardware
                0x000015f4       0x18 ./Libraries/startup/_reset_hardware.o
                0x000015f4                __reset_hardware
 .text._sbrk    0x0000160c       0x44 ./Libraries/startup/_sbrk.o
                0x0000160c                _sbrk
 .text.__initialize_args
                0x00001650       0x10 ./Libraries/startup/_syscalls.o
                0x00001650                __initialize_args
 .text._close   0x00001660       0x10 ./Libraries/startup/_syscalls.o
                0x00001660                _close
 .text._fstat   0x00001670       0x10 ./Libraries/startup/_syscalls.o
                0x00001670                _fstat
 .text._isatty  0x00001680       0x10 ./Libraries/startup/_syscalls.o
                0x00001680                _isatty
 .text._lseek   0x00001690       0x10 ./Libraries/startup/_syscalls.o
                0x00001690                _lseek
 .text._read    0x000016a0       0x10 ./Libraries/startup/_syscalls.o
                0x000016a0                _read
 .text.swaps    0x000016b0        0xc ./Libraries/ioLibrary/Internet/TFTP/netutil.o
                0x000016b0                swaps
 .text.swapl    0x000016bc       0x18 ./Libraries/ioLibrary/Internet/TFTP/netutil.o
                0x000016bc                swapl
 .text.htons    0x000016d4        0x8 ./Libraries/ioLibrary/Internet/TFTP/netutil.o
                0x000016d4                htons
 .text.htonl    0x000016dc        0x8 ./Libraries/ioLibrary/Internet/TFTP/netutil.o
                0x000016dc                htonl
 .text.ntohs    0x000016e4        0x8 ./Libraries/ioLibrary/Internet/TFTP/netutil.o
                0x000016e4                ntohs
 .text.ntohl    0x000016ec        0x8 ./Libraries/ioLibrary/Internet/TFTP/netutil.o
                0x000016ec                ntohl
 .text.init_tftp
                0x000016f4       0x58 ./Libraries/ioLibrary/Internet/TFTP/tftp.o
 .text.tftp_cancel_timeout
                0x0000174c       0x24 ./Libraries/ioLibrary/Internet/TFTP/tftp.o
 .text.tftp_reg_timeout
                0x00001770       0x28 ./Libraries/ioLibrary/Internet/TFTP/tftp.o
 .text.open_tftp_socket
                0x00001798       0x3c ./Libraries/ioLibrary/Internet/TFTP/tftp.o
 .text.set_filename
                0x000017d4       0x14 ./Libraries/ioLibrary/Internet/TFTP/tftp.o
 .text.send_udp_packet
                0x000017e8       0x34 ./Libraries/ioLibrary/Internet/TFTP/tftp.o
 .text.send_tftp_rrq
                0x0000181c       0xcc ./Libraries/ioLibrary/Internet/TFTP/tftp.o
 .text.send_tftp_ack
                0x000018e8       0x44 ./Libraries/ioLibrary/Internet/TFTP/tftp.o
 .text.recv_tftp_oack
                0x0000192c       0x34 ./Libraries/ioLibrary/Internet/TFTP/tftp.o
 .text.recv_udp_packet
                0x00001960       0x78 ./Libraries/ioLibrary/Internet/TFTP/tftp.o
 .text.recv_tftp_error
                0x000019d8       0x24 ./Libraries/ioLibrary/Internet/TFTP/tftp.o
 .text.recv_tftp_data
                0x000019fc       0x90 ./Libraries/ioLibrary/Internet/TFTP/tftp.o
 .text.recv_tftp_packet
                0x00001a8c       0x60 ./Libraries/ioLibrary/Internet/TFTP/tftp.o
 .text.TFTP_init
                0x00001aec       0x2c ./Libraries/ioLibrary/Internet/TFTP/tftp.o
                0x00001aec                TFTP_init
 .text.TFTP_run
                0x00001b18       0xbc ./Libraries/ioLibrary/Internet/TFTP/tftp.o
                0x00001b18                TFTP_run
 .text.TFTP_read_request
                0x00001bd4       0x2c ./Libraries/ioLibrary/Internet/TFTP/tftp.o
                0x00001bd4                TFTP_read_request
 .text.tftp_timeout_handler
                0x00001c00       0x1c ./Libraries/ioLibrary/Internet/TFTP/tftp.o
                0x00001c00                tftp_timeout_handler
 .text.close    0x00001c1c       0x74 ./Libraries/ioLibrary/Ethernet/socket.o
                0x00001c1c                close
 .text.socket   0x00001c90      0x11c ./Libraries/ioLibrary/Ethernet/socket.o
                0x00001c90                socket
 .text.sendto   0x00001dac      0x1d0 ./Libraries/ioLibrary/Ethernet/socket.o
                0x00001dac                sendto
 .text.recvfrom
                0x00001f7c      0x214 ./Libraries/ioLibrary/Ethernet/socket.o
                0x00001f7c                recvfrom
 .text.getsockopt
                0x00002190      0x174 ./Libraries/ioLibrary/Ethernet/socket.o
                0x00002190                getsockopt
 .text.wizchip_cris_enter
                0x00002304        0x4 ./Libraries/ioLibrary/Ethernet/wizchip_conf.o
                0x00002304                wizchip_cris_enter
 .text.wizchip_cris_exit
                0x00002308        0x4 ./Libraries/ioLibrary/Ethernet/wizchip_conf.o
                0x00002308                wizchip_cris_exit
 .text.wizchip_cs_select
                0x0000230c        0x4 ./Libraries/ioLibrary/Ethernet/wizchip_conf.o
                0x0000230c                wizchip_cs_select
 .text.wizchip_cs_deselect
                0x00002310        0x4 ./Libraries/ioLibrary/Ethernet/wizchip_conf.o
                0x00002310                wizchip_cs_deselect
 .text.wizchip_bus_readbyte
                0x00002314        0x8 ./Libraries/ioLibrary/Ethernet/wizchip_conf.o
                0x00002314                wizchip_bus_readbyte
 .text.wizchip_bus_writebyte
                0x0000231c        0x4 ./Libraries/ioLibrary/Ethernet/wizchip_conf.o
                0x0000231c                wizchip_bus_writebyte
 .text.wizchip_sw_reset
                0x00002320      0x1b0 ./Libraries/ioLibrary/Ethernet/wizchip_conf.o
                0x00002320                wizchip_sw_reset
 .text.wizchip_init
                0x000024d0       0xa0 ./Libraries/ioLibrary/Ethernet/wizchip_conf.o
                0x000024d0                wizchip_init
 .text.wizchip_clrinterrupt
                0x00002570       0x20 ./Libraries/ioLibrary/Ethernet/wizchip_conf.o
                0x00002570                wizchip_clrinterrupt
 .text.wizchip_getinterrupt
                0x00002590       0x20 ./Libraries/ioLibrary/Ethernet/wizchip_conf.o
                0x00002590                wizchip_getinterrupt
 .text.wizchip_setinterruptmask
                0x000025b0       0x20 ./Libraries/ioLibrary/Ethernet/wizchip_conf.o
                0x000025b0                wizchip_setinterruptmask
 .text.wizchip_getinterruptmask
                0x000025d0       0x20 ./Libraries/ioLibrary/Ethernet/wizchip_conf.o
                0x000025d0                wizchip_getinterruptmask
 .text.wizphy_getphylink
                0x000025f0        0x8 ./Libraries/ioLibrary/Ethernet/wizchip_conf.o
                0x000025f0                wizphy_getphylink
 .text.wizphy_getphypmode
                0x000025f8        0x8 ./Libraries/ioLibrary/Ethernet/wizchip_conf.o
                0x000025f8                wizphy_getphypmode
 .text.ctlwizchip
                0x00002600       0xb4 ./Libraries/ioLibrary/Ethernet/wizchip_conf.o
                0x00002600                ctlwizchip
 .text.wizchip_setnetinfo
                0x000026b4      0x100 ./Libraries/ioLibrary/Ethernet/wizchip_conf.o
                0x000026b4                wizchip_setnetinfo
 .text.wizchip_getnetinfo
                0x000027b4      0x100 ./Libraries/ioLibrary/Ethernet/wizchip_conf.o
                0x000027b4                wizchip_getnetinfo
 .text.wizchip_setnetmode
                0x000028b4       0x2c ./Libraries/ioLibrary/Ethernet/wizchip_conf.o
                0x000028b4                wizchip_setnetmode
 .text.wizchip_getnetmode
                0x000028e0       0x10 ./Libraries/ioLibrary/Ethernet/wizchip_conf.o
                0x000028e0                wizchip_getnetmode
 .text.wizchip_settimeout
                0x000028f0       0x1c ./Libraries/ioLibrary/Ethernet/wizchip_conf.o
                0x000028f0                wizchip_settimeout
 .text.wizchip_gettimeout
                0x0000290c       0x1c ./Libraries/ioLibrary/Ethernet/wizchip_conf.o
                0x0000290c                wizchip_gettimeout
 .text.ctlnetwork
                0x00002928       0x54 ./Libraries/ioLibrary/Ethernet/wizchip_conf.o
                0x00002928                ctlnetwork
 .text.CRG_PLL_Bypass
                0x0000297c       0x1c ./Libraries/W7500x_StdPeriph_Driver/src/w7500x_crg.o
                0x0000297c                CRG_PLL_Bypass
 .text.CRG_PLL_SourceSelect
                0x00002998       0x30 ./Libraries/W7500x_StdPeriph_Driver/src/w7500x_crg.o
                0x00002998                CRG_PLL_SourceSelect
 .text.DUALTIMER_Cmd
                0x000029c8       0x68 ./Libraries/W7500x_StdPeriph_Driver/src/w7500x_dualtimer.o
                0x000029c8                DUALTIMER_Cmd
 .text.DUALTIMER_Init
                0x00002a30       0xec ./Libraries/W7500x_StdPeriph_Driver/src/w7500x_dualtimer.o
                0x00002a30                DUALTIMER_Init
 .text.DUALTIMER_ITConfig
                0x00002b1c       0x64 ./Libraries/W7500x_StdPeriph_Driver/src/w7500x_dualtimer.o
                0x00002b1c                DUALTIMER_ITConfig
 .text.DUALTIMER_GetITStatus
                0x00002b80       0x40 ./Libraries/W7500x_StdPeriph_Driver/src/w7500x_dualtimer.o
                0x00002b80                DUALTIMER_GetITStatus
 .text.DUALTIMER_ClearIT
                0x00002bc0       0x40 ./Libraries/W7500x_StdPeriph_Driver/src/w7500x_dualtimer.o
                0x00002bc0                DUALTIMER_ClearIT
 .text.FLASH_IAP
                0x00002c00       0x20 ./Libraries/W7500x_StdPeriph_Driver/src/w7500x_flash.o
                0x00002c00                FLASH_IAP
 .text.GPIO_ReadInputDataBit
                0x00002c20       0xa8 ./Libraries/W7500x_StdPeriph_Driver/src/w7500x_gpio.o
                0x00002c20                GPIO_ReadInputDataBit
 .text.GPIO_SetBits
                0x00002cc8       0x5c ./Libraries/W7500x_StdPeriph_Driver/src/w7500x_gpio.o
                0x00002cc8                GPIO_SetBits
 .text.GPIO_ResetBits
                0x00002d24       0x5c ./Libraries/W7500x_StdPeriph_Driver/src/w7500x_gpio.o
                0x00002d24                GPIO_ResetBits
 .text.GPIO_PinAFConfig
                0x00002d80       0x9c ./Libraries/W7500x_StdPeriph_Driver/src/w7500x_gpio.o
                0x00002d80                GPIO_PinAFConfig
 .text.GPIO_PinPadConfig
                0x00002e1c       0x90 ./Libraries/W7500x_StdPeriph_Driver/src/w7500x_gpio.o
                0x00002e1c                GPIO_PinPadConfig
 .text.GPIO_Read_PinPad
                0x00002eac       0x98 ./Libraries/W7500x_StdPeriph_Driver/src/w7500x_gpio.o
                0x00002eac                GPIO_Read_PinPad
 .text.GPIO_Init
                0x00002f44      0x144 ./Libraries/W7500x_StdPeriph_Driver/src/w7500x_gpio.o
                0x00002f44                GPIO_Init
 .text.miim_delay
                0x00003088       0x18 ./Libraries/W7500x_StdPeriph_Driver/src/w7500x_miim.o
 .text.MDIO_Out
                0x000030a0       0x7c ./Libraries/W7500x_StdPeriph_Driver/src/w7500x_miim.o
 .text.MDIO_Turnaround
                0x0000311c       0x40 ./Libraries/W7500x_StdPeriph_Driver/src/w7500x_miim.o
 .text.MDIO_Idle
                0x0000315c       0x38 ./Libraries/W7500x_StdPeriph_Driver/src/w7500x_miim.o
 .text.MDIO_In  0x00003194       0x58 ./Libraries/W7500x_StdPeriph_Driver/src/w7500x_miim.o
 .text.MDIO_GetData
                0x000031ec       0x3c ./Libraries/W7500x_StdPeriph_Driver/src/w7500x_miim.o
 .text.PHY_GetId
                0x00003228       0x34 ./Libraries/W7500x_StdPeriph_Driver/src/w7500x_miim.o
 .text.PHY_Init
                0x0000325c       0x60 ./Libraries/W7500x_StdPeriph_Driver/src/w7500x_miim.o
                0x0000325c                PHY_Init
 .text.PHY_GetLinkStatus
                0x000032bc       0x18 ./Libraries/W7500x_StdPeriph_Driver/src/w7500x_miim.o
                0x000032bc                PHY_GetLinkStatus
 .text.S_UART_Init
                0x000032d4       0x18 ./Libraries/W7500x_StdPeriph_Driver/src/w7500x_uart.o
                0x000032d4                S_UART_Init
 .text.S_UART_Cmd
                0x000032ec       0x38 ./Libraries/W7500x_StdPeriph_Driver/src/w7500x_uart.o
                0x000032ec                S_UART_Cmd
 .text.S_UART_SendData
                0x00003324       0x14 ./Libraries/W7500x_StdPeriph_Driver/src/w7500x_uart.o
                0x00003324                S_UART_SendData
 .text.S_UART_ReceiveData
                0x00003338        0xc ./Libraries/W7500x_StdPeriph_Driver/src/w7500x_uart.o
                0x00003338                S_UART_ReceiveData
 .text.WIZCHIP_READ
                0x00003344        0x8 ./Libraries/W7500x_StdPeriph_Driver/src/w7500x_wztoe.o
                0x00003344                WIZCHIP_READ
 .text.WIZCHIP_WRITE
                0x0000334c        0x4 ./Libraries/W7500x_StdPeriph_Driver/src/w7500x_wztoe.o
                0x0000334c                WIZCHIP_WRITE
 .text.WIZCHIP_READ_BUF
                0x00003350       0x1c ./Libraries/W7500x_StdPeriph_Driver/src/w7500x_wztoe.o
                0x00003350                WIZCHIP_READ_BUF
 .text.WIZCHIP_WRITE_BUF
                0x0000336c       0x1c ./Libraries/W7500x_StdPeriph_Driver/src/w7500x_wztoe.o
                0x0000336c                WIZCHIP_WRITE_BUF
 .text.wiz_send_data
                0x00003388       0x38 ./Libraries/W7500x_StdPeriph_Driver/src/w7500x_wztoe.o
                0x00003388                wiz_send_data
 .text.wiz_recv_data
                0x000033c0       0x38 ./Libraries/W7500x_StdPeriph_Driver/src/w7500x_wztoe.o
                0x000033c0                wiz_recv_data
 .text.wiz_recv_macraw_data
                0x000033f8       0x44 ./Libraries/W7500x_StdPeriph_Driver/src/w7500x_wztoe.o
                0x000033f8                wiz_recv_macraw_data
 .text.wiz_recv_ignore
                0x0000343c       0x30 ./Libraries/W7500x_StdPeriph_Driver/src/w7500x_wztoe.o
                0x0000343c                wiz_recv_ignore
 .text.GetSystemClock
                0x0000346c        0xc ./Libraries/CMSIS/Device/WIZnet/W7500/Source/system_w7500x.o
                0x0000346c                GetSystemClock
 .text.GetSourceClock
                0x00003478        0xc ./Libraries/CMSIS/Device/WIZnet/W7500/Source/system_w7500x.o
                0x00003478                GetSourceClock
 .text.SystemCoreClockUpdate
                0x00003484       0x18 ./Libraries/CMSIS/Device/WIZnet/W7500/Source/system_w7500x.o
                0x00003484                SystemCoreClockUpdate
 .text.SetSysClock
                0x0000349c       0x24 ./Libraries/CMSIS/Device/WIZnet/W7500/Source/system_w7500x.o
 .text.SystemInit
                0x000034c0       0x28 ./Libraries/CMSIS/Device/WIZnet/W7500/Source/system_w7500x.o
                0x000034c0                SystemInit
 .text          0x000034e8       0x9c c:/program files (x86)/gnu tools arm embedded/4.8 2014q1/bin/../lib/gcc/arm-none-eabi/4.8.3/armv6-m\libgcc.a(_udivsi3.o)
                0x000034e8                __aeabi_uidiv
                0x000034e8                __udivsi3
                0x00003570                __aeabi_uidivmod
 .text          0x00003584        0x4 c:/program files (x86)/gnu tools arm embedded/4.8 2014q1/bin/../lib/gcc/arm-none-eabi/4.8.3/armv6-m\libgcc.a(_dvmd_tls.o)
                0x00003584                __aeabi_idiv0
                0x00003584                __aeabi_ldiv0
 .text.__errno  0x00003588        0xc c:/program files (x86)/gnu tools arm embedded/4.8 2014q1/bin/../lib/gcc/arm-none-eabi/4.8.3/../../../../arm-none-eabi/lib/armv6-m\libg_s.a(lib_a-errno.o)
                0x00003588                __errno
 .text.memcmp   0x00003594       0x1e c:/program files (x86)/gnu tools arm embedded/4.8 2014q1/bin/../lib/gcc/arm-none-eabi/4.8.3/../../../../arm-none-eabi/lib/armv6-m\libg_s.a(lib_a-memcmp.o)
                0x00003594                memcmp
 .text.memcpy   0x000035b2       0x12 c:/program files (x86)/gnu tools arm embedded/4.8 2014q1/bin/../lib/gcc/arm-none-eabi/4.8.3/../../../../arm-none-eabi/lib/armv6-m\libg_s.a(lib_a-memcpy-stub.o)
                0x000035b2                memcpy
 .text.memset   0x000035c4       0x10 c:/program files (x86)/gnu tools arm embedded/4.8 2014q1/bin/../lib/gcc/arm-none-eabi/4.8.3/../../../../arm-none-eabi/lib/armv6-m\libg_s.a(lib_a-memset.o)
                0x000035c4                memset
 .text.printf   0x000035d4       0x34 c:/program files (x86)/gnu tools arm embedded/4.8 2014q1/bin/../lib/gcc/arm-none-eabi/4.8.3/../../../../arm-none-eabi/lib/armv6-m\libg_s.a(lib_a-printf.o)
                0x000035d4                iprintf
                0x000035d4                printf
 .text._puts_r  0x00003608       0xc2 c:/program files (x86)/gnu tools arm embedded/4.8 2014q1/bin/../lib/gcc/arm-none-eabi/4.8.3/../../../../arm-none-eabi/lib/armv6-m\libg_s.a(lib_a-puts.o)
                0x00003608                _puts_r
 *fill*         0x000036ca        0x2 
 .text.puts     0x000036cc       0x14 c:/program files (x86)/gnu tools arm embedded/4.8 2014q1/bin/../lib/gcc/arm-none-eabi/4.8.3/../../../../arm-none-eabi/lib/armv6-m\libg_s.a(lib_a-puts.o)
                0x000036cc                puts
 .text          0x000036e0       0x14 c:/program files (x86)/gnu tools arm embedded/4.8 2014q1/bin/../lib/gcc/arm-none-eabi/4.8.3/../../../../arm-none-eabi/lib/armv6-m\libg_s.a(lib_a-strcmp.o)
                0x000036e0                strcmp
 .text.strcpy   0x000036f4       0x10 c:/program files (x86)/gnu tools arm embedded/4.8 2014q1/bin/../lib/gcc/arm-none-eabi/4.8.3/../../../../arm-none-eabi/lib/armv6-m\libg_s.a(lib_a-strcpy.o)
                0x000036f4                strcpy
 .text.strlen   0x00003704        0xe c:/program files (x86)/gnu tools arm embedded/4.8 2014q1/bin/../lib/gcc/arm-none-eabi/4.8.3/../../../../arm-none-eabi/lib/armv6-m\libg_s.a(lib_a-strlen.o)
                0x00003704                strlen
 *fill*         0x00003712        0x2 
 .text.__ssputs_r
                0x00003714       0xc0 c:/program files (x86)/gnu tools arm embedded/4.8 2014q1/bin/../lib/gcc/arm-none-eabi/4.8.3/../../../../arm-none-eabi/lib/armv6-m\libg_s.a(lib_a-svfprintf.o)
                0x00003714                __ssputs_r
 .text._svfprintf_r
                0x000037d4      0x1e0 c:/program files (x86)/gnu tools arm embedded/4.8 2014q1/bin/../lib/gcc/arm-none-eabi/4.8.3/../../../../arm-none-eabi/lib/armv6-m\libg_s.a(lib_a-svfprintf.o)
                0x000037d4                _svfiprintf_r
                0x000037d4                _svfprintf_r
 .text.__sfputc_r
                0x000039b4       0x2a c:/program files (x86)/gnu tools arm embedded/4.8 2014q1/bin/../lib/gcc/arm-none-eabi/4.8.3/../../../../arm-none-eabi/lib/armv6-m\libg_s.a(lib_a-vfprintf.o)
 .text.__sfputs_r
                0x000039de       0x24 c:/program files (x86)/gnu tools arm embedded/4.8 2014q1/bin/../lib/gcc/arm-none-eabi/4.8.3/../../../../arm-none-eabi/lib/armv6-m\libg_s.a(lib_a-vfprintf.o)
                0x000039de                __sfputs_r
 *fill*         0x00003a02        0x2 
 .text._vfprintf_r
                0x00003a04      0x210 c:/program files (x86)/gnu tools arm embedded/4.8 2014q1/bin/../lib/gcc/arm-none-eabi/4.8.3/../../../../arm-none-eabi/lib/armv6-m\libg_s.a(lib_a-vfprintf.o)
                0x00003a04                _vfprintf_r
                0x00003a04                _vfiprintf_r
 .text._printf_common
                0x00003c14       0xe8 c:/program files (x86)/gnu tools arm embedded/4.8 2014q1/bin/../lib/gcc/arm-none-eabi/4.8.3/../../../../arm-none-eabi/lib/armv6-m\libg_s.a(lib_a-vfprintf_i.o)
                0x00003c14                _printf_common
 .text._printf_i
                0x00003cfc      0x22c c:/program files (x86)/gnu tools arm embedded/4.8 2014q1/bin/../lib/gcc/arm-none-eabi/4.8.3/../../../../arm-none-eabi/lib/armv6-m\libg_s.a(lib_a-vfprintf_i.o)
                0x00003cfc                _printf_i
 .text._vsprintf_r
                0x00003f28       0x30 c:/program files (x86)/gnu tools arm embedded/4.8 2014q1/bin/../lib/gcc/arm-none-eabi/4.8.3/../../../../arm-none-eabi/lib/armv6-m\libg_s.a(lib_a-vsprintf.o)
                0x00003f28                _vsprintf_r
                0x00003f28                _vsiprintf_r
 .text.vsprintf
                0x00003f58       0x1c c:/program files (x86)/gnu tools arm embedded/4.8 2014q1/bin/../lib/gcc/arm-none-eabi/4.8.3/../../../../arm-none-eabi/lib/armv6-m\libg_s.a(lib_a-vsprintf.o)
                0x00003f58                vsiprintf
                0x00003f58                vsprintf
 .text.__swbuf_r
                0x00003f74       0xb0 c:/program files (x86)/gnu tools arm embedded/4.8 2014q1/bin/../lib/gcc/arm-none-eabi/4.8.3/../../../../arm-none-eabi/lib/armv6-m\libg_s.a(lib_a-wbuf.o)
                0x00003f74                __swbuf_r
 .text.__swsetup_r
                0x00004024       0xe4 c:/program files (x86)/gnu tools arm embedded/4.8 2014q1/bin/../lib/gcc/arm-none-eabi/4.8.3/../../../../arm-none-eabi/lib/armv6-m\libg_s.a(lib_a-wsetup.o)
                0x00004024                __swsetup_r
 .text.__sflush_r
                0x00004108      0x112 c:/program files (x86)/gnu tools arm embedded/4.8 2014q1/bin/../lib/gcc/arm-none-eabi/4.8.3/../../../../arm-none-eabi/lib/armv6-m\libg_s.a(lib_a-fflush.o)
                0x00004108                __sflush_r
 *fill*         0x0000421a        0x2 
 .text._fflush_r
                0x0000421c       0x58 c:/program files (x86)/gnu tools arm embedded/4.8 2014q1/bin/../lib/gcc/arm-none-eabi/4.8.3/../../../../arm-none-eabi/lib/armv6-m\libg_s.a(lib_a-fflush.o)
                0x0000421c                _fflush_r
 .text._cleanup_r
                0x00004274       0x34 c:/program files (x86)/gnu tools arm embedded/4.8 2014q1/bin/../lib/gcc/arm-none-eabi/4.8.3/../../../../arm-none-eabi/lib/armv6-m\libg_s.a(lib_a-findfp.o)
                0x00004274                _cleanup_r
 .text.std.isra.0
                0x000042a8       0x48 c:/program files (x86)/gnu tools arm embedded/4.8 2014q1/bin/../lib/gcc/arm-none-eabi/4.8.3/../../../../arm-none-eabi/lib/armv6-m\libg_s.a(lib_a-findfp.o)
 .text.__sfmoreglue
                0x000042f0       0x2c c:/program files (x86)/gnu tools arm embedded/4.8 2014q1/bin/../lib/gcc/arm-none-eabi/4.8.3/../../../../arm-none-eabi/lib/armv6-m\libg_s.a(lib_a-findfp.o)
                0x000042f0                __sfmoreglue
 .text.__sinit  0x0000431c       0x64 c:/program files (x86)/gnu tools arm embedded/4.8 2014q1/bin/../lib/gcc/arm-none-eabi/4.8.3/../../../../arm-none-eabi/lib/armv6-m\libg_s.a(lib_a-findfp.o)
                0x0000431c                __sinit
 .text.__sfp    0x00004380       0x7c c:/program files (x86)/gnu tools arm embedded/4.8 2014q1/bin/../lib/gcc/arm-none-eabi/4.8.3/../../../../arm-none-eabi/lib/armv6-m\libg_s.a(lib_a-findfp.o)
                0x00004380                __sfp
 .text.__smakebuf_r
                0x000043fc       0xa0 c:/program files (x86)/gnu tools arm embedded/4.8 2014q1/bin/../lib/gcc/arm-none-eabi/4.8.3/../../../../arm-none-eabi/lib/armv6-m\libg_s.a(lib_a-makebuf.o)
                0x000043fc                __smakebuf_r
 .text.memchr   0x0000449c       0x16 c:/program files (x86)/gnu tools arm embedded/4.8 2014q1/bin/../lib/gcc/arm-none-eabi/4.8.3/../../../../arm-none-eabi/lib/armv6-m\libg_s.a(lib_a-memchr-stub.o)
                0x0000449c                memchr
 .text.memmove  0x000044b2       0x32 c:/program files (x86)/gnu tools arm embedded/4.8 2014q1/bin/../lib/gcc/arm-none-eabi/4.8.3/../../../../arm-none-eabi/lib/armv6-m\libg_s.a(lib_a-memmove.o)
                0x000044b2                memmove
 .text._free_r  0x000044e4       0x90 c:/program files (x86)/gnu tools arm embedded/4.8 2014q1/bin/../lib/gcc/arm-none-eabi/4.8.3/../../../../arm-none-eabi/lib/armv6-m\libg_s.a(lib_a-nano-freer.o)
                0x000044e4                _free_r
 .text._malloc_r
                0x00004574       0xa8 c:/program files (x86)/gnu tools arm embedded/4.8 2014q1/bin/../lib/gcc/arm-none-eabi/4.8.3/../../../../arm-none-eabi/lib/armv6-m\libg_s.a(lib_a-nano-mallocr.o)
                0x00004574                _malloc_r
 .text._realloc_r
                0x0000461c       0x4c c:/program files (x86)/gnu tools arm embedded/4.8 2014q1/bin/../lib/gcc/arm-none-eabi/4.8.3/../../../../arm-none-eabi/lib/armv6-m\libg_s.a(lib_a-nano-reallocr.o)
                0x0000461c                _realloc_r
 .text._sbrk_r  0x00004668       0x24 c:/program files (x86)/gnu tools arm embedded/4.8 2014q1/bin/../lib/gcc/arm-none-eabi/4.8.3/../../../../arm-none-eabi/lib/armv6-m\libg_s.a(lib_a-sbrkr.o)
                0x00004668                _sbrk_r
 .text.__sread  0x0000468c       0x28 c:/program files (x86)/gnu tools arm embedded/4.8 2014q1/bin/../lib/gcc/arm-none-eabi/4.8.3/../../../../arm-none-eabi/lib/armv6-m\libg_s.a(lib_a-stdio.o)
                0x0000468c                __sread
 .text.__swrite
                0x000046b4       0x38 c:/program files (x86)/gnu tools arm embedded/4.8 2014q1/bin/../lib/gcc/arm-none-eabi/4.8.3/../../../../arm-none-eabi/lib/armv6-m\libg_s.a(lib_a-stdio.o)
                0x000046b4                __swrite
 .text.__sseek  0x000046ec       0x2c c:/program files (x86)/gnu tools arm embedded/4.8 2014q1/bin/../lib/gcc/arm-none-eabi/4.8.3/../../../../arm-none-eabi/lib/armv6-m\libg_s.a(lib_a-stdio.o)
                0x000046ec                __sseek
 .text.__sclose
                0x00004718        0xc c:/program files (x86)/gnu tools arm embedded/4.8 2014q1/bin/../lib/gcc/arm-none-eabi/4.8.3/../../../../arm-none-eabi/lib/armv6-m\libg_s.a(lib_a-stdio.o)
                0x00004718                __sclose
 .text._write_r
                0x00004724       0x28 c:/program files (x86)/gnu tools arm embedded/4.8 2014q1/bin/../lib/gcc/arm-none-eabi/4.8.3/../../../../arm-none-eabi/lib/armv6-m\libg_s.a(lib_a-writer.o)
                0x00004724                _write_r
 .text._close_r
                0x0000474c       0x24 c:/program files (x86)/gnu tools arm embedded/4.8 2014q1/bin/../lib/gcc/arm-none-eabi/4.8.3/../../../../arm-none-eabi/lib/armv6-m\libg_s.a(lib_a-closer.o)
                0x0000474c                _close_r
 .text._fstat_r
                0x00004770       0x24 c:/program files (x86)/gnu tools arm embedded/4.8 2014q1/bin/../lib/gcc/arm-none-eabi/4.8.3/../../../../arm-none-eabi/lib/armv6-m\libg_s.a(lib_a-fstatr.o)
                0x00004770                _fstat_r
 .text._isatty_r
                0x00004794       0x24 c:/program files (x86)/gnu tools arm embedded/4.8 2014q1/bin/../lib/gcc/arm-none-eabi/4.8.3/../../../../arm-none-eabi/lib/armv6-m\libg_s.a(lib_a-isattyr.o)
                0x00004794                _isatty_r
 .text._lseek_r
                0x000047b8       0x28 c:/program files (x86)/gnu tools arm embedded/4.8 2014q1/bin/../lib/gcc/arm-none-eabi/4.8.3/../../../../arm-none-eabi/lib/armv6-m\libg_s.a(lib_a-lseekr.o)
                0x000047b8                _lseek_r
 .text._malloc_usable_size_r
                0x000047e0       0x12 c:/program files (x86)/gnu tools arm embedded/4.8 2014q1/bin/../lib/gcc/arm-none-eabi/4.8.3/../../../../arm-none-eabi/lib/armv6-m\libg_s.a(lib_a-nano-msizer.o)
                0x000047e0                _malloc_usable_size_r
 *fill*         0x000047f2        0x2 
 .text._read_r  0x000047f4       0x28 c:/program files (x86)/gnu tools arm embedded/4.8 2014q1/bin/../lib/gcc/arm-none-eabi/4.8.3/../../../../arm-none-eabi/lib/armv6-m\libg_s.a(lib_a-readr.o)
                0x000047f4                _read_r
 *(.rodata .rodata.*)
 .rodata.gk_LedGpioPin
                0x0000481c        0x8 ./src/PlatformHandler/gpio_handler.o
                0x0000481c                gk_LedGpioPin
 .rodata        0x00004824       0x60 ./src/Configuration/config_data.o
 .rodata.str1.4
                0x00004884       0xda ./src/Configuration/config_data.o
                                 0xdc (size before relaxing)
 *fill*         0x0000495e        0x2 
 .rodata.ProcessDiscovery
                0x00004960       0x14 ./src/Configuration/config_message.o
 .rodata.str1.4
                0x00004974      0x15d ./src/main.o
                                0x160 (size before relaxing)
 *fill*         0x00004ad1        0x3 
 .rodata.str1.4
                0x00004ad4       0x1a ./src/w7500x_it.o
                                 0x1c (size before relaxing)
 *fill*         0x00004aee        0x2 
 .rodata.str1.4
                0x00004af0       0x12 ./Libraries/ioLibrary/Internet/TFTP/tftp.o
                                 0x14 (size before relaxing)
 *fill*         0x00004b02        0x2 
 .rodata.getsockopt
                0x00004b04       0x34 ./Libraries/ioLibrary/Ethernet/socket.o
 .rodata.ctlwizchip
                0x00004b38       0x2c ./Libraries/ioLibrary/Ethernet/wizchip_conf.o
 .rodata.ctlnetwork
                0x00004b64       0x18 ./Libraries/ioLibrary/Ethernet/wizchip_conf.o
 .rodata.str1.4
                0x00004b7c       0x5d ./Libraries/W7500x_StdPeriph_Driver/src/w7500x_crg.o
                                 0x60 (size before relaxing)
 *fill*         0x00004bd9        0x3 
 .rodata.str1.4
                0x00004bdc       0x63 ./Libraries/W7500x_StdPeriph_Driver/src/w7500x_dualtimer.o
                                 0x64 (size before relaxing)
 *fill*         0x00004c3f        0x1 
 .rodata.str1.4
                0x00004c40       0x5e ./Libraries/W7500x_StdPeriph_Driver/src/w7500x_gpio.o
                                 0x60 (size before relaxing)
 *fill*         0x00004c9e        0x2 
 .rodata.str1.4
                0x00004ca0       0x60 ./Libraries/W7500x_StdPeriph_Driver/src/w7500x_uart.o
 .rodata.str1.1
                0x00004d00        0x2 c:/program files (x86)/gnu tools arm embedded/4.8 2014q1/bin/../lib/gcc/arm-none-eabi/4.8.3/../../../../arm-none-eabi/lib/armv6-m\libg_s.a(lib_a-impure.o)
 *fill*         0x00004d02        0x2 
 .rodata._global_impure_ptr
                0x00004d04        0x4 c:/program files (x86)/gnu tools arm embedded/4.8 2014q1/bin/../lib/gcc/arm-none-eabi/4.8.3/../../../../arm-none-eabi/lib/armv6-m\libg_s.a(lib_a-impure.o)
                0x00004d04                _global_impure_ptr
 .rodata.str1.1
                0x00004d08       0x11 c:/program files (x86)/gnu tools arm embedded/4.8 2014q1/bin/../lib/gcc/arm-none-eabi/4.8.3/../../../../arm-none-eabi/lib/armv6-m\libg_s.a(lib_a-svfprintf.o)
 .rodata.str1.1
                0x00000000       0x11 c:/program files (x86)/gnu tools arm embedded/4.8 2014q1/bin/../lib/gcc/arm-none-eabi/4.8.3/../../../../arm-none-eabi/lib/armv6-m\libg_s.a(lib_a-vfprintf.o)
 .rodata.str1.1
                0x00004d19       0x22 c:/program files (x86)/gnu tools arm embedded/4.8 2014q1/bin/../lib/gcc/arm-none-eabi/4.8.3/../../../../arm-none-eabi/lib/armv6-m\libg_s.a(lib_a-vfprintf_i.o)
 *fill*         0x00004d3b        0x1 
 .rodata.__sf_fake_stdin
                0x00004d3c       0x20 c:/program files (x86)/gnu tools arm embedded/4.8 2014q1/bin/../lib/gcc/arm-none-eabi/4.8.3/../../../../arm-none-eabi/lib/armv6-m\libg_s.a(lib_a-findfp.o)
                0x00004d3c                __sf_fake_stdin
 .rodata.__sf_fake_stdout
                0x00004d5c       0x20 c:/program files (x86)/gnu tools arm embedded/4.8 2014q1/bin/../lib/gcc/arm-none-eabi/4.8.3/../../../../arm-none-eabi/lib/armv6-m\libg_s.a(lib_a-findfp.o)
                0x00004d5c                __sf_fake_stdout
 .rodata.__sf_fake_stderr
                0x00004d7c       0x20 c:/program files (x86)/gnu tools arm embedded/4.8 2014q1/bin/../lib/gcc/arm-none-eabi/4.8.3/../../../../arm-none-eabi/lib/armv6-m\libg_s.a(lib_a-findfp.o)
                0x00004d7c                __sf_fake_stderr
 *(vtable)
 *(.eh_frame*)
 *(.glue_7)
 .glue_7        0x00000000        0x0 linker stubs
 *(.glue_7t)
 .glue_7t       0x00000000        0x0 linker stubs

.vfp11_veneer   0x00004d9c        0x0
 .vfp11_veneer  0x00000000        0x0 linker stubs

.v4_bx          0x00004d9c        0x0
 .v4_bx         0x00000000        0x0 linker stubs

.iplt           0x00004d9c        0x0
 .iplt          0x00000000        0x0 ./src/PlatformHandler/flash_handler.o

.rel.dyn        0x00004d9c        0x0
 .rel.iplt      0x00000000        0x0 ./src/PlatformHandler/flash_handler.o

.ARM.extab
 *(.ARM.extab* .gnu.linkonce.armextab.*)
                0x00004d9c                __exidx_start = .

.ARM.exidx
 *(.ARM.exidx* .gnu.linkonce.armexidx.*)
                0x00004d9c                __exidx_end = .
                0x00004d9c                . = ALIGN (0x4)
                0x00004d9c                _etext = .
                0x00004d9c                __etext = .
                0x00004d9c                _sidata = _etext

.data           0x20000000       0xac load address 0x00004d9c
                0x20000000                . = ALIGN (0x4)
                0x20000000                _sdata = .
                0x20000000                __data_start__ = .
 *(.data_begin .data_begin.*)
 *(.data .data.*)
 .data.g_write_point
                0x20000000        0x4 ./src/PlatformHandler/flash_handler.o
 .data.gk_LedGpioPort
                0x20000004        0xc ./src/PlatformHandler/gpio_handler.o
                0x20000004                gk_LedGpioPort
 .data.argv.4458
                0x20000010        0x8 ./Libraries/startup/_syscalls.o
 .data.g_tftp_socket
                0x20000018        0x4 ./Libraries/ioLibrary/Internet/TFTP/tftp.o
 .data.default_tftp_opt
                0x2000001c        0x8 ./Libraries/ioLibrary/Internet/TFTP/tftp.o
 .data.sock_any_port
                0x20000024        0x2 ./Libraries/ioLibrary/Ethernet/socket.o
 *fill*         0x20000026        0x2 
 .data.WIZCHIP  0x20000028       0x20 ./Libraries/ioLibrary/Ethernet/wizchip_conf.o
                0x20000028                WIZCHIP
 .data.impure_data
                0x20000048       0x60 c:/program files (x86)/gnu tools arm embedded/4.8 2014q1/bin/../lib/gcc/arm-none-eabi/4.8.3/../../../../arm-none-eabi/lib/armv6-m\libg_s.a(lib_a-impure.o)
 .data._impure_ptr
                0x200000a8        0x4 c:/program files (x86)/gnu tools arm embedded/4.8 2014q1/bin/../lib/gcc/arm-none-eabi/4.8.3/../../../../arm-none-eabi/lib/armv6-m\libg_s.a(lib_a-impure.o)
                0x200000a8                _impure_ptr
 *(.data_end .data_end.*)
                0x200000ac                . = ALIGN (0x4)
                0x200000ac                _edata = .
                0x200000ac                __data_end__ = .

.igot.plt       0x200000ac        0x0 load address 0x00004e48
 .igot.plt      0x00000000        0x0 ./src/PlatformHandler/flash_handler.o

.bss            0x200000ac     0x1d60 load address 0x00004e48
                0x200000ac                . = ALIGN (0x4)
                0x200000ac                __bss_start__ = .
                0x200000ac                _sbss = .
 *(.bss_begin .bss_begin.*)
 *(.bss .bss.*)
 .bss.cnt.6285  0x200000ac        0x4 ./src/PlatformHandler/flash_handler.o
 .bss.g_led_index
                0x200000b0        0x1 ./src/PlatformHandler/timer_handler.o
 *fill*         0x200000b1        0x3 
 .bss.g_mic_cnt
                0x200000b4        0x4 ./src/PlatformHandler/timer_handler.o
 .bss.g_led_direction
                0x200000b8        0x1 ./src/PlatformHandler/timer_handler.o
 *fill*         0x200000b9        0x3 
 .bss.g_mill_cnt
                0x200000bc        0x4 ./src/PlatformHandler/timer_handler.o
 .bss.g_s2e_packet
                0x200000c0       0xe4 ./src/Configuration/config_data.o
 .bss.g_op_mode
                0x200001a4        0x1 ./src/main.o
                0x200001a4                g_op_mode
 *fill*         0x200001a5        0x3 
 .bss.TimingDelay
                0x200001a8        0x4 ./src/main.o
 .bss.current_heap_end.4286
                0x200001ac        0x4 ./Libraries/startup/_sbrk.o
 .bss.name.4457
                0x200001b0        0x4 ./Libraries/startup/_syscalls.o
 .bss.g_server_ip
                0x200001b4        0x4 ./Libraries/ioLibrary/Internet/TFTP/tftp.o
 .bss.g_server_port_check
                0x200001b8        0x2 ./Libraries/ioLibrary/Internet/TFTP/tftp.o
                0x200001b8                g_server_port_check
 *fill*         0x200001ba        0x2 
 .bss.g_filename
                0x200001bc       0x14 ./Libraries/ioLibrary/Internet/TFTP/tftp.o
 .bss.g_progress_state
                0x200001d0        0x1 ./Libraries/ioLibrary/Internet/TFTP/tftp.o
                0x200001d0                g_progress_state
 *fill*         0x200001d1        0x1 
 .bss.g_block_num
                0x200001d2        0x2 ./Libraries/ioLibrary/Internet/TFTP/tftp.o
 .bss.tftp_time_cnt
                0x200001d4        0x4 ./Libraries/ioLibrary/Internet/TFTP/tftp.o
 .bss.g_server_port
                0x200001d8        0x2 ./Libraries/ioLibrary/Internet/TFTP/tftp.o
 .bss.g_local_port
                0x200001da        0x2 ./Libraries/ioLibrary/Internet/TFTP/tftp.o
 .bss.g_tftp_state
                0x200001dc        0x4 ./Libraries/ioLibrary/Internet/TFTP/tftp.o
 .bss.tftp_retry_cnt
                0x200001e0        0x4 ./Libraries/ioLibrary/Internet/TFTP/tftp.o
 .bss.g_resend_flag
                0x200001e4        0x4 ./Libraries/ioLibrary/Internet/TFTP/tftp.o
 .bss.g_server_ip_check
                0x200001e8        0x4 ./Libraries/ioLibrary/Internet/TFTP/tftp.o
                0x200001e8                g_server_ip_check
 .bss.sock_io_mode
                0x200001ec        0x2 ./Libraries/ioLibrary/Ethernet/socket.o
 .bss.sock_is_sending
                0x200001ee        0x2 ./Libraries/ioLibrary/Ethernet/socket.o
 .bss.sock_pack_info
                0x200001f0        0x8 ./Libraries/ioLibrary/Ethernet/socket.o
 .bss.sock_remained_size
                0x200001f8       0x10 ./Libraries/ioLibrary/Ethernet/socket.o
 .bss._DHCP_    0x20000208        0x1 ./Libraries/ioLibrary/Ethernet/wizchip_conf.o
 *fill*         0x20000209        0x3 
 .bss._DNS_     0x2000020c        0x4 ./Libraries/ioLibrary/Ethernet/wizchip_conf.o
 .bss.miim_MDIO
                0x20000210        0x2 ./Libraries/W7500x_StdPeriph_Driver/src/w7500x_miim.o
 *fill*         0x20000212        0x2 
 .bss.PHY_ADDR  0x20000214        0x4 ./Libraries/W7500x_StdPeriph_Driver/src/w7500x_miim.o
 .bss.miim_MDC  0x20000218        0x2 ./Libraries/W7500x_StdPeriph_Driver/src/w7500x_miim.o
 *fill*         0x2000021a        0x2 
 .bss.miim_PORT
                0x2000021c        0x4 ./Libraries/W7500x_StdPeriph_Driver/src/w7500x_miim.o
 .bss.SystemCoreClock
                0x20000220        0x4 ./Libraries/CMSIS/Device/WIZnet/W7500/Source/system_w7500x.o
 .bss.SystemSourceClock
                0x20000224        0x4 ./Libraries/CMSIS/Device/WIZnet/W7500/Source/system_w7500x.o
 .bss.__malloc_sbrk_start
                0x20000228        0x4 c:/program files (x86)/gnu tools arm embedded/4.8 2014q1/bin/../lib/gcc/arm-none-eabi/4.8.3/../../../../arm-none-eabi/lib/armv6-m\libg_s.a(lib_a-nano-mallocr.o)
                0x20000228                __malloc_sbrk_start
 .bss.__malloc_free_list
                0x2000022c        0x4 c:/program files (x86)/gnu tools arm embedded/4.8 2014q1/bin/../lib/gcc/arm-none-eabi/4.8.3/../../../../arm-none-eabi/lib/armv6-m\libg_s.a(lib_a-nano-mallocr.o)
                0x2000022c                __malloc_free_list
 *(COMMON)
 COMMON         0x20000230     0x15ec ./src/main.o
                0x20000230                g_send_buf
                0x20000a30                g_socket_rcv_buf
                0x2000101c                g_recv_buf
 COMMON         0x2000181c        0x4 ./Libraries/startup/_syscalls.o
                0x2000181c                errno
 COMMON         0x20001820      0x5ea ./Libraries/ioLibrary/Internet/TFTP/tftp.o
                0x20001820                g_tftp_rcv_buf
 *(.bss_end .bss_end.*)
                0x20001e0c                . = ALIGN (0x4)
 *fill*         0x20001e0a        0x2 
                0x20001e0c                __bss_end__ = .
                0x20001e0c                _ebss = .

.noinit         0x20001e0c        0x0
                0x20001e0c                . = ALIGN (0x4)
                0x20001e0c                _noinit = .
 *(.noinit .noinit.*)
                0x20001e0c                . = ALIGN (0x4)
                0x20001e0c                _end_noinit = .
                0x20001e0c                PROVIDE (end, _end_noinit)
                0x20001e0c                PROVIDE (_end, _end_noinit)
                0x20001e0c                PROVIDE (__end, _end_noinit)
                0x20001e0c                PROVIDE (__end__, _end_noinit)

._check_stack   0x20001e0c      0x100 load address 0x00006ba8
                0x20001e0c                . = ALIGN (0x4)
                0x20001f0c                . = (. + _Minimum_Stack_Size)
 *fill*         0x20001e0c      0x100 
                0x20001f0c                . = ALIGN (0x4)

.bss_CCMRAM
 *(.bss.CCMRAM .bss.CCMRAM.*)

.b1text
 *(.b1text)
 *(.b1rodata)
 *(.b1rodata.*)

.eb0text
 *(.eb0text)
 *(.eb0rodata)
 *(.eb0rodata.*)

.eb1text
 *(.eb1text)
 *(.eb1rodata)
 *(.eb1rodata.*)

.eb2text
 *(.eb2text)
 *(.eb2rodata)
 *(.eb2rodata.*)

.eb3text
 *(.eb3text)
 *(.eb3rodata)
 *(.eb3rodata.*)

.stab
 *(.stab)

.stabstr
 *(.stabstr)

.stab.excl
 *(.stab.excl)

.stab.exclstr
 *(.stab.exclstr)

.stab.index
 *(.stab.index)

.stab.indexstr
 *(.stab.indexstr)

.comment        0x00000000       0x70
 *(.comment)
 .comment       0x00000000       0x70 ./src/PlatformHandler/flash_handler.o
                                 0x71 (size before relaxing)
 .comment       0x00000000       0x71 ./src/PlatformHandler/gpio_handler.o
 .comment       0x00000000       0x71 ./src/PlatformHandler/storage_handler.o
 .comment       0x00000000       0x71 ./src/PlatformHandler/timer_handler.o
 .comment       0x00000000       0x71 ./src/PlatformHandler/uart_handler.o
 .comment       0x00000000       0x71 ./src/Configuration/config_data.o
 .comment       0x00000000       0x71 ./src/Configuration/config_message.o
 .comment       0x00000000       0x71 ./src/main.o
 .comment       0x00000000       0x71 ./src/retarget.o
 .comment       0x00000000       0x71 ./src/w7500x_it.o
 .comment       0x00000000       0x71 ./Libraries/startup/_exit.o
 .comment       0x00000000       0x71 ./Libraries/startup/_initialize_hardware.o
 .comment       0x00000000       0x71 ./Libraries/startup/_reset_hardware.o
 .comment       0x00000000       0x71 ./Libraries/startup/_sbrk.o
 .comment       0x00000000       0x71 ./Libraries/startup/_startup.o
 .comment       0x00000000       0x71 ./Libraries/startup/_syscalls.o
 .comment       0x00000000       0x71 ./Libraries/startup/exception_handlers.o
 .comment       0x00000000       0x71 ./Libraries/startup/vectors_W7500x.o
 .comment       0x00000000       0x71 ./Libraries/ioLibrary/Internet/TFTP/netutil.o
 .comment       0x00000000       0x71 ./Libraries/ioLibrary/Internet/TFTP/tftp.o
 .comment       0x00000000       0x71 ./Libraries/ioLibrary/Ethernet/socket.o
 .comment       0x00000000       0x71 ./Libraries/ioLibrary/Ethernet/wizchip_conf.o
 .comment       0x00000000       0x71 ./Libraries/W7500x_StdPeriph_Driver/src/w7500x_crg.o
 .comment       0x00000000       0x71 ./Libraries/W7500x_StdPeriph_Driver/src/w7500x_dualtimer.o
 .comment       0x00000000       0x71 ./Libraries/W7500x_StdPeriph_Driver/src/w7500x_flash.o
 .comment       0x00000000       0x71 ./Libraries/W7500x_StdPeriph_Driver/src/w7500x_gpio.o
 .comment       0x00000000       0x71 ./Libraries/W7500x_StdPeriph_Driver/src/w7500x_miim.o
 .comment       0x00000000       0x71 ./Libraries/W7500x_StdPeriph_Driver/src/w7500x_uart.o
 .comment       0x00000000       0x71 ./Libraries/W7500x_StdPeriph_Driver/src/w7500x_wztoe.o
 .comment       0x00000000       0x71 ./Libraries/CMSIS/Device/WIZnet/W7500/Source/system_w7500x.o

.ARM.attributes
                0x00000000       0x2f
 .ARM.attributes
                0x00000000       0x31 ./src/PlatformHandler/flash_handler.o
 .ARM.attributes
                0x00000031       0x31 ./src/PlatformHandler/gpio_handler.o
 .ARM.attributes
                0x00000062       0x31 ./src/PlatformHandler/storage_handler.o
 .ARM.attributes
                0x00000093       0x31 ./src/PlatformHandler/timer_handler.o
 .ARM.attributes
                0x000000c4       0x31 ./src/PlatformHandler/uart_handler.o
 .ARM.attributes
                0x000000f5       0x31 ./src/Configuration/config_data.o
 .ARM.attributes
                0x00000126       0x31 ./src/Configuration/config_message.o
 .ARM.attributes
                0x00000157       0x31 ./src/main.o
 .ARM.attributes
                0x00000188       0x31 ./src/retarget.o
 .ARM.attributes
                0x000001b9       0x31 ./src/w7500x_it.o
 .ARM.attributes
                0x000001ea       0x31 ./Libraries/startup/_exit.o
 .ARM.attributes
                0x0000021b       0x31 ./Libraries/startup/_initialize_hardware.o
 .ARM.attributes
                0x0000024c       0x31 ./Libraries/startup/_reset_hardware.o
 .ARM.attributes
                0x0000027d       0x31 ./Libraries/startup/_sbrk.o
 .ARM.attributes
                0x000002ae       0x31 ./Libraries/startup/_startup.o
 .ARM.attributes
                0x000002df       0x31 ./Libraries/startup/_syscalls.o
 .ARM.attributes
                0x00000310       0x31 ./Libraries/startup/exception_handlers.o
 .ARM.attributes
                0x00000341       0x31 ./Libraries/startup/vectors_W7500x.o
 .ARM.attributes
                0x00000372       0x31 ./Libraries/ioLibrary/Internet/TFTP/netutil.o
 .ARM.attributes
                0x000003a3       0x31 ./Libraries/ioLibrary/Internet/TFTP/tftp.o
 .ARM.attributes
                0x000003d4       0x31 ./Libraries/ioLibrary/Ethernet/socket.o
 .ARM.attributes
                0x00000405       0x31 ./Libraries/ioLibrary/Ethernet/wizchip_conf.o
 .ARM.attributes
                0x00000436       0x31 ./Libraries/W7500x_StdPeriph_Driver/src/w7500x_crg.o
 .ARM.attributes
                0x00000467       0x31 ./Libraries/W7500x_StdPeriph_Driver/src/w7500x_dualtimer.o
 .ARM.attributes
                0x00000498       0x31 ./Libraries/W7500x_StdPeriph_Driver/src/w7500x_flash.o
 .ARM.attributes
                0x000004c9       0x31 ./Libraries/W7500x_StdPeriph_Driver/src/w7500x_gpio.o
 .ARM.attributes
                0x000004fa       0x31 ./Libraries/W7500x_StdPeriph_Driver/src/w7500x_miim.o
 .ARM.attributes
                0x0000052b       0x31 ./Libraries/W7500x_StdPeriph_Driver/src/w7500x_uart.o
 .ARM.attributes
                0x0000055c       0x31 ./Libraries/W7500x_StdPeriph_Driver/src/w7500x_wztoe.o
 .ARM.attributes
                0x0000058d       0x31 ./Libraries/CMSIS/Device/WIZnet/W7500/Source/system_w7500x.o
 .ARM.attributes
                0x000005be       0x1e c:/program files (x86)/gnu tools arm embedded/4.8 2014q1/bin/../lib/gcc/arm-none-eabi/4.8.3/armv6-m\libgcc.a(_udivsi3.o)
 .ARM.attributes
                0x000005dc       0x1e c:/program files (x86)/gnu tools arm embedded/4.8 2014q1/bin/../lib/gcc/arm-none-eabi/4.8.3/armv6-m\libgcc.a(_dvmd_tls.o)
 .ARM.attributes
                0x000005fa       0x2c c:/program files (x86)/gnu tools arm embedded/4.8 2014q1/bin/../lib/gcc/arm-none-eabi/4.8.3/../../../../arm-none-eabi/lib/armv6-m\libg_s.a(lib_a-errno.o)
 .ARM.attributes
                0x00000626       0x2c c:/program files (x86)/gnu tools arm embedded/4.8 2014q1/bin/../lib/gcc/arm-none-eabi/4.8.3/../../../../arm-none-eabi/lib/armv6-m\libg_s.a(lib_a-impure.o)
 .ARM.attributes
                0x00000652       0x2c c:/program files (x86)/gnu tools arm embedded/4.8 2014q1/bin/../lib/gcc/arm-none-eabi/4.8.3/../../../../arm-none-eabi/lib/armv6-m\libg_s.a(lib_a-memcmp.o)
 .ARM.attributes
                0x0000067e       0x2c c:/program files (x86)/gnu tools arm embedded/4.8 2014q1/bin/../lib/gcc/arm-none-eabi/4.8.3/../../../../arm-none-eabi/lib/armv6-m\libg_s.a(lib_a-memcpy-stub.o)
 .ARM.attributes
                0x000006aa       0x2c c:/program files (x86)/gnu tools arm embedded/4.8 2014q1/bin/../lib/gcc/arm-none-eabi/4.8.3/../../../../arm-none-eabi/lib/armv6-m\libg_s.a(lib_a-memset.o)
 .ARM.attributes
                0x000006d6       0x2c c:/program files (x86)/gnu tools arm embedded/4.8 2014q1/bin/../lib/gcc/arm-none-eabi/4.8.3/../../../../arm-none-eabi/lib/armv6-m\libg_s.a(lib_a-printf.o)
 .ARM.attributes
                0x00000702       0x2c c:/program files (x86)/gnu tools arm embedded/4.8 2014q1/bin/../lib/gcc/arm-none-eabi/4.8.3/../../../../arm-none-eabi/lib/armv6-m\libg_s.a(lib_a-puts.o)
 .ARM.attributes
                0x0000072e       0x1c c:/program files (x86)/gnu tools arm embedded/4.8 2014q1/bin/../lib/gcc/arm-none-eabi/4.8.3/../../../../arm-none-eabi/lib/armv6-m\libg_s.a(lib_a-strcmp.o)
 .ARM.attributes
                0x0000074a       0x2c c:/program files (x86)/gnu tools arm embedded/4.8 2014q1/bin/../lib/gcc/arm-none-eabi/4.8.3/../../../../arm-none-eabi/lib/armv6-m\libg_s.a(lib_a-strcpy.o)
 .ARM.attributes
                0x00000776       0x2c c:/program files (x86)/gnu tools arm embedded/4.8 2014q1/bin/../lib/gcc/arm-none-eabi/4.8.3/../../../../arm-none-eabi/lib/armv6-m\libg_s.a(lib_a-strlen.o)
 .ARM.attributes
                0x000007a2       0x2c c:/program files (x86)/gnu tools arm embedded/4.8 2014q1/bin/../lib/gcc/arm-none-eabi/4.8.3/../../../../arm-none-eabi/lib/armv6-m\libg_s.a(lib_a-svfprintf.o)
 .ARM.attributes
                0x000007ce       0x2c c:/program files (x86)/gnu tools arm embedded/4.8 2014q1/bin/../lib/gcc/arm-none-eabi/4.8.3/../../../../arm-none-eabi/lib/armv6-m\libg_s.a(lib_a-vfprintf.o)
 .ARM.attributes
                0x000007fa       0x2c c:/program files (x86)/gnu tools arm embedded/4.8 2014q1/bin/../lib/gcc/arm-none-eabi/4.8.3/../../../../arm-none-eabi/lib/armv6-m\libg_s.a(lib_a-vfprintf_i.o)
 .ARM.attributes
                0x00000826       0x2c c:/program files (x86)/gnu tools arm embedded/4.8 2014q1/bin/../lib/gcc/arm-none-eabi/4.8.3/../../../../arm-none-eabi/lib/armv6-m\libg_s.a(lib_a-vsprintf.o)
 .ARM.attributes
                0x00000852       0x2c c:/program files (x86)/gnu tools arm embedded/4.8 2014q1/bin/../lib/gcc/arm-none-eabi/4.8.3/../../../../arm-none-eabi/lib/armv6-m\libg_s.a(lib_a-wbuf.o)
 .ARM.attributes
                0x0000087e       0x2c c:/program files (x86)/gnu tools arm embedded/4.8 2014q1/bin/../lib/gcc/arm-none-eabi/4.8.3/../../../../arm-none-eabi/lib/armv6-m\libg_s.a(lib_a-wsetup.o)
 .ARM.attributes
                0x000008aa       0x2c c:/program files (x86)/gnu tools arm embedded/4.8 2014q1/bin/../lib/gcc/arm-none-eabi/4.8.3/../../../../arm-none-eabi/lib/armv6-m\libg_s.a(lib_a-fflush.o)
 .ARM.attributes
                0x000008d6       0x2c c:/program files (x86)/gnu tools arm embedded/4.8 2014q1/bin/../lib/gcc/arm-none-eabi/4.8.3/../../../../arm-none-eabi/lib/armv6-m\libg_s.a(lib_a-findfp.o)
 .ARM.attributes
                0x00000902       0x2c c:/program files (x86)/gnu tools arm embedded/4.8 2014q1/bin/../lib/gcc/arm-none-eabi/4.8.3/../../../../arm-none-eabi/lib/armv6-m\libg_s.a(lib_a-makebuf.o)
 .ARM.attributes
                0x0000092e       0x2c c:/program files (x86)/gnu tools arm embedded/4.8 2014q1/bin/../lib/gcc/arm-none-eabi/4.8.3/../../../../arm-none-eabi/lib/armv6-m\libg_s.a(lib_a-memchr-stub.o)
 .ARM.attributes
                0x0000095a       0x2c c:/program files (x86)/gnu tools arm embedded/4.8 2014q1/bin/../lib/gcc/arm-none-eabi/4.8.3/../../../../arm-none-eabi/lib/armv6-m\libg_s.a(lib_a-memmove.o)
 .ARM.attributes
                0x00000986       0x2c c:/program files (x86)/gnu tools arm embedded/4.8 2014q1/bin/../lib/gcc/arm-none-eabi/4.8.3/../../../../arm-none-eabi/lib/armv6-m\libg_s.a(lib_a-nano-freer.o)
 .ARM.attributes
                0x000009b2       0x2c c:/program files (x86)/gnu tools arm embedded/4.8 2014q1/bin/../lib/gcc/arm-none-eabi/4.8.3/../../../../arm-none-eabi/lib/armv6-m\libg_s.a(lib_a-nano-mallocr.o)
 .ARM.attributes
                0x000009de       0x2c c:/program files (x86)/gnu tools arm embedded/4.8 2014q1/bin/../lib/gcc/arm-none-eabi/4.8.3/../../../../arm-none-eabi/lib/armv6-m\libg_s.a(lib_a-nano-reallocr.o)
 .ARM.attributes
                0x00000a0a       0x2c c:/program files (x86)/gnu tools arm embedded/4.8 2014q1/bin/../lib/gcc/arm-none-eabi/4.8.3/../../../../arm-none-eabi/lib/armv6-m\libg_s.a(lib_a-sbrkr.o)
 .ARM.attributes
                0x00000a36       0x2c c:/program files (x86)/gnu tools arm embedded/4.8 2014q1/bin/../lib/gcc/arm-none-eabi/4.8.3/../../../../arm-none-eabi/lib/armv6-m\libg_s.a(lib_a-stdio.o)
 .ARM.attributes
                0x00000a62       0x2c c:/program files (x86)/gnu tools arm embedded/4.8 2014q1/bin/../lib/gcc/arm-none-eabi/4.8.3/../../../../arm-none-eabi/lib/armv6-m\libg_s.a(lib_a-writer.o)
 .ARM.attributes
                0x00000a8e       0x2c c:/program files (x86)/gnu tools arm embedded/4.8 2014q1/bin/../lib/gcc/arm-none-eabi/4.8.3/../../../../arm-none-eabi/lib/armv6-m\libg_s.a(lib_a-closer.o)
 .ARM.attributes
                0x00000aba       0x2c c:/program files (x86)/gnu tools arm embedded/4.8 2014q1/bin/../lib/gcc/arm-none-eabi/4.8.3/../../../../arm-none-eabi/lib/armv6-m\libg_s.a(lib_a-fstatr.o)
 .ARM.attributes
                0x00000ae6       0x2c c:/program files (x86)/gnu tools arm embedded/4.8 2014q1/bin/../lib/gcc/arm-none-eabi/4.8.3/../../../../arm-none-eabi/lib/armv6-m\libg_s.a(lib_a-isattyr.o)
 .ARM.attributes
                0x00000b12       0x2c c:/program files (x86)/gnu tools arm embedded/4.8 2014q1/bin/../lib/gcc/arm-none-eabi/4.8.3/../../../../arm-none-eabi/lib/armv6-m\libg_s.a(lib_a-lseekr.o)
 .ARM.attributes
                0x00000b3e       0x2c c:/program files (x86)/gnu tools arm embedded/4.8 2014q1/bin/../lib/gcc/arm-none-eabi/4.8.3/../../../../arm-none-eabi/lib/armv6-m\libg_s.a(lib_a-nano-msizer.o)
 .ARM.attributes
                0x00000b6a       0x2c c:/program files (x86)/gnu tools arm embedded/4.8 2014q1/bin/../lib/gcc/arm-none-eabi/4.8.3/../../../../arm-none-eabi/lib/armv6-m\libg_s.a(lib_a-readr.o)

.debug
 *(.debug)

.line
 *(.line)

.debug_srcinfo
 *(.debug_srcinfo)

.debug_sfnames
 *(.debug_sfnames)

.debug_aranges  0x00000000      0xca8
 *(.debug_aranges)
 .debug_aranges
                0x00000000       0x48 ./src/PlatformHandler/flash_handler.o
 .debug_aranges
                0x00000048       0x70 ./src/PlatformHandler/gpio_handler.o
 .debug_aranges
                0x000000b8       0x28 ./src/PlatformHandler/storage_handler.o
 .debug_aranges
                0x000000e0       0x48 ./src/PlatformHandler/timer_handler.o
 .debug_aranges
                0x00000128       0x20 ./src/PlatformHandler/uart_handler.o
 .debug_aranges
                0x00000148       0xa0 ./src/Configuration/config_data.o
 .debug_aranges
                0x000001e8       0x70 ./src/Configuration/config_message.o
 .debug_aranges
                0x00000258       0x58 ./src/main.o
 .debug_aranges
                0x000002b0       0x50 ./src/retarget.o
 .debug_aranges
                0x00000300      0x100 ./src/w7500x_it.o
 .debug_aranges
                0x00000400       0x28 ./Libraries/startup/_exit.o
 .debug_aranges
                0x00000428       0x20 ./Libraries/startup/_initialize_hardware.o
 .debug_aranges
                0x00000448       0x20 ./Libraries/startup/_reset_hardware.o
 .debug_aranges
                0x00000468       0x20 ./Libraries/startup/_sbrk.o
 .debug_aranges
                0x00000488       0x40 ./Libraries/startup/_startup.o
 .debug_aranges
                0x000004c8       0xd0 ./Libraries/startup/_syscalls.o
 .debug_aranges
                0x00000598       0x48 ./Libraries/startup/exception_handlers.o
 .debug_aranges
                0x000005e0       0x20 ./Libraries/startup/vectors_W7500x.o
 .debug_aranges
                0x00000600       0x60 ./Libraries/ioLibrary/Internet/TFTP/netutil.o
 .debug_aranges
                0x00000660       0xb0 ./Libraries/ioLibrary/Internet/TFTP/tftp.o
 .debug_aranges
                0x00000710       0x78 ./Libraries/ioLibrary/Ethernet/socket.o
 .debug_aranges
                0x00000788       0xf8 ./Libraries/ioLibrary/Ethernet/wizchip_conf.o
 .debug_aranges
                0x00000880       0xe8 ./Libraries/W7500x_StdPeriph_Driver/src/w7500x_crg.o
 .debug_aranges
                0x00000968       0x68 ./Libraries/W7500x_StdPeriph_Driver/src/w7500x_dualtimer.o
 .debug_aranges
                0x000009d0       0x20 ./Libraries/W7500x_StdPeriph_Driver/src/w7500x_flash.o
 .debug_aranges
                0x000009f0       0xc0 ./Libraries/W7500x_StdPeriph_Driver/src/w7500x_gpio.o
 .debug_aranges
                0x00000ab0       0x78 ./Libraries/W7500x_StdPeriph_Driver/src/w7500x_miim.o
 .debug_aranges
                0x00000b28       0xe8 ./Libraries/W7500x_StdPeriph_Driver/src/w7500x_uart.o
 .debug_aranges
                0x00000c10       0x58 ./Libraries/W7500x_StdPeriph_Driver/src/w7500x_wztoe.o
 .debug_aranges
                0x00000c68       0x40 ./Libraries/CMSIS/Device/WIZnet/W7500/Source/system_w7500x.o

.debug_pubnames
 *(.debug_pubnames)

.debug_info     0x00000000     0xee25
 *(.debug_info .gnu.linkonce.wi.*)
 .debug_info    0x00000000      0x36d ./src/PlatformHandler/flash_handler.o
 .debug_info    0x0000036d      0x5de ./src/PlatformHandler/gpio_handler.o
 .debug_info    0x0000094b      0x221 ./src/PlatformHandler/storage_handler.o
 .debug_info    0x00000b6c      0x752 ./src/PlatformHandler/timer_handler.o
 .debug_info    0x000012be      0x196 ./src/PlatformHandler/uart_handler.o
 .debug_info    0x00001454      0xf00 ./src/Configuration/config_data.o
 .debug_info    0x00002354     0x20e4 ./src/Configuration/config_message.o
 .debug_info    0x00004438      0xfb2 ./src/main.o
 .debug_info    0x000053ea      0x476 ./src/retarget.o
 .debug_info    0x00005860      0x2f4 ./src/w7500x_it.o
 .debug_info    0x00005b54       0xdb ./Libraries/startup/_exit.o
 .debug_info    0x00005c2f       0xab ./Libraries/startup/_initialize_hardware.o
 .debug_info    0x00005cda      0x199 ./Libraries/startup/_reset_hardware.o
 .debug_info    0x00005e73      0x121 ./Libraries/startup/_sbrk.o
 .debug_info    0x00005f94      0x40a ./Libraries/startup/_startup.o
 .debug_info    0x0000639e      0x8ef ./Libraries/startup/_syscalls.o
 .debug_info    0x00006c8d       0x8c ./Libraries/startup/exception_handlers.o
 .debug_info    0x00006d19       0x8d ./Libraries/startup/vectors_W7500x.o
 .debug_info    0x00006da6      0x4a8 ./Libraries/ioLibrary/Internet/TFTP/netutil.o
 .debug_info    0x0000724e     0x1135 ./Libraries/ioLibrary/Internet/TFTP/tftp.o
 .debug_info    0x00008383     0x108d ./Libraries/ioLibrary/Ethernet/socket.o
 .debug_info    0x00009410     0x1301 ./Libraries/ioLibrary/Ethernet/wizchip_conf.o
 .debug_info    0x0000a711      0xbd2 ./Libraries/W7500x_StdPeriph_Driver/src/w7500x_crg.o
 .debug_info    0x0000b2e3      0x651 ./Libraries/W7500x_StdPeriph_Driver/src/w7500x_dualtimer.o
 .debug_info    0x0000b934      0x233 ./Libraries/W7500x_StdPeriph_Driver/src/w7500x_flash.o
 .debug_info    0x0000bb67      0xe67 ./Libraries/W7500x_StdPeriph_Driver/src/w7500x_gpio.o
 .debug_info    0x0000c9ce      0x9b8 ./Libraries/W7500x_StdPeriph_Driver/src/w7500x_miim.o
 .debug_info    0x0000d386     0x117f ./Libraries/W7500x_StdPeriph_Driver/src/w7500x_uart.o
 .debug_info    0x0000e505      0x3a5 ./Libraries/W7500x_StdPeriph_Driver/src/w7500x_wztoe.o
 .debug_info    0x0000e8aa      0x57b ./Libraries/CMSIS/Device/WIZnet/W7500/Source/system_w7500x.o

.debug_abbrev   0x00000000     0x317d
 *(.debug_abbrev)
 .debug_abbrev  0x00000000      0x12d ./src/PlatformHandler/flash_handler.o
 .debug_abbrev  0x0000012d      0x1e8 ./src/PlatformHandler/gpio_handler.o
 .debug_abbrev  0x00000315      0x104 ./src/PlatformHandler/storage_handler.o
 .debug_abbrev  0x00000419      0x23a ./src/PlatformHandler/timer_handler.o
 .debug_abbrev  0x00000653      0x10f ./src/PlatformHandler/uart_handler.o
 .debug_abbrev  0x00000762      0x2b7 ./src/Configuration/config_data.o
 .debug_abbrev  0x00000a19      0x2ce ./src/Configuration/config_message.o
 .debug_abbrev  0x00000ce7      0x409 ./src/main.o
 .debug_abbrev  0x000010f0      0x167 ./src/retarget.o
 .debug_abbrev  0x00001257       0xd8 ./src/w7500x_it.o
 .debug_abbrev  0x0000132f       0x87 ./Libraries/startup/_exit.o
 .debug_abbrev  0x000013b6       0x63 ./Libraries/startup/_initialize_hardware.o
 .debug_abbrev  0x00001419       0xd7 ./Libraries/startup/_reset_hardware.o
 .debug_abbrev  0x000014f0       0xb9 ./Libraries/startup/_sbrk.o
 .debug_abbrev  0x000015a9      0x1ac ./Libraries/startup/_startup.o
 .debug_abbrev  0x00001755      0x176 ./Libraries/startup/_syscalls.o
 .debug_abbrev  0x000018cb       0x2d ./Libraries/startup/exception_handlers.o
 .debug_abbrev  0x000018f8       0x90 ./Libraries/startup/vectors_W7500x.o
 .debug_abbrev  0x00001988      0x113 ./Libraries/ioLibrary/Internet/TFTP/netutil.o
 .debug_abbrev  0x00001a9b      0x36a ./Libraries/ioLibrary/Internet/TFTP/tftp.o
 .debug_abbrev  0x00001e05      0x1c5 ./Libraries/ioLibrary/Ethernet/socket.o
 .debug_abbrev  0x00001fca      0x2ff ./Libraries/ioLibrary/Ethernet/wizchip_conf.o
 .debug_abbrev  0x000022c9      0x1a8 ./Libraries/W7500x_StdPeriph_Driver/src/w7500x_crg.o
 .debug_abbrev  0x00002471      0x1ad ./Libraries/W7500x_StdPeriph_Driver/src/w7500x_dualtimer.o
 .debug_abbrev  0x0000261e      0x102 ./Libraries/W7500x_StdPeriph_Driver/src/w7500x_flash.o
 .debug_abbrev  0x00002720      0x22e ./Libraries/W7500x_StdPeriph_Driver/src/w7500x_gpio.o
 .debug_abbrev  0x0000294e      0x2af ./Libraries/W7500x_StdPeriph_Driver/src/w7500x_miim.o
 .debug_abbrev  0x00002bfd      0x2ea ./Libraries/W7500x_StdPeriph_Driver/src/w7500x_uart.o
 .debug_abbrev  0x00002ee7      0x111 ./Libraries/W7500x_StdPeriph_Driver/src/w7500x_wztoe.o
 .debug_abbrev  0x00002ff8      0x185 ./Libraries/CMSIS/Device/WIZnet/W7500/Source/system_w7500x.o

.debug_line     0x00000000     0xba4e
 *(.debug_line)
 .debug_line    0x00000000      0x6f3 ./src/PlatformHandler/flash_handler.o
 .debug_line    0x000006f3      0x6c0 ./src/PlatformHandler/gpio_handler.o
 .debug_line    0x00000db3      0x5f0 ./src/PlatformHandler/storage_handler.o
 .debug_line    0x000013a3      0x7c4 ./src/PlatformHandler/timer_handler.o
 .debug_line    0x00001b67      0x5dc ./src/PlatformHandler/uart_handler.o
 .debug_line    0x00002143      0x90d ./src/Configuration/config_data.o
 .debug_line    0x00002a50      0x8df ./src/Configuration/config_message.o
 .debug_line    0x0000332f      0x98e ./src/main.o
 .debug_line    0x00003cbd      0x59e ./src/retarget.o
 .debug_line    0x0000425b      0x73a ./src/w7500x_it.o
 .debug_line    0x00004995      0x288 ./Libraries/startup/_exit.o
 .debug_line    0x00004c1d      0x54a ./Libraries/startup/_initialize_hardware.o
 .debug_line    0x00005167      0x553 ./Libraries/startup/_reset_hardware.o
 .debug_line    0x000056ba      0x28b ./Libraries/startup/_sbrk.o
 .debug_line    0x00005945      0x32e ./Libraries/startup/_startup.o
 .debug_line    0x00005c73      0x50c ./Libraries/startup/_syscalls.o
 .debug_line    0x0000617f       0xa2 ./Libraries/startup/exception_handlers.o
 .debug_line    0x00006221       0x94 ./Libraries/startup/vectors_W7500x.o
 .debug_line    0x000062b5      0x429 ./Libraries/ioLibrary/Internet/TFTP/netutil.o
 .debug_line    0x000066de      0x900 ./Libraries/ioLibrary/Internet/TFTP/tftp.o
 .debug_line    0x00006fde      0x90f ./Libraries/ioLibrary/Ethernet/socket.o
 .debug_line    0x000078ed      0x871 ./Libraries/ioLibrary/Ethernet/wizchip_conf.o
 .debug_line    0x0000815e      0x9f6 ./Libraries/W7500x_StdPeriph_Driver/src/w7500x_crg.o
 .debug_line    0x00008b54      0x678 ./Libraries/W7500x_StdPeriph_Driver/src/w7500x_dualtimer.o
 .debug_line    0x000091cc      0x53a ./Libraries/W7500x_StdPeriph_Driver/src/w7500x_flash.o
 .debug_line    0x00009706      0x8de ./Libraries/W7500x_StdPeriph_Driver/src/w7500x_gpio.o
 .debug_line    0x00009fe4      0x6b0 ./Libraries/W7500x_StdPeriph_Driver/src/w7500x_miim.o
 .debug_line    0x0000a694      0x84d ./Libraries/W7500x_StdPeriph_Driver/src/w7500x_uart.o
 .debug_line    0x0000aee1      0x5e2 ./Libraries/W7500x_StdPeriph_Driver/src/w7500x_wztoe.o
 .debug_line    0x0000b4c3      0x58b ./Libraries/CMSIS/Device/WIZnet/W7500/Source/system_w7500x.o

.debug_frame    0x00000000     0x281c
 *(.debug_frame)
 .debug_frame   0x00000000       0xa0 ./src/PlatformHandler/flash_handler.o
 .debug_frame   0x000000a0      0x108 ./src/PlatformHandler/gpio_handler.o
 .debug_frame   0x000001a8       0x44 ./src/PlatformHandler/storage_handler.o
 .debug_frame   0x000001ec       0xa8 ./src/PlatformHandler/timer_handler.o
 .debug_frame   0x00000294       0x2c ./src/PlatformHandler/uart_handler.o
 .debug_frame   0x000002c0      0x1d4 ./src/Configuration/config_data.o
 .debug_frame   0x00000494      0x18c ./src/Configuration/config_message.o
 .debug_frame   0x00000620       0xd0 ./src/main.o
 .debug_frame   0x000006f0       0xc0 ./src/retarget.o
 .debug_frame   0x000007b0      0x200 ./src/w7500x_it.o
 .debug_frame   0x000009b0       0x40 ./Libraries/startup/_exit.o
 .debug_frame   0x000009f0       0x28 ./Libraries/startup/_initialize_hardware.o
 .debug_frame   0x00000a18       0x20 ./Libraries/startup/_reset_hardware.o
 .debug_frame   0x00000a38       0x28 ./Libraries/startup/_sbrk.o
 .debug_frame   0x00000a60       0x88 ./Libraries/startup/_startup.o
 .debug_frame   0x00000ae8      0x230 ./Libraries/startup/_syscalls.o
 .debug_frame   0x00000d18       0x70 ./Libraries/startup/exception_handlers.o
 .debug_frame   0x00000d88       0x20 ./Libraries/startup/vectors_W7500x.o
 .debug_frame   0x00000da8       0xe8 ./Libraries/ioLibrary/Internet/TFTP/netutil.o
 .debug_frame   0x00000e90      0x1f8 ./Libraries/ioLibrary/Internet/TFTP/tftp.o
 .debug_frame   0x00001088      0x1b4 ./Libraries/ioLibrary/Ethernet/socket.o
 .debug_frame   0x0000123c      0x270 ./Libraries/ioLibrary/Ethernet/wizchip_conf.o
 .debug_frame   0x000014ac      0x264 ./Libraries/W7500x_StdPeriph_Driver/src/w7500x_crg.o
 .debug_frame   0x00001710      0x114 ./Libraries/W7500x_StdPeriph_Driver/src/w7500x_dualtimer.o
 .debug_frame   0x00001824       0x30 ./Libraries/W7500x_StdPeriph_Driver/src/w7500x_flash.o
 .debug_frame   0x00001854      0x254 ./Libraries/W7500x_StdPeriph_Driver/src/w7500x_gpio.o
 .debug_frame   0x00001aa8      0x164 ./Libraries/W7500x_StdPeriph_Driver/src/w7500x_miim.o
 .debug_frame   0x00001c0c      0x28c ./Libraries/W7500x_StdPeriph_Driver/src/w7500x_uart.o
 .debug_frame   0x00001e98       0xd4 ./Libraries/W7500x_StdPeriph_Driver/src/w7500x_wztoe.o
 .debug_frame   0x00001f6c       0x70 ./Libraries/CMSIS/Device/WIZnet/W7500/Source/system_w7500x.o
 .debug_frame   0x00001fdc       0x20 c:/program files (x86)/gnu tools arm embedded/4.8 2014q1/bin/../lib/gcc/arm-none-eabi/4.8.3/armv6-m\libgcc.a(_udivsi3.o)
 .debug_frame   0x00001ffc       0x20 c:/program files (x86)/gnu tools arm embedded/4.8 2014q1/bin/../lib/gcc/arm-none-eabi/4.8.3/../../../../arm-none-eabi/lib/armv6-m\libg_s.a(lib_a-errno.o)
 .debug_frame   0x0000201c       0x2c c:/program files (x86)/gnu tools arm embedded/4.8 2014q1/bin/../lib/gcc/arm-none-eabi/4.8.3/../../../../arm-none-eabi/lib/armv6-m\libg_s.a(lib_a-memcmp.o)
 .debug_frame   0x00002048       0x28 c:/program files (x86)/gnu tools arm embedded/4.8 2014q1/bin/../lib/gcc/arm-none-eabi/4.8.3/../../../../arm-none-eabi/lib/armv6-m\libg_s.a(lib_a-memcpy-stub.o)
 .debug_frame   0x00002070       0x20 c:/program files (x86)/gnu tools arm embedded/4.8 2014q1/bin/../lib/gcc/arm-none-eabi/4.8.3/../../../../arm-none-eabi/lib/armv6-m\libg_s.a(lib_a-memset.o)
 .debug_frame   0x00002090       0x50 c:/program files (x86)/gnu tools arm embedded/4.8 2014q1/bin/../lib/gcc/arm-none-eabi/4.8.3/../../../../arm-none-eabi/lib/armv6-m\libg_s.a(lib_a-printf.o)
 .debug_frame   0x000020e0       0x44 c:/program files (x86)/gnu tools arm embedded/4.8 2014q1/bin/../lib/gcc/arm-none-eabi/4.8.3/../../../../arm-none-eabi/lib/armv6-m\libg_s.a(lib_a-puts.o)
 .debug_frame   0x00002124       0x20 c:/program files (x86)/gnu tools arm embedded/4.8 2014q1/bin/../lib/gcc/arm-none-eabi/4.8.3/../../../../arm-none-eabi/lib/armv6-m\libg_s.a(lib_a-strcpy.o)
 .debug_frame   0x00002144       0x20 c:/program files (x86)/gnu tools arm embedded/4.8 2014q1/bin/../lib/gcc/arm-none-eabi/4.8.3/../../../../arm-none-eabi/lib/armv6-m\libg_s.a(lib_a-strlen.o)
 .debug_frame   0x00002164       0x74 c:/program files (x86)/gnu tools arm embedded/4.8 2014q1/bin/../lib/gcc/arm-none-eabi/4.8.3/../../../../arm-none-eabi/lib/armv6-m\libg_s.a(lib_a-svfprintf.o)
 .debug_frame   0x000021d8       0xa0 c:/program files (x86)/gnu tools arm embedded/4.8 2014q1/bin/../lib/gcc/arm-none-eabi/4.8.3/../../../../arm-none-eabi/lib/armv6-m\libg_s.a(lib_a-vfprintf.o)
 .debug_frame   0x00002278       0x54 c:/program files (x86)/gnu tools arm embedded/4.8 2014q1/bin/../lib/gcc/arm-none-eabi/4.8.3/../../../../arm-none-eabi/lib/armv6-m\libg_s.a(lib_a-vfprintf_i.o)
 .debug_frame   0x000022cc       0x48 c:/program files (x86)/gnu tools arm embedded/4.8 2014q1/bin/../lib/gcc/arm-none-eabi/4.8.3/../../../../arm-none-eabi/lib/armv6-m\libg_s.a(lib_a-vsprintf.o)
 .debug_frame   0x00002314       0x44 c:/program files (x86)/gnu tools arm embedded/4.8 2014q1/bin/../lib/gcc/arm-none-eabi/4.8.3/../../../../arm-none-eabi/lib/armv6-m\libg_s.a(lib_a-wbuf.o)
 .debug_frame   0x00002358       0x2c c:/program files (x86)/gnu tools arm embedded/4.8 2014q1/bin/../lib/gcc/arm-none-eabi/4.8.3/../../../../arm-none-eabi/lib/armv6-m\libg_s.a(lib_a-wsetup.o)
 .debug_frame   0x00002384       0x68 c:/program files (x86)/gnu tools arm embedded/4.8 2014q1/bin/../lib/gcc/arm-none-eabi/4.8.3/../../../../arm-none-eabi/lib/armv6-m\libg_s.a(lib_a-fflush.o)
 .debug_frame   0x000023ec      0x148 c:/program files (x86)/gnu tools arm embedded/4.8 2014q1/bin/../lib/gcc/arm-none-eabi/4.8.3/../../../../arm-none-eabi/lib/armv6-m\libg_s.a(lib_a-findfp.o)
 .debug_frame   0x00002534       0x30 c:/program files (x86)/gnu tools arm embedded/4.8 2014q1/bin/../lib/gcc/arm-none-eabi/4.8.3/../../../../arm-none-eabi/lib/armv6-m\libg_s.a(lib_a-makebuf.o)
 .debug_frame   0x00002564       0x20 c:/program files (x86)/gnu tools arm embedded/4.8 2014q1/bin/../lib/gcc/arm-none-eabi/4.8.3/../../../../arm-none-eabi/lib/armv6-m\libg_s.a(lib_a-memchr-stub.o)
 .debug_frame   0x00002584       0x2c c:/program files (x86)/gnu tools arm embedded/4.8 2014q1/bin/../lib/gcc/arm-none-eabi/4.8.3/../../../../arm-none-eabi/lib/armv6-m\libg_s.a(lib_a-memmove.o)
 .debug_frame   0x000025b0       0x2c c:/program files (x86)/gnu tools arm embedded/4.8 2014q1/bin/../lib/gcc/arm-none-eabi/4.8.3/../../../../arm-none-eabi/lib/armv6-m\libg_s.a(lib_a-nano-freer.o)
 .debug_frame   0x000025dc       0x2c c:/program files (x86)/gnu tools arm embedded/4.8 2014q1/bin/../lib/gcc/arm-none-eabi/4.8.3/../../../../arm-none-eabi/lib/armv6-m\libg_s.a(lib_a-nano-mallocr.o)
 .debug_frame   0x00002608       0x30 c:/program files (x86)/gnu tools arm embedded/4.8 2014q1/bin/../lib/gcc/arm-none-eabi/4.8.3/../../../../arm-none-eabi/lib/armv6-m\libg_s.a(lib_a-nano-reallocr.o)
 .debug_frame   0x00002638       0x2c c:/program files (x86)/gnu tools arm embedded/4.8 2014q1/bin/../lib/gcc/arm-none-eabi/4.8.3/../../../../arm-none-eabi/lib/armv6-m\libg_s.a(lib_a-sbrkr.o)
 .debug_frame   0x00002664       0x90 c:/program files (x86)/gnu tools arm embedded/4.8 2014q1/bin/../lib/gcc/arm-none-eabi/4.8.3/../../../../arm-none-eabi/lib/armv6-m\libg_s.a(lib_a-stdio.o)
 .debug_frame   0x000026f4       0x2c c:/program files (x86)/gnu tools arm embedded/4.8 2014q1/bin/../lib/gcc/arm-none-eabi/4.8.3/../../../../arm-none-eabi/lib/armv6-m\libg_s.a(lib_a-writer.o)
 .debug_frame   0x00002720       0x2c c:/program files (x86)/gnu tools arm embedded/4.8 2014q1/bin/../lib/gcc/arm-none-eabi/4.8.3/../../../../arm-none-eabi/lib/armv6-m\libg_s.a(lib_a-closer.o)
 .debug_frame   0x0000274c       0x2c c:/program files (x86)/gnu tools arm embedded/4.8 2014q1/bin/../lib/gcc/arm-none-eabi/4.8.3/../../../../arm-none-eabi/lib/armv6-m\libg_s.a(lib_a-fstatr.o)
 .debug_frame   0x00002778       0x2c c:/program files (x86)/gnu tools arm embedded/4.8 2014q1/bin/../lib/gcc/arm-none-eabi/4.8.3/../../../../arm-none-eabi/lib/armv6-m\libg_s.a(lib_a-isattyr.o)
 .debug_frame   0x000027a4       0x2c c:/program files (x86)/gnu tools arm embedded/4.8 2014q1/bin/../lib/gcc/arm-none-eabi/4.8.3/../../../../arm-none-eabi/lib/armv6-m\libg_s.a(lib_a-lseekr.o)
 .debug_frame   0x000027d0       0x20 c:/program files (x86)/gnu tools arm embedded/4.8 2014q1/bin/../lib/gcc/arm-none-eabi/4.8.3/../../../../arm-none-eabi/lib/armv6-m\libg_s.a(lib_a-nano-msizer.o)
 .debug_frame   0x000027f0       0x2c c:/program files (x86)/gnu tools arm embedded/4.8 2014q1/bin/../lib/gcc/arm-none-eabi/4.8.3/../../../../arm-none-eabi/lib/armv6-m\libg_s.a(lib_a-readr.o)

.debug_str      0x00000000    0x1a178
 *(.debug_str)
 .debug_str     0x00000000    0x148b9 ./src/PlatformHandler/flash_handler.o
                              0x14acb (size before relaxing)
 .debug_str     0x000148b9      0x723 ./src/PlatformHandler/gpio_handler.o
                              0x13ecf (size before relaxing)
 .debug_str     0x00014fdc       0xc6 ./src/PlatformHandler/storage_handler.o
                              0x146fc (size before relaxing)
 .debug_str     0x000150a2      0x93d ./src/PlatformHandler/timer_handler.o
                              0x1479a (size before relaxing)
 .debug_str     0x000159df      0x16f ./src/PlatformHandler/uart_handler.o
                              0x147ff (size before relaxing)
 .debug_str     0x00015b4e      0x608 ./src/Configuration/config_data.o
                              0x150af (size before relaxing)
 .debug_str     0x00016156      0x549 ./src/Configuration/config_message.o
                              0x158f0 (size before relaxing)
 .debug_str     0x0001669f      0x319 ./src/main.o
                              0x15c35 (size before relaxing)
 .debug_str     0x000169b8      0x5fc ./src/retarget.o
                              0x13c76 (size before relaxing)
 .debug_str     0x00016fb4      0x1db ./src/w7500x_it.o
                              0x139b7 (size before relaxing)
 .debug_str     0x0001718f      0x13d ./Libraries/startup/_exit.o
                               0x3bb9 (size before relaxing)
 .debug_str     0x000172cc       0x74 ./Libraries/startup/_initialize_hardware.o
                              0x13647 (size before relaxing)
 .debug_str     0x00017340       0x4e ./Libraries/startup/_reset_hardware.o
                              0x13691 (size before relaxing)
 .debug_str     0x0001738e      0x505 ./Libraries/startup/_sbrk.o
                               0x430c (size before relaxing)
 .debug_str     0x00017893      0x17e ./Libraries/startup/_startup.o
                               0x3c99 (size before relaxing)
 .debug_str     0x00017a11      0x95c ./Libraries/startup/_syscalls.o
                               0x51cb (size before relaxing)
 .debug_str     0x0001836d       0x7e ./Libraries/startup/exception_handlers.o
                               0x2349 (size before relaxing)
 .debug_str     0x000183eb       0x7c ./Libraries/startup/vectors_W7500x.o
                               0x2333 (size before relaxing)
 .debug_str     0x00018467      0x114 ./Libraries/ioLibrary/Internet/TFTP/netutil.o
                               0x5fd7 (size before relaxing)
 .debug_str     0x0001857b      0x34b ./Libraries/ioLibrary/Internet/TFTP/tftp.o
                              0x1536b (size before relaxing)
 .debug_str     0x000188c6      0x39e ./Libraries/ioLibrary/Ethernet/socket.o
                              0x140a8 (size before relaxing)
 .debug_str     0x00018c64      0x41b ./Libraries/ioLibrary/Ethernet/wizchip_conf.o
                              0x13eac (size before relaxing)
 .debug_str     0x0001907f      0x660 ./Libraries/W7500x_StdPeriph_Driver/src/w7500x_crg.o
                              0x13cb8 (size before relaxing)
 .debug_str     0x000196df       0xf6 ./Libraries/W7500x_StdPeriph_Driver/src/w7500x_dualtimer.o
                              0x13937 (size before relaxing)
 .debug_str     0x000197d5       0x95 ./Libraries/W7500x_StdPeriph_Driver/src/w7500x_flash.o
                              0x136e1 (size before relaxing)
 .debug_str     0x0001986a      0x2a8 ./Libraries/W7500x_StdPeriph_Driver/src/w7500x_gpio.o
                              0x13ac3 (size before relaxing)
 .debug_str     0x00019b12      0x2a6 ./Libraries/W7500x_StdPeriph_Driver/src/w7500x_miim.o
                              0x13ad8 (size before relaxing)
 .debug_str     0x00019db8      0x259 ./Libraries/W7500x_StdPeriph_Driver/src/w7500x_uart.o
                              0x13e31 (size before relaxing)
 .debug_str     0x0001a011       0xae ./Libraries/W7500x_StdPeriph_Driver/src/w7500x_wztoe.o
                              0x13716 (size before relaxing)
 .debug_str     0x0001a0bf       0xb9 ./Libraries/CMSIS/Device/WIZnet/W7500/Source/system_w7500x.o
                              0x139fd (size before relaxing)

.debug_loc      0x00000000     0x5a6c
 *(.debug_loc)
 .debug_loc     0x00000000      0x234 ./src/PlatformHandler/flash_handler.o
 .debug_loc     0x00000234       0xa5 ./src/PlatformHandler/gpio_handler.o
 .debug_loc     0x000002d9      0x110 ./src/PlatformHandler/storage_handler.o
 .debug_loc     0x000003e9       0x2c ./src/PlatformHandler/timer_handler.o
 .debug_loc     0x00000415      0x348 ./src/Configuration/config_data.o
 .debug_loc     0x0000075d      0x5ee ./src/Configuration/config_message.o
 .debug_loc     0x00000d4b      0x1ed ./src/main.o
 .debug_loc     0x00000f38      0x1ca ./src/retarget.o