Archive member included because of file (symbol)

c:/program files (x86)/gnu tools arm embedded/4.8 2014q1/bin/../lib/gcc/arm-none-eabi/4.8.3/armv6-m\libgcc.a(_udivsi3.o)
                              ./src/PlatformHandler/timerHandler.o (__aeabi_uidiv)
c:/program files (x86)/gnu tools arm embedded/4.8 2014q1/bin/../lib/gcc/arm-none-eabi/4.8.3/armv6-m\libgcc.a(_dvmd_tls.o)
                              c:/program files (x86)/gnu tools arm embedded/4.8 2014q1/bin/../lib/gcc/arm-none-eabi/4.8.3/armv6-m\libgcc.a(_udivsi3.o) (__aeabi_idiv0)
c:/program files (x86)/gnu tools arm embedded/4.8 2014q1/bin/../lib/gcc/arm-none-eabi/4.8.3/armv6-m\libgcc.a(_fixunssfsi.o)
                              ./Libraries/W7500x_StdPeriph_Driver/src/w7500x_uart.o (__aeabi_f2uiz)
c:/program files (x86)/gnu tools arm embedded/4.8 2014q1/bin/../lib/gcc/arm-none-eabi/4.8.3/armv6-m\libgcc.a(_fixunsdfsi.o)
                              ./Libraries/W7500x_StdPeriph_Driver/src/w7500x_uart.o (__aeabi_d2uiz)
c:/program files (x86)/gnu tools arm embedded/4.8 2014q1/bin/../lib/gcc/arm-none-eabi/4.8.3/armv6-m\libgcc.a(divsf3.o)
                              ./Libraries/W7500x_StdPeriph_Driver/src/w7500x_uart.o (__aeabi_fdiv)
c:/program files (x86)/gnu tools arm embedded/4.8 2014q1/bin/../lib/gcc/arm-none-eabi/4.8.3/armv6-m\libgcc.a(mulsf3.o)
                              ./Libraries/W7500x_StdPeriph_Driver/src/w7500x_uart.o (__aeabi_fmul)
c:/program files (x86)/gnu tools arm embedded/4.8 2014q1/bin/../lib/gcc/arm-none-eabi/4.8.3/armv6-m\libgcc.a(subsf3.o)
                              ./Libraries/W7500x_StdPeriph_Driver/src/w7500x_uart.o (__aeabi_fsub)
c:/program files (x86)/gnu tools arm embedded/4.8 2014q1/bin/../lib/gcc/arm-none-eabi/4.8.3/armv6-m\libgcc.a(fixsfsi.o)
                              c:/program files (x86)/gnu tools arm embedded/4.8 2014q1/bin/../lib/gcc/arm-none-eabi/4.8.3/armv6-m\libgcc.a(_fixunssfsi.o) (__aeabi_f2iz)
c:/program files (x86)/gnu tools arm embedded/4.8 2014q1/bin/../lib/gcc/arm-none-eabi/4.8.3/armv6-m\libgcc.a(floatunsisf.o)
                              ./Libraries/W7500x_StdPeriph_Driver/src/w7500x_uart.o (__aeabi_ui2f)
c:/program files (x86)/gnu tools arm embedded/4.8 2014q1/bin/../lib/gcc/arm-none-eabi/4.8.3/armv6-m\libgcc.a(adddf3.o)
                              ./Libraries/W7500x_StdPeriph_Driver/src/w7500x_uart.o (__aeabi_dadd)
c:/program files (x86)/gnu tools arm embedded/4.8 2014q1/bin/../lib/gcc/arm-none-eabi/4.8.3/armv6-m\libgcc.a(subdf3.o)
                              c:/program files (x86)/gnu tools arm embedded/4.8 2014q1/bin/../lib/gcc/arm-none-eabi/4.8.3/armv6-m\libgcc.a(_fixunsdfsi.o) (__aeabi_dsub)
c:/program files (x86)/gnu tools arm embedded/4.8 2014q1/bin/../lib/gcc/arm-none-eabi/4.8.3/armv6-m\libgcc.a(fixdfsi.o)
                              c:/program files (x86)/gnu tools arm embedded/4.8 2014q1/bin/../lib/gcc/arm-none-eabi/4.8.3/armv6-m\libgcc.a(_fixunsdfsi.o) (__aeabi_d2iz)
c:/program files (x86)/gnu tools arm embedded/4.8 2014q1/bin/../lib/gcc/arm-none-eabi/4.8.3/armv6-m\libgcc.a(extendsfdf2.o)
                              ./Libraries/W7500x_StdPeriph_Driver/src/w7500x_uart.o (__aeabi_f2d)
c:/program files (x86)/gnu tools arm embedded/4.8 2014q1/bin/../lib/gcc/arm-none-eabi/4.8.3/armv6-m\libgcc.a(_arm_cmpdf2.o)
                              c:/program files (x86)/gnu tools arm embedded/4.8 2014q1/bin/../lib/gcc/arm-none-eabi/4.8.3/armv6-m\libgcc.a(_fixunsdfsi.o) (__aeabi_dcmpge)
c:/program files (x86)/gnu tools arm embedded/4.8 2014q1/bin/../lib/gcc/arm-none-eabi/4.8.3/armv6-m\libgcc.a(_arm_cmpsf2.o)
                              c:/program files (x86)/gnu tools arm embedded/4.8 2014q1/bin/../lib/gcc/arm-none-eabi/4.8.3/armv6-m\libgcc.a(_fixunssfsi.o) (__aeabi_fcmpge)
c:/program files (x86)/gnu tools arm embedded/4.8 2014q1/bin/../lib/gcc/arm-none-eabi/4.8.3/armv6-m\libgcc.a(_clzsi2.o)
                              c:/program files (x86)/gnu tools arm embedded/4.8 2014q1/bin/../lib/gcc/arm-none-eabi/4.8.3/armv6-m\libgcc.a(divsf3.o) (__clzsi2)
c:/program files (x86)/gnu tools arm embedded/4.8 2014q1/bin/../lib/gcc/arm-none-eabi/4.8.3/armv6-m\libgcc.a(eqsf2.o)
                              c:/program files (x86)/gnu tools arm embedded/4.8 2014q1/bin/../lib/gcc/arm-none-eabi/4.8.3/armv6-m\libgcc.a(_arm_cmpsf2.o) (__eqsf2)
c:/program files (x86)/gnu tools arm embedded/4.8 2014q1/bin/../lib/gcc/arm-none-eabi/4.8.3/armv6-m\libgcc.a(gesf2.o)
                              c:/program files (x86)/gnu tools arm embedded/4.8 2014q1/bin/../lib/gcc/arm-none-eabi/4.8.3/armv6-m\libgcc.a(_arm_cmpsf2.o) (__gesf2)
c:/program files (x86)/gnu tools arm embedded/4.8 2014q1/bin/../lib/gcc/arm-none-eabi/4.8.3/armv6-m\libgcc.a(lesf2.o)
                              c:/program files (x86)/gnu tools arm embedded/4.8 2014q1/bin/../lib/gcc/arm-none-eabi/4.8.3/armv6-m\libgcc.a(_arm_cmpsf2.o) (__lesf2)
[...]
Memory Configuration

Name             Origin             Length             Attributes
FLASH            0x00000000         0x00008000         xr
RAM              0x20000000         0x00004000         xrw
CCMRAM           0x10000000         0x00000000         xrw
FLASHB1          0x00000000         0x00000000         xr
EXTMEMB0         0x00000000         0x00000000         xr
EXTMEMB1         0x00000000         0x00000000         xr
EXTMEMB2         0x00000000         0x00000000         xr
EXTMEMB3         0x00000000         0x00000000         xr
*default*        0x00000000         0xffffffff

Linker script and memory map

LOAD ./src/PlatformHandler/flashHandler.o
LOAD ./src/PlatformHandler/gpioHandler.o
LOAD ./src/PlatformHandler/storageHandler.o
LOAD ./src/PlatformHandler/timerHandler.o
LOAD ./src/PlatformHandler/uartHandler.o
LOAD ./src/Configuration/ConfigData.o
LOAD ./src/Configuration/ConfigMessage.o
LOAD ./src/main.o
LOAD ./src/retarget.o
LOAD ./src/w7500x_it.o
LOAD ./Libraries/startup/_exit.o
LOAD ./Libraries/startup/_initialize_hardware.o
LOAD ./Libraries/startup/_reset_hardware.o
LOAD ./Libraries/startup/_sbrk.o
LOAD ./Libraries/startup/_startup.o
LOAD ./Libraries/startup/_syscalls.o
LOAD ./Libraries/startup/exception_handlers.o
LOAD ./Libraries/startup/vectors_W7500x.o
LOAD ./Libraries/ioLibrary/Internet/TFTP/netutil.o
LOAD ./Libraries/ioLibrary/Internet/TFTP/tftp.o
LOAD ./Libraries/ioLibrary/Internet/DNS/dns.o
LOAD ./Libraries/ioLibrary/Internet/DHCP/dhcp.o
LOAD ./Libraries/ioLibrary/Ethernet/socket.o
LOAD ./Libraries/ioLibrary/Ethernet/wizchip_conf.o
LOAD ./Libraries/ioLibrary/Application/loopback/loopback.o
LOAD ./Libraries/W7500x_StdPeriph_Driver/src/w7500x_adc.o
LOAD ./Libraries/W7500x_StdPeriph_Driver/src/w7500x_crg.o
LOAD ./Libraries/W7500x_StdPeriph_Driver/src/w7500x_dualtimer.o
LOAD ./Libraries/W7500x_StdPeriph_Driver/src/w7500x_exti.o
LOAD ./Libraries/W7500x_StdPeriph_Driver/src/w7500x_flash.o
LOAD ./Libraries/W7500x_StdPeriph_Driver/src/w7500x_gpio.o
LOAD ./Libraries/W7500x_StdPeriph_Driver/src/w7500x_miim.o
LOAD ./Libraries/W7500x_StdPeriph_Driver/src/w7500x_misc.o
LOAD ./Libraries/W7500x_StdPeriph_Driver/src/w7500x_pwm.o
LOAD ./Libraries/W7500x_StdPeriph_Driver/src/w7500x_rng.o
LOAD ./Libraries/W7500x_StdPeriph_Driver/src/w7500x_rtc.o
LOAD ./Libraries/W7500x_StdPeriph_Driver/src/w7500x_ssp.o
LOAD ./Libraries/W7500x_StdPeriph_Driver/src/w7500x_uart.o
LOAD ./Libraries/W7500x_StdPeriph_Driver/src/w7500x_wdt.o
LOAD ./Libraries/W7500x_StdPeriph_Driver/src/w7500x_wztoe.o
LOAD ./Libraries/CMSIS/Device/WIZnet/W7500/Source/system_w7500x.o
START GROUP
LOAD c:/program files (x86)/gnu tools arm embedded/4.8 2014q1/bin/../lib/gcc/arm-none-eabi/4.8.3/armv6-m\libgcc.a
LOAD c:/program files (x86)/gnu tools arm embedded/4.8 2014q1/bin/../lib/gcc/arm-none-eabi/4.8.3/../../../../arm-none-eabi/lib/armv6-m\libg_s.a
LOAD c:/program files (x86)/gnu tools arm embedded/4.8 2014q1/bin/../lib/gcc/arm-none-eabi/4.8.3/../../../../arm-none-eabi/lib/armv6-m\libc_s.a
END GROUP
START GROUP
LOAD c:/program files (x86)/gnu tools arm embedded/4.8 2014q1/bin/../lib/gcc/arm-none-eabi/4.8.3/armv6-m\libgcc.a
LOAD c:/program files (x86)/gnu tools arm embedded/4.8 2014q1/bin/../lib/gcc/arm-none-eabi/4.8.3/../../../../arm-none-eabi/lib/armv6-m\libc_s.a
END GROUP
                0x20004000                __stack = (ORIGIN (RAM) + 0x4000)
                0x20004000                _estack = __stack
                0x00000900                __Main_Stack_Size = 0x900
                0x00000900                PROVIDE (_Main_Stack_Size, __Main_Stack_Size)
                0x20003700                __Main_Stack_Limit = (__stack - __Main_Stack_Size)
                0x20003700                PROVIDE (_Main_Stack_Limit, __Main_Stack_Limit)
                0x00000100                _Minimum_Stack_Size = 0x100
                0x20001e10                PROVIDE (_Heap_Begin, _end_noinit)
                0x20003700                PROVIDE (_Heap_Limit, (__stack - __Main_Stack_Size))

.isr_vector     0x00000000      0x17c
                0x00000000                . = ALIGN (0x4)
 *(.isr_vector)
 .isr_vector    0x00000000       0xa8 ./Libraries/startup/vectors_W7500x.o
                0x00000000                __isr_vectors
 *(.cfmconfig)
 *(.after_vectors .after_vectors.*)
 .after_vectors
                0x000000a8       0xbc ./Libraries/startup/_startup.o
                0x000000a8                _start
 .after_vectors
                0x00000164       0x18 ./Libraries/startup/exception_handlers.o
                0x00000164                Reset_Handler
                0x0000017c                . = ALIGN (0x4)

.inits          0x0000017c        0x0
                0x0000017c                . = ALIGN (0x4)
 *(.init)
 *(.fini)
                0x0000017c                . = ALIGN (0x4)
                0x0000017c                PROVIDE (__preinit_array_start, .)
 *(.preinit_array_sysinit .preinit_array_sysinit.*)
 *(.preinit_array_platform .preinit_array_platform.*)
 *(.preinit_array .preinit_array.*)
                0x0000017c                PROVIDE (__preinit_array_end, .)
                0x0000017c                . = ALIGN (0x4)
                0x0000017c                PROVIDE (__init_array_start, .)
 *(SORT(.init_array.*))
 *(.init_array)
                0x0000017c                PROVIDE (__init_array_end, .)
                0x0000017c                . = ALIGN (0x4)
                0x0000017c                PROVIDE (__fini_array_start, .)
 *(SORT(.fini_array.*))
 *(.fini_array)
                0x0000017c                PROVIDE (__fini_array_end, .)
                0x0000017c                . = ALIGN (0x4)

.flashtext      0x0000017c        0x0
                0x0000017c                . = ALIGN (0x4)
 *(.flashtext .flashtext.*)
                0x0000017c                . = ALIGN (0x4)

.text           0x0000017c     0x4de0
                0x0000017c                . = ALIGN (0x4)
 *(.text .text.*)
 .text.erase_flash_page
                0x0000017c       0x14 ./src/PlatformHandler/flashHandler.o
                0x0000017c                erase_flash_page
 .text.erase_flash_block
                0x00000190       0x14 ./src/PlatformHandler/flashHandler.o
                0x00000190                erase_flash_block
 .text.write_flash
                0x000001a4       0x1c ./src/PlatformHandler/flashHandler.o
                0x000001a4                write_flash
 .text.read_flash
                0x000001c0       0x14 ./src/PlatformHandler/flashHandler.o
                0x000001c0                read_flash
 .text.save_data
                0x000001d4       0x44 ./src/PlatformHandler/flashHandler.o
                0x000001d4                save_data
 .text.InitLed  0x00000218       0x3c ./src/PlatformHandler/gpioHandler.o
                0x00000218                InitLed
 .text.OffLed   0x00000254       0x20 ./src/PlatformHandler/gpioHandler.o
                0x00000254                OffLed
 .text.ToggleLed
                0x00000274       0x1c ./src/PlatformHandler/gpioHandler.o
                0x00000274                ToggleLed
 .text.InitBuzzerPin
                0x00000290       0x28 ./src/PlatformHandler/gpioHandler.o
                0x00000290                InitBuzzerPin
 .text.OffBuzzer
                0x000002b8       0x10 ./src/PlatformHandler/gpioHandler.o
                0x000002b8                OffBuzzer
 .text.read_storage
                0x000002c8       0x18 ./src/PlatformHandler/storageHandler.o
                0x000002c8                read_storage
 .text.write_storage
                0x000002e0       0x30 ./src/PlatformHandler/storageHandler.o
                0x000002e0                write_storage
 .text.Timer0IRQHandler
                0x00000310       0x8c ./src/PlatformHandler/timerHandler.o
                0x00000310                Timer0IRQHandler
 .text.Timer1IRQHandler
                0x0000039c       0x24 ./src/PlatformHandler/timerHandler.o
                0x0000039c                Timer1IRQHandler
 .text.ConfigurationTimer0
                0x000003c0       0x48 ./src/PlatformHandler/timerHandler.o
                0x000003c0                ConfigurationTimer0
 .text.delay_cnt
                0x00000408       0x14 ./src/PlatformHandler/timerHandler.o
                0x00000408                delay_cnt
 .text.delay_ms
                0x0000041c       0x2c ./src/PlatformHandler/timerHandler.o
                0x0000041c                delay_ms
 .text.myprintf
                0x00000448       0x24 ./src/PlatformHandler/uartHandler.o
                0x00000448                myprintf
 .text.GetS2EPacketPointer
                0x0000046c        0x8 ./src/Configuration/ConfigData.o
                0x0000046c                GetS2EPacketPointer
 .text.SetS2EPacketToFactoryValue
                0x00000474      0x1d8 ./src/Configuration/ConfigData.o
                0x00000474                SetS2EPacketToFactoryValue
 .text.LoadS2EPacketFromStorage
                0x0000064c       0x40 ./src/Configuration/ConfigData.o
                0x0000064c                LoadS2EPacketFromStorage
 .text.SaveS2EPacketToStorage
                0x0000068c       0x20 ./src/Configuration/ConfigData.o
                0x0000068c                SaveS2EPacketToStorage
 .text.GetS2EPacketValue
                0x000006ac        0x8 ./src/Configuration/ConfigData.o
                0x000006ac                GetS2EPacketValue
 .text.SetS2EPacketValue
                0x000006b4        0x8 ./src/Configuration/ConfigData.o
                0x000006b4                SetS2EPacketValue
 .text.ConfigurationNet
                0x000006bc       0x70 ./src/Configuration/ConfigData.o
                0x000006bc                ConfigurationNet
 .text.AsciiToNum
                0x0000072c       0x1c ./src/Configuration/ConfigData.o
                0x0000072c                AsciiToNum
 .text.GetHex   0x00000748       0x1c ./src/Configuration/ConfigData.o
                0x00000748                GetHex
 .text.CheckMacAddress
                0x00000764       0x9c ./src/Configuration/ConfigData.o
                0x00000764                CheckMacAddress
 .text.NVIC_SystemReset
                0x00000800       0x18 ./src/Configuration/ConfigMessage.o
 .text.Encrypt  0x00000818       0x18 ./src/Configuration/ConfigMessage.o
 .text.Decrypt  0x00000830       0x18 ./src/Configuration/ConfigMessage.o
 .text.ProcessGetInfo
                0x00000848       0xf4 ./src/Configuration/ConfigMessage.o
 .text.ProcessDiscovery
                0x0000093c      0x244 ./src/Configuration/ConfigMessage.o
 .text.ProcessSetInfo
                0x00000b80      0x138 ./src/Configuration/ConfigMessage.o
 .text.ProcessRemoteReset
                0x00000cb8       0xf8 ./src/Configuration/ConfigMessage.o
 .text.ProcessFirmwareUploadInit
                0x00000db0      0x17c ./src/Configuration/ConfigMessage.o
 .text.ProcessFactoryReset
                0x00000f2c      0x100 ./src/Configuration/ConfigMessage.o
 .text.reply_firmware_upload_done
                0x0000102c       0xb8 ./src/Configuration/ConfigMessage.o
                0x0000102c                reply_firmware_upload_done
 .text.do_udp_config
                0x000010e4       0xd0 ./src/Configuration/ConfigMessage.o
                0x000010e4                do_udp_config
 .text.application_jump
                0x000011b4       0x18 ./src/main.o
 .text.Backup_Boot_Interrupt_VectorTable
                0x000011cc       0x2c ./src/main.o
 .text.Copy_Interrupt_VectorTable
                0x000011f8       0x58 ./src/main.o
 .text.application_update
                0x00001250       0x64 ./src/main.o
 .text.main     0x000012b4      0x190 ./src/main.o
                0x000012b4                main
 .text.TimingDelay_Decrement
                0x00001444       0x18 ./src/main.o
                0x00001444                TimingDelay_Decrement
 .text.assert_failed
                0x0000145c       0x14 ./src/main.o
                0x0000145c                assert_failed
 .text.S_UartPutc
                0x00001470        0xc ./src/retarget.o
                0x00001470                S_UartPutc
 .text._write   0x0000147c       0x1c ./src/retarget.o
                0x0000147c                _write
 .text.S_UartPuts
                0x00001498       0x18 ./src/retarget.o
                0x00001498                S_UartPuts
 .text.S_UartGetc
                0x000014b0       0x18 ./src/retarget.o
                0x000014b0                S_UartGetc
 .text.NMI_Handler
                0x000014c8        0x4 ./src/w7500x_it.o
                0x000014c8                NMI_Handler
 .text.HardFault_Handler
                0x000014cc       0x10 ./src/w7500x_it.o
                0x000014cc                HardFault_Handler
 .text.SVC_Handler
                0x000014dc        0x4 ./src/w7500x_it.o
                0x000014dc                SVC_Handler
 .text.PendSV_Handler
                0x000014e0        0x4 ./src/w7500x_it.o
                0x000014e0                PendSV_Handler
 .text.SysTick_Handler
                0x000014e4        0x8 ./src/w7500x_it.o
                0x000014e4                SysTick_Handler
 .text.SSP0_Handler
                0x000014ec        0x4 ./src/w7500x_it.o
                0x000014ec                SSP0_Handler
 .text.SSP1_Handler
                0x000014f0        0x4 ./src/w7500x_it.o
                0x000014f0                SSP1_Handler
 .text.UART0_Handler
                0x000014f4        0x4 ./src/w7500x_it.o
                0x000014f4                UART0_Handler
 .text.UART1_Handler
                0x000014f8        0x4 ./src/w7500x_it.o
                0x000014f8                UART1_Handler
 .text.UART2_Handler
                0x000014fc        0x4 ./src/w7500x_it.o
                0x000014fc                UART2_Handler
 .text.PORT0_Handler
                0x00001500        0x4 ./src/w7500x_it.o
                0x00001500                PORT0_Handler
 .text.PORT1_Handler
                0x00001504        0x4 ./src/w7500x_it.o
                0x00001504                PORT1_Handler
 .text.PORT2_Handler
                0x00001508        0x4 ./src/w7500x_it.o
                0x00001508                PORT2_Handler
 .text.PORT3_Handler
                0x0000150c        0x4 ./src/w7500x_it.o
                0x0000150c                PORT3_Handler
 .text.DMA_Handler
                0x00001510        0x4 ./src/w7500x_it.o
                0x00001510                DMA_Handler
 .text.DUALTIMER0_Handler
                0x00001514        0x8 ./src/w7500x_it.o
                0x00001514                DUALTIMER0_Handler
 .text.DUALTIMER1_Handler
                0x0000151c        0x8 ./src/w7500x_it.o
                0x0000151c                DUALTIMER1_Handler
 .text.PWM0_Handler
                0x00001524        0x4 ./src/w7500x_it.o
                0x00001524                PWM0_Handler
 .text.PWM1_Handler
                0x00001528        0x4 ./src/w7500x_it.o
                0x00001528                PWM1_Handler
 .text.PWM2_Handler
                0x0000152c        0x4 ./src/w7500x_it.o
                0x0000152c                PWM2_Handler
 .text.PWM3_Handler
                0x00001530        0x4 ./src/w7500x_it.o
                0x00001530                PWM3_Handler
 .text.PWM4_Handler
                0x00001534        0x4 ./src/w7500x_it.o
                0x00001534                PWM4_Handler
 .text.PWM5_Handler
                0x00001538        0x4 ./src/w7500x_it.o
                0x00001538                PWM5_Handler
 .text.PWM6_Handler
                0x0000153c        0x4 ./src/w7500x_it.o
                0x0000153c                PWM6_Handler
 .text.PWM7_Handler
                0x00001540        0x4 ./src/w7500x_it.o
                0x00001540                PWM7_Handler
 .text.RTC_Handler
                0x00001544        0x4 ./src/w7500x_it.o
                0x00001544                RTC_Handler
 .text.ADC_Handler
                0x00001548        0x4 ./src/w7500x_it.o
                0x00001548                ADC_Handler
 .text.WZTOE_Handler
                0x0000154c        0x4 ./src/w7500x_it.o
                0x0000154c                WZTOE_Handler
 .text.EXTI_Handler
                0x00001550        0x4 ./src/w7500x_it.o
                0x00001550                EXTI_Handler
 .text._exit    0x00001554        0x8 ./Libraries/startup/_exit.o
                0x00001554                _exit
 .text.__initialize_hardware
                0x0000155c        0x8 ./Libraries/startup/_initialize_hardware.o
                0x0000155c                __initialize_hardware
 .text.__reset_hardware
                0x00001564       0x18 ./Libraries/startup/_reset_hardware.o
                0x00001564                __reset_hardware
 .text._sbrk    0x0000157c       0x44 ./Libraries/startup/_sbrk.o
                0x0000157c                _sbrk
 .text.__initialize_args
                0x000015c0       0x10 ./Libraries/startup/_syscalls.o
                0x000015c0                __initialize_args
 .text._close   0x000015d0       0x10 ./Libraries/startup/_syscalls.o
                0x000015d0                _close
 .text._fstat   0x000015e0       0x10 ./Libraries/startup/_syscalls.o
                0x000015e0                _fstat
 .text._isatty  0x000015f0       0x10 ./Libraries/startup/_syscalls.o
                0x000015f0                _isatty
 .text._lseek   0x00001600       0x10 ./Libraries/startup/_syscalls.o
                0x00001600                _lseek
 .text._read    0x00001610       0x10 ./Libraries/startup/_syscalls.o
                0x00001610                _read
 .text.swaps    0x00001620        0xc ./Libraries/ioLibrary/Internet/TFTP/netutil.o
                0x00001620                swaps
 .text.swapl    0x0000162c       0x18 ./Libraries/ioLibrary/Internet/TFTP/netutil.o
                0x0000162c                swapl
 .text.htons    0x00001644        0x8 ./Libraries/ioLibrary/Internet/TFTP/netutil.o
                0x00001644                htons
 .text.htonl    0x0000164c        0x8 ./Libraries/ioLibrary/Internet/TFTP/netutil.o
                0x0000164c                htonl
 .text.ntohs    0x00001654        0x8 ./Libraries/ioLibrary/Internet/TFTP/netutil.o
                0x00001654                ntohs
 .text.ntohl    0x0000165c        0x8 ./Libraries/ioLibrary/Internet/TFTP/netutil.o
                0x0000165c                ntohl
 .text.init_tftp
                0x00001664       0x58 ./Libraries/ioLibrary/Internet/TFTP/tftp.o
 .text.tftp_cancel_timeout
                0x000016bc       0x24 ./Libraries/ioLibrary/Internet/TFTP/tftp.o
 .text.tftp_reg_timeout
                0x000016e0       0x28 ./Libraries/ioLibrary/Internet/TFTP/tftp.o
 .text.open_tftp_socket
                0x00001708       0x3c ./Libraries/ioLibrary/Internet/TFTP/tftp.o
 .text.set_filename
                0x00001744       0x14 ./Libraries/ioLibrary/Internet/TFTP/tftp.o
 .text.send_udp_packet
                0x00001758       0x34 ./Libraries/ioLibrary/Internet/TFTP/tftp.o
 .text.send_tftp_rrq
                0x0000178c       0xec ./Libraries/ioLibrary/Internet/TFTP/tftp.o
 .text.send_tftp_ack
                0x00001878       0x5c ./Libraries/ioLibrary/Internet/TFTP/tftp.o
 .text.recv_udp_packet
                0x000018d4       0x78 ./Libraries/ioLibrary/Internet/TFTP/tftp.o
 .text.recv_tftp_error
                0x0000194c       0x5c ./Libraries/ioLibrary/Internet/TFTP/tftp.o
 .text.recv_tftp_data
                0x000019a8       0xac ./Libraries/ioLibrary/Internet/TFTP/tftp.o
 .text.recv_tftp_ack
                0x00001a54       0x1c ./Libraries/ioLibrary/Internet/TFTP/tftp.o
 .text.recv_tftp_oack
                0x00001a70       0x48 ./Libraries/ioLibrary/Internet/TFTP/tftp.o
 .text.recv_tftp_packet
                0x00001ab8       0xd0 ./Libraries/ioLibrary/Internet/TFTP/tftp.o
 .text.TFTP_init
                0x00001b88       0x2c ./Libraries/ioLibrary/Internet/TFTP/tftp.o
                0x00001b88                TFTP_init
 .text.TFTP_run
                0x00001bb4       0xbc ./Libraries/ioLibrary/Internet/TFTP/tftp.o
                0x00001bb4                TFTP_run
 .text.TFTP_read_request
                0x00001c70       0x4c ./Libraries/ioLibrary/Internet/TFTP/tftp.o
                0x00001c70                TFTP_read_request
 .text.tftp_timeout_handler
                0x00001cbc       0x1c ./Libraries/ioLibrary/Internet/TFTP/tftp.o
                0x00001cbc                tftp_timeout_handler
 .text.close    0x00001cd8       0x74 ./Libraries/ioLibrary/Ethernet/socket.o
                0x00001cd8                close
 .text.socket   0x00001d4c      0x11c ./Libraries/ioLibrary/Ethernet/socket.o
                0x00001d4c                socket
 .text.sendto   0x00001e68      0x1d0 ./Libraries/ioLibrary/Ethernet/socket.o
                0x00001e68                sendto
 .text.recvfrom
                0x00002038      0x214 ./Libraries/ioLibrary/Ethernet/socket.o
                0x00002038                recvfrom
 .text.getsockopt
                0x0000224c      0x174 ./Libraries/ioLibrary/Ethernet/socket.o
                0x0000224c                getsockopt
 .text.wizchip_cris_enter
                0x000023c0        0x4 ./Libraries/ioLibrary/Ethernet/wizchip_conf.o
                0x000023c0                wizchip_cris_enter
 .text.wizchip_cris_exit
                0x000023c4        0x4 ./Libraries/ioLibrary/Ethernet/wizchip_conf.o
                0x000023c4                wizchip_cris_exit
 .text.wizchip_cs_select
                0x000023c8        0x4 ./Libraries/ioLibrary/Ethernet/wizchip_conf.o
                0x000023c8                wizchip_cs_select
 .text.wizchip_cs_deselect
                0x000023cc        0x4 ./Libraries/ioLibrary/Ethernet/wizchip_conf.o
                0x000023cc                wizchip_cs_deselect
 .text.wizchip_bus_readbyte
                0x000023d0        0x8 ./Libraries/ioLibrary/Ethernet/wizchip_conf.o
                0x000023d0                wizchip_bus_readbyte
 .text.wizchip_bus_writebyte
                0x000023d8        0x4 ./Libraries/ioLibrary/Ethernet/wizchip_conf.o
                0x000023d8                wizchip_bus_writebyte
 .text.wizchip_sw_reset
                0x000023dc      0x1b0 ./Libraries/ioLibrary/Ethernet/wizchip_conf.o
                0x000023dc                wizchip_sw_reset
 .text.wizchip_init
                0x0000258c       0xa0 ./Libraries/ioLibrary/Ethernet/wizchip_conf.o
                0x0000258c                wizchip_init
 .text.wizchip_clrinterrupt
                0x0000262c       0x20 ./Libraries/ioLibrary/Ethernet/wizchip_conf.o
                0x0000262c                wizchip_clrinterrupt
 .text.wizchip_getinterrupt
                0x0000264c       0x20 ./Libraries/ioLibrary/Ethernet/wizchip_conf.o
                0x0000264c                wizchip_getinterrupt
 .text.wizchip_setinterruptmask
                0x0000266c       0x20 ./Libraries/ioLibrary/Ethernet/wizchip_conf.o
                0x0000266c                wizchip_setinterruptmask
 .text.wizchip_getinterruptmask
                0x0000268c       0x20 ./Libraries/ioLibrary/Ethernet/wizchip_conf.o
                0x0000268c                wizchip_getinterruptmask
 .text.wizphy_getphylink
                0x000026ac        0x8 ./Libraries/ioLibrary/Ethernet/wizchip_conf.o
                0x000026ac                wizphy_getphylink
 .text.wizphy_getphypmode
                0x000026b4        0x8 ./Libraries/ioLibrary/Ethernet/wizchip_conf.o
                0x000026b4                wizphy_getphypmode
 .text.ctlwizchip
                0x000026bc       0xb4 ./Libraries/ioLibrary/Ethernet/wizchip_conf.o
                0x000026bc                ctlwizchip
 .text.wizchip_setnetinfo
                0x00002770      0x100 ./Libraries/ioLibrary/Ethernet/wizchip_conf.o
                0x00002770                wizchip_setnetinfo
 .text.wizchip_getnetinfo
                0x00002870      0x100 ./Libraries/ioLibrary/Ethernet/wizchip_conf.o
                0x00002870                wizchip_getnetinfo
 .text.wizchip_setnetmode
                0x00002970       0x2c ./Libraries/ioLibrary/Ethernet/wizchip_conf.o
                0x00002970                wizchip_setnetmode
 .text.wizchip_getnetmode
                0x0000299c       0x10 ./Libraries/ioLibrary/Ethernet/wizchip_conf.o
                0x0000299c                wizchip_getnetmode
 .text.wizchip_settimeout
                0x000029ac       0x1c ./Libraries/ioLibrary/Ethernet/wizchip_conf.o
                0x000029ac                wizchip_settimeout
 .text.wizchip_gettimeout
                0x000029c8       0x1c ./Libraries/ioLibrary/Ethernet/wizchip_conf.o
                0x000029c8                wizchip_gettimeout
 .text.ctlnetwork
                0x000029e4       0x54 ./Libraries/ioLibrary/Ethernet/wizchip_conf.o
                0x000029e4                ctlnetwork
 .text.CRG_PLL_Bypass
                0x00002a38       0x1c ./Libraries/W7500x_StdPeriph_Driver/src/w7500x_crg.o
                0x00002a38                CRG_PLL_Bypass
 .text.CRG_PLL_SourceSelect
                0x00002a54       0x30 ./Libraries/W7500x_StdPeriph_Driver/src/w7500x_crg.o
                0x00002a54                CRG_PLL_SourceSelect
 .text.DUALTIMER_Cmd
                0x00002a84       0x68 ./Libraries/W7500x_StdPeriph_Driver/src/w7500x_dualtimer.o
                0x00002a84                DUALTIMER_Cmd
 .text.DUALTIMER_Init
                0x00002aec       0xec ./Libraries/W7500x_StdPeriph_Driver/src/w7500x_dualtimer.o
                0x00002aec                DUALTIMER_Init
 .text.DUALTIMER_ITConfig
                0x00002bd8       0x64 ./Libraries/W7500x_StdPeriph_Driver/src/w7500x_dualtimer.o
                0x00002bd8                DUALTIMER_ITConfig
 .text.DUALTIMER_GetITStatus
                0x00002c3c       0x40 ./Libraries/W7500x_StdPeriph_Driver/src/w7500x_dualtimer.o
                0x00002c3c                DUALTIMER_GetITStatus
 .text.DUALTIMER_ClearIT
                0x00002c7c       0x40 ./Libraries/W7500x_StdPeriph_Driver/src/w7500x_dualtimer.o
                0x00002c7c                DUALTIMER_ClearIT
 .text.FLASH_IAP
                0x00002cbc       0x20 ./Libraries/W7500x_StdPeriph_Driver/src/w7500x_flash.o
                0x00002cbc                FLASH_IAP
 .text.GPIO_ReadInputDataBit
                0x00002cdc       0xa8 ./Libraries/W7500x_StdPeriph_Driver/src/w7500x_gpio.o
                0x00002cdc                GPIO_ReadInputDataBit
 .text.GPIO_SetBits
                0x00002d84       0x5c ./Libraries/W7500x_StdPeriph_Driver/src/w7500x_gpio.o
                0x00002d84                GPIO_SetBits
 .text.GPIO_ResetBits
                0x00002de0       0x5c ./Libraries/W7500x_StdPeriph_Driver/src/w7500x_gpio.o
                0x00002de0                GPIO_ResetBits
 .text.GPIO_PinAFConfig
                0x00002e3c       0x9c ./Libraries/W7500x_StdPeriph_Driver/src/w7500x_gpio.o
                0x00002e3c                GPIO_PinAFConfig
 .text.GPIO_PinPadConfig
                0x00002ed8       0x90 ./Libraries/W7500x_StdPeriph_Driver/src/w7500x_gpio.o
                0x00002ed8                GPIO_PinPadConfig
 .text.GPIO_Read_PinPad
                0x00002f68       0x98 ./Libraries/W7500x_StdPeriph_Driver/src/w7500x_gpio.o
                0x00002f68                GPIO_Read_PinPad
 .text.GPIO_Init
                0x00003000      0x144 ./Libraries/W7500x_StdPeriph_Driver/src/w7500x_gpio.o
                0x00003000                GPIO_Init
 .text.miim_delay
                0x00003144       0x18 ./Libraries/W7500x_StdPeriph_Driver/src/w7500x_miim.o
 .text.MDIO_Out
                0x0000315c       0x7c ./Libraries/W7500x_StdPeriph_Driver/src/w7500x_miim.o
 .text.MDIO_Turnaround
                0x000031d8       0x40 ./Libraries/W7500x_StdPeriph_Driver/src/w7500x_miim.o
 .text.MDIO_Idle
                0x00003218       0x38 ./Libraries/W7500x_StdPeriph_Driver/src/w7500x_miim.o
 .text.MDIO_In  0x00003250       0x58 ./Libraries/W7500x_StdPeriph_Driver/src/w7500x_miim.o
 .text.MDIO_GetData
                0x000032a8       0x3c ./Libraries/W7500x_StdPeriph_Driver/src/w7500x_miim.o
 .text.PHY_GetId
                0x000032e4       0x34 ./Libraries/W7500x_StdPeriph_Driver/src/w7500x_miim.o
 .text.PHY_Init
                0x00003318       0x60 ./Libraries/W7500x_StdPeriph_Driver/src/w7500x_miim.o
                0x00003318                PHY_Init
 .text.S_UART_Init
                0x00003378       0x18 ./Libraries/W7500x_StdPeriph_Driver/src/w7500x_uart.o
                0x00003378                S_UART_Init
 .text.S_UART_Cmd
                0x00003390       0x38 ./Libraries/W7500x_StdPeriph_Driver/src/w7500x_uart.o
                0x00003390                S_UART_Cmd
 .text.S_UART_SendData
                0x000033c8       0x14 ./Libraries/W7500x_StdPeriph_Driver/src/w7500x_uart.o
                0x000033c8                S_UART_SendData
 .text.S_UART_ReceiveData
                0x000033dc        0xc ./Libraries/W7500x_StdPeriph_Driver/src/w7500x_uart.o
                0x000033dc                S_UART_ReceiveData
 .text.WIZCHIP_READ
                0x000033e8        0x8 ./Libraries/W7500x_StdPeriph_Driver/src/w7500x_wztoe.o
                0x000033e8                WIZCHIP_READ
 .text.WIZCHIP_WRITE
                0x000033f0        0x4 ./Libraries/W7500x_StdPeriph_Driver/src/w7500x_wztoe.o
                0x000033f0                WIZCHIP_WRITE
 .text.WIZCHIP_READ_BUF
                0x000033f4       0x1c ./Libraries/W7500x_StdPeriph_Driver/src/w7500x_wztoe.o
                0x000033f4                WIZCHIP_READ_BUF
 .text.WIZCHIP_WRITE_BUF
                0x00003410       0x1c ./Libraries/W7500x_StdPeriph_Driver/src/w7500x_wztoe.o
                0x00003410                WIZCHIP_WRITE_BUF
 .text.wiz_send_data
                0x0000342c       0x38 ./Libraries/W7500x_StdPeriph_Driver/src/w7500x_wztoe.o
                0x0000342c                wiz_send_data
 .text.wiz_recv_data
                0x00003464       0x38 ./Libraries/W7500x_StdPeriph_Driver/src/w7500x_wztoe.o
                0x00003464                wiz_recv_data
 .text.wiz_recv_macraw_data
                0x0000349c       0x44 ./Libraries/W7500x_StdPeriph_Driver/src/w7500x_wztoe.o
                0x0000349c                wiz_recv_macraw_data
 .text.wiz_recv_ignore
                0x000034e0       0x30 ./Libraries/W7500x_StdPeriph_Driver/src/w7500x_wztoe.o
                0x000034e0                wiz_recv_ignore
 .text.GetSystemClock
                0x00003510        0xc ./Libraries/CMSIS/Device/WIZnet/W7500/Source/system_w7500x.o
                0x00003510                GetSystemClock
 .text.GetSourceClock
                0x0000351c        0xc ./Libraries/CMSIS/Device/WIZnet/W7500/Source/system_w7500x.o
                0x0000351c                GetSourceClock
 .text.SystemCoreClockUpdate
                0x00003528       0x18 ./Libraries/CMSIS/Device/WIZnet/W7500/Source/system_w7500x.o
                0x00003528                SystemCoreClockUpdate
 .text.SetSysClock
                0x00003540       0x24 ./Libraries/CMSIS/Device/WIZnet/W7500/Source/system_w7500x.o
 .text.SystemInit
                0x00003564       0x28 ./Libraries/CMSIS/Device/WIZnet/W7500/Source/system_w7500x.o
                0x00003564                SystemInit
 .text          0x0000358c       0x9c c:/program files (x86)/gnu tools arm embedded/4.8 2014q1/bin/../lib/gcc/arm-none-eabi/4.8.3/armv6-m\libgcc.a(_udivsi3.o)
                0x0000358c                __aeabi_uidiv
                0x0000358c                __udivsi3
                0x00003614                __aeabi_uidivmod
 .text          0x00003628        0x4 c:/program files (x86)/gnu tools arm embedded/4.8 2014q1/bin/../lib/gcc/arm-none-eabi/4.8.3/armv6-m\libgcc.a(_dvmd_tls.o)
                0x00003628                __aeabi_idiv0
                0x00003628                __aeabi_ldiv0
 .text.__errno  0x0000362c        0xc c:/program files (x86)/gnu tools arm embedded/4.8 2014q1/bin/../lib/gcc/arm-none-eabi/4.8.3/../../../../arm-none-eabi/lib/armv6-m\libg_s.a(lib_a-errno.o)
                0x0000362c                __errno
 .text.memcmp   0x00003638       0x1e c:/program files (x86)/gnu tools arm embedded/4.8 2014q1/bin/../lib/gcc/arm-none-eabi/4.8.3/../../../../arm-none-eabi/lib/armv6-m\libg_s.a(lib_a-memcmp.o)
                0x00003638                memcmp
 .text.memcpy   0x00003656       0x12 c:/program files (x86)/gnu tools arm embedded/4.8 2014q1/bin/../lib/gcc/arm-none-eabi/4.8.3/../../../../arm-none-eabi/lib/armv6-m\libg_s.a(lib_a-memcpy-stub.o)
                0x00003656                memcpy
 .text.memset   0x00003668       0x10 c:/program files (x86)/gnu tools arm embedded/4.8 2014q1/bin/../lib/gcc/arm-none-eabi/4.8.3/../../../../arm-none-eabi/lib/armv6-m\libg_s.a(lib_a-memset.o)
                0x00003668                memset
 .text.printf   0x00003678       0x34 c:/program files (x86)/gnu tools arm embedded/4.8 2014q1/bin/../lib/gcc/arm-none-eabi/4.8.3/../../../../arm-none-eabi/lib/armv6-m\libg_s.a(lib_a-printf.o)
                0x00003678                iprintf
                0x00003678                printf
 .text._puts_r  0x000036ac       0xc2 c:/program files (x86)/gnu tools arm embedded/4.8 2014q1/bin/../lib/gcc/arm-none-eabi/4.8.3/../../../../arm-none-eabi/lib/armv6-m\libg_s.a(lib_a-puts.o)
                0x000036ac                _puts_r
 *fill*         0x0000376e        0x2 
 .text.puts     0x00003770       0x14 c:/program files (x86)/gnu tools arm embedded/4.8 2014q1/bin/../lib/gcc/arm-none-eabi/4.8.3/../../../../arm-none-eabi/lib/armv6-m\libg_s.a(lib_a-puts.o)
                0x00003770                puts
 .text          0x00003784       0x14 c:/program files (x86)/gnu tools arm embedded/4.8 2014q1/bin/../lib/gcc/arm-none-eabi/4.8.3/../../../../arm-none-eabi/lib/armv6-m\libg_s.a(lib_a-strcmp.o)
                0x00003784                strcmp
 .text.strcpy   0x00003798       0x10 c:/program files (x86)/gnu tools arm embedded/4.8 2014q1/bin/../lib/gcc/arm-none-eabi/4.8.3/../../../../arm-none-eabi/lib/armv6-m\libg_s.a(lib_a-strcpy.o)
                0x00003798                strcpy
 .text.strlen   0x000037a8        0xe c:/program files (x86)/gnu tools arm embedded/4.8 2014q1/bin/../lib/gcc/arm-none-eabi/4.8.3/../../../../arm-none-eabi/lib/armv6-m\libg_s.a(lib_a-strlen.o)
                0x000037a8                strlen
 *fill*         0x000037b6        0x2 
 .text.__ssputs_r
                0x000037b8       0xc0 c:/program files (x86)/gnu tools arm embedded/4.8 2014q1/bin/../lib/gcc/arm-none-eabi/4.8.3/../../../../arm-none-eabi/lib/armv6-m\libg_s.a(lib_a-svfprintf.o)
                0x000037b8                __ssputs_r
 .text._svfprintf_r
                0x00003878      0x1e0 c:/program files (x86)/gnu tools arm embedded/4.8 2014q1/bin/../lib/gcc/arm-none-eabi/4.8.3/../../../../arm-none-eabi/lib/armv6-m\libg_s.a(lib_a-svfprintf.o)
                0x00003878                _svfiprintf_r
                0x00003878                _svfprintf_r
 .text.__sfputc_r
                0x00003a58       0x2a c:/program files (x86)/gnu tools arm embedded/4.8 2014q1/bin/../lib/gcc/arm-none-eabi/4.8.3/../../../../arm-none-eabi/lib/armv6-m\libg_s.a(lib_a-vfprintf.o)
 .text.__sfputs_r
                0x00003a82       0x24 c:/program files (x86)/gnu tools arm embedded/4.8 2014q1/bin/../lib/gcc/arm-none-eabi/4.8.3/../../../../arm-none-eabi/lib/armv6-m\libg_s.a(lib_a-vfprintf.o)
                0x00003a82                __sfputs_r
 *fill*         0x00003aa6        0x2 
 .text._vfprintf_r
                0x00003aa8      0x210 c:/program files (x86)/gnu tools arm embedded/4.8 2014q1/bin/../lib/gcc/arm-none-eabi/4.8.3/../../../../arm-none-eabi/lib/armv6-m\libg_s.a(lib_a-vfprintf.o)
                0x00003aa8                _vfprintf_r
                0x00003aa8                _vfiprintf_r
 .text._printf_common
                0x00003cb8       0xe8 c:/program files (x86)/gnu tools arm embedded/4.8 2014q1/bin/../lib/gcc/arm-none-eabi/4.8.3/../../../../arm-none-eabi/lib/armv6-m\libg_s.a(lib_a-vfprintf_i.o)
                0x00003cb8                _printf_common
 .text._printf_i
                0x00003da0      0x22c c:/program files (x86)/gnu tools arm embedded/4.8 2014q1/bin/../lib/gcc/arm-none-eabi/4.8.3/../../../../arm-none-eabi/lib/armv6-m\libg_s.a(lib_a-vfprintf_i.o)
                0x00003da0                _printf_i
 .text._vsprintf_r
                0x00003fcc       0x30 c:/program files (x86)/gnu tools arm embedded/4.8 2014q1/bin/../lib/gcc/arm-none-eabi/4.8.3/../../../../arm-none-eabi/lib/armv6-m\libg_s.a(lib_a-vsprintf.o)
                0x00003fcc                _vsprintf_r
                0x00003fcc                _vsiprintf_r
 .text.vsprintf
                0x00003ffc       0x1c c:/program files (x86)/gnu tools arm embedded/4.8 2014q1/bin/../lib/gcc/arm-none-eabi/4.8.3/../../../../arm-none-eabi/lib/armv6-m\libg_s.a(lib_a-vsprintf.o)
                0x00003ffc                vsiprintf
                0x00003ffc                vsprintf
 .text.__swbuf_r
                0x00004018       0xb0 c:/program files (x86)/gnu tools arm embedded/4.8 2014q1/bin/../lib/gcc/arm-none-eabi/4.8.3/../../../../arm-none-eabi/lib/armv6-m\libg_s.a(lib_a-wbuf.o)
                0x00004018                __swbuf_r
 .text.__swsetup_r
                0x000040c8       0xe4 c:/program files (x86)/gnu tools arm embedded/4.8 2014q1/bin/../lib/gcc/arm-none-eabi/4.8.3/../../../../arm-none-eabi/lib/armv6-m\libg_s.a(lib_a-wsetup.o)
                0x000040c8                __swsetup_r
 .text.__sflush_r
                0x000041ac      0x112 c:/program files (x86)/gnu tools arm embedded/4.8 2014q1/bin/../lib/gcc/arm-none-eabi/4.8.3/../../../../arm-none-eabi/lib/armv6-m\libg_s.a(lib_a-fflush.o)
                0x000041ac                __sflush_r
 *fill*         0x000042be        0x2 
 .text._fflush_r
                0x000042c0       0x58 c:/program files (x86)/gnu tools arm embedded/4.8 2014q1/bin/../lib/gcc/arm-none-eabi/4.8.3/../../../../arm-none-eabi/lib/armv6-m\libg_s.a(lib_a-fflush.o)
                0x000042c0                _fflush_r
 .text._cleanup_r
                0x00004318       0x34 c:/program files (x86)/gnu tools arm embedded/4.8 2014q1/bin/../lib/gcc/arm-none-eabi/4.8.3/../../../../arm-none-eabi/lib/armv6-m\libg_s.a(lib_a-findfp.o)
                0x00004318                _cleanup_r
 .text.std.isra.0
                0x0000434c       0x48 c:/program files (x86)/gnu tools arm embedded/4.8 2014q1/bin/../lib/gcc/arm-none-eabi/4.8.3/../../../../arm-none-eabi/lib/armv6-m\libg_s.a(lib_a-findfp.o)
 .text.__sfmoreglue
                0x00004394       0x2c c:/program files (x86)/gnu tools arm embedded/4.8 2014q1/bin/../lib/gcc/arm-none-eabi/4.8.3/../../../../arm-none-eabi/lib/armv6-m\libg_s.a(lib_a-findfp.o)
                0x00004394                __sfmoreglue
 .text.__sinit  0x000043c0       0x64 c:/program files (x86)/gnu tools arm embedded/4.8 2014q1/bin/../lib/gcc/arm-none-eabi/4.8.3/../../../../arm-none-eabi/lib/armv6-m\libg_s.a(lib_a-findfp.o)
                0x000043c0                __sinit
 .text.__sfp    0x00004424       0x7c c:/program files (x86)/gnu tools arm embedded/4.8 2014q1/bin/../lib/gcc/arm-none-eabi/4.8.3/../../../../arm-none-eabi/lib/armv6-m\libg_s.a(lib_a-findfp.o)
                0x00004424                __sfp
 .text.__smakebuf_r
                0x000044a0       0xa0 c:/program files (x86)/gnu tools arm embedded/4.8 2014q1/bin/../lib/gcc/arm-none-eabi/4.8.3/../../../../arm-none-eabi/lib/armv6-m\libg_s.a(lib_a-makebuf.o)
                0x000044a0                __smakebuf_r
 .text.memchr   0x00004540       0x16 c:/program files (x86)/gnu tools arm embedded/4.8 2014q1/bin/../lib/gcc/arm-none-eabi/4.8.3/../../../../arm-none-eabi/lib/armv6-m\libg_s.a(lib_a-memchr-stub.o)
                0x00004540                memchr
 .text.memmove  0x00004556       0x32 c:/program files (x86)/gnu tools arm embedded/4.8 2014q1/bin/../lib/gcc/arm-none-eabi/4.8.3/../../../../arm-none-eabi/lib/armv6-m\libg_s.a(lib_a-memmove.o)
                0x00004556                memmove
 .text._free_r  0x00004588       0x90 c:/program files (x86)/gnu tools arm embedded/4.8 2014q1/bin/../lib/gcc/arm-none-eabi/4.8.3/../../../../arm-none-eabi/lib/armv6-m\libg_s.a(lib_a-nano-freer.o)
                0x00004588                _free_r
 .text._malloc_r
                0x00004618       0xa8 c:/program files (x86)/gnu tools arm embedded/4.8 2014q1/bin/../lib/gcc/arm-none-eabi/4.8.3/../../../../arm-none-eabi/lib/armv6-m\libg_s.a(lib_a-nano-mallocr.o)
                0x00004618                _malloc_r
 .text._realloc_r
                0x000046c0       0x4c c:/program files (x86)/gnu tools arm embedded/4.8 2014q1/bin/../lib/gcc/arm-none-eabi/4.8.3/../../../../arm-none-eabi/lib/armv6-m\libg_s.a(lib_a-nano-reallocr.o)
                0x000046c0                _realloc_r
 .text._sbrk_r  0x0000470c       0x24 c:/program files (x86)/gnu tools arm embedded/4.8 2014q1/bin/../lib/gcc/arm-none-eabi/4.8.3/../../../../arm-none-eabi/lib/armv6-m\libg_s.a(lib_a-sbrkr.o)
                0x0000470c                _sbrk_r
 .text.__sread  0x00004730       0x28 c:/program files (x86)/gnu tools arm embedded/4.8 2014q1/bin/../lib/gcc/arm-none-eabi/4.8.3/../../../../arm-none-eabi/lib/armv6-m\libg_s.a(lib_a-stdio.o)
                0x00004730                __sread
 .text.__swrite
                0x00004758       0x38 c:/program files (x86)/gnu tools arm embedded/4.8 2014q1/bin/../lib/gcc/arm-none-eabi/4.8.3/../../../../arm-none-eabi/lib/armv6-m\libg_s.a(lib_a-stdio.o)
                0x00004758                __swrite
 .text.__sseek  0x00004790       0x2c c:/program files (x86)/gnu tools arm embedded/4.8 2014q1/bin/../lib/gcc/arm-none-eabi/4.8.3/../../../../arm-none-eabi/lib/armv6-m\libg_s.a(lib_a-stdio.o)
                0x00004790                __sseek
 .text.__sclose
                0x000047bc        0xc c:/program files (x86)/gnu tools arm embedded/4.8 2014q1/bin/../lib/gcc/arm-none-eabi/4.8.3/../../../../arm-none-eabi/lib/armv6-m\libg_s.a(lib_a-stdio.o)
                0x000047bc                __sclose
 .text._write_r
                0x000047c8       0x28 c:/program files (x86)/gnu tools arm embedded/4.8 2014q1/bin/../lib/gcc/arm-none-eabi/4.8.3/../../../../arm-none-eabi/lib/armv6-m\libg_s.a(lib_a-writer.o)
                0x000047c8                _write_r
 .text._close_r
                0x000047f0       0x24 c:/program files (x86)/gnu tools arm embedded/4.8 2014q1/bin/../lib/gcc/arm-none-eabi/4.8.3/../../../../arm-none-eabi/lib/armv6-m\libg_s.a(lib_a-closer.o)
                0x000047f0                _close_r
 .text._fstat_r
                0x00004814       0x24 c:/program files (x86)/gnu tools arm embedded/4.8 2014q1/bin/../lib/gcc/arm-none-eabi/4.8.3/../../../../arm-none-eabi/lib/armv6-m\libg_s.a(lib_a-fstatr.o)
                0x00004814                _fstat_r
 .text._isatty_r
                0x00004838       0x24 c:/program files (x86)/gnu tools arm embedded/4.8 2014q1/bin/../lib/gcc/arm-none-eabi/4.8.3/../../../../arm-none-eabi/lib/armv6-m\libg_s.a(lib_a-isattyr.o)
                0x00004838                _isatty_r
 .text._lseek_r
                0x0000485c       0x28 c:/program files (x86)/gnu tools arm embedded/4.8 2014q1/bin/../lib/gcc/arm-none-eabi/4.8.3/../../../../arm-none-eabi/lib/armv6-m\libg_s.a(lib_a-lseekr.o)
                0x0000485c                _lseek_r
 .text._malloc_usable_size_r
                0x00004884       0x12 c:/program files (x86)/gnu tools arm embedded/4.8 2014q1/bin/../lib/gcc/arm-none-eabi/4.8.3/../../../../arm-none-eabi/lib/armv6-m\libg_s.a(lib_a-nano-msizer.o)
                0x00004884                _malloc_usable_size_r
 *fill*         0x00004896        0x2 
 .text._read_r  0x00004898       0x28 c:/program files (x86)/gnu tools arm embedded/4.8 2014q1/bin/../lib/gcc/arm-none-eabi/4.8.3/../../../../arm-none-eabi/lib/armv6-m\libg_s.a(lib_a-readr.o)
                0x00004898                _read_r
 *(.rodata .rodata.*)
 .rodata.gk_LedGpioPin
                0x000048c0        0x8 ./src/PlatformHandler/gpioHandler.o
                0x000048c0                gk_LedGpioPin
 .rodata        0x000048c8       0x60 ./src/Configuration/ConfigData.o
 .rodata.str1.4
                0x00004928       0xc6 ./src/Configuration/ConfigData.o
                                 0xc8 (size before relaxing)
 *fill*         0x000049ee        0x2 
 .rodata.ProcessDiscovery
                0x000049f0       0x14 ./src/Configuration/ConfigMessage.o
 .rodata.str1.4
                0x00004a04      0x11d ./src/main.o
                                0x120 (size before relaxing)
 *fill*         0x00004b21        0x3 
 .rodata.str1.4
                0x00004b24        0xc ./src/w7500x_it.o
 .rodata.__func__.6648
                0x00004b30       0x10 ./Libraries/ioLibrary/Internet/TFTP/tftp.o
 .rodata.__func__.6656
                0x00004b40       0x14 ./Libraries/ioLibrary/Internet/TFTP/tftp.o
 .rodata.__func__.6690
                0x00004b54       0x14 ./Libraries/ioLibrary/Internet/TFTP/tftp.o
 .rodata.str1.4
                0x00004b68      0x15a ./Libraries/ioLibrary/Internet/TFTP/tftp.o
                                0x15c (size before relaxing)
 *fill*         0x00004cc2        0x2 
 .rodata.getsockopt
                0x00004cc4       0x34 ./Libraries/ioLibrary/Ethernet/socket.o
 .rodata.ctlwizchip
                0x00004cf8       0x2c ./Libraries/ioLibrary/Ethernet/wizchip_conf.o
 .rodata.ctlnetwork
                0x00004d24       0x18 ./Libraries/ioLibrary/Ethernet/wizchip_conf.o
 .rodata.str1.4
                0x00004d3c       0x5d ./Libraries/W7500x_StdPeriph_Driver/src/w7500x_crg.o
                                 0x60 (size before relaxing)
 *fill*         0x00004d99        0x3 
 .rodata.str1.4
                0x00004d9c       0x63 ./Libraries/W7500x_StdPeriph_Driver/src/w7500x_dualtimer.o
                                 0x64 (size before relaxing)
 *fill*         0x00004dff        0x1 
 .rodata.str1.4
                0x00004e00       0x5e ./Libraries/W7500x_StdPeriph_Driver/src/w7500x_gpio.o
                                 0x60 (size before relaxing)
 *fill*         0x00004e5e        0x2 
 .rodata.str1.4
                0x00004e60       0x60 ./Libraries/W7500x_StdPeriph_Driver/src/w7500x_uart.o
 .rodata.str1.1
                0x00004ec0        0x2 c:/program files (x86)/gnu tools arm embedded/4.8 2014q1/bin/../lib/gcc/arm-none-eabi/4.8.3/../../../../arm-none-eabi/lib/armv6-m\libg_s.a(lib_a-impure.o)
 *fill*         0x00004ec2        0x2 
 .rodata._global_impure_ptr
                0x00004ec4        0x4 c:/program files (x86)/gnu tools arm embedded/4.8 2014q1/bin/../lib/gcc/arm-none-eabi/4.8.3/../../../../arm-none-eabi/lib/armv6-m\libg_s.a(lib_a-impure.o)
                0x00004ec4                _global_impure_ptr
 .rodata.str1.1
                0x00004ec8       0x11 c:/program files (x86)/gnu tools arm embedded/4.8 2014q1/bin/../lib/gcc/arm-none-eabi/4.8.3/../../../../arm-none-eabi/lib/armv6-m\libg_s.a(lib_a-svfprintf.o)
 .rodata.str1.1
                0x00000000       0x11 c:/program files (x86)/gnu tools arm embedded/4.8 2014q1/bin/../lib/gcc/arm-none-eabi/4.8.3/../../../../arm-none-eabi/lib/armv6-m\libg_s.a(lib_a-vfprintf.o)
 .rodata.str1.1
                0x00004ed9       0x22 c:/program files (x86)/gnu tools arm embedded/4.8 2014q1/bin/../lib/gcc/arm-none-eabi/4.8.3/../../../../arm-none-eabi/lib/armv6-m\libg_s.a(lib_a-vfprintf_i.o)
 *fill*         0x00004efb        0x1 
 .rodata.__sf_fake_stdin
                0x00004efc       0x20 c:/program files (x86)/gnu tools arm embedded/4.8 2014q1/bin/../lib/gcc/arm-none-eabi/4.8.3/../../../../arm-none-eabi/lib/armv6-m\libg_s.a(lib_a-findfp.o)
                0x00004efc                __sf_fake_stdin
 .rodata.__sf_fake_stdout
                0x00004f1c       0x20 c:/program files (x86)/gnu tools arm embedded/4.8 2014q1/bin/../lib/gcc/arm-none-eabi/4.8.3/../../../../arm-none-eabi/lib/armv6-m\libg_s.a(lib_a-findfp.o)
                0x00004f1c                __sf_fake_stdout
 .rodata.__sf_fake_stderr
                0x00004f3c       0x20 c:/program files (x86)/gnu tools arm embedded/4.8 2014q1/bin/../lib/gcc/arm-none-eabi/4.8.3/../../../../arm-none-eabi/lib/armv6-m\libg_s.a(lib_a-findfp.o)
                0x00004f3c                __sf_fake_stderr
 *(vtable)
 *(.eh_frame*)
 *(.glue_7)
 .glue_7        0x00000000        0x0 linker stubs
 *(.glue_7t)
 .glue_7t       0x00000000        0x0 linker stubs

.vfp11_veneer   0x00004f5c        0x0
 .vfp11_veneer  0x00000000        0x0 linker stubs

.v4_bx          0x00004f5c        0x0
 .v4_bx         0x00000000        0x0 linker stubs

.iplt           0x00004f5c        0x0
 .iplt          0x00000000        0x0 ./src/PlatformHandler/flashHandler.o

.rel.dyn        0x00004f5c        0x0
 .rel.iplt      0x00000000        0x0 ./src/PlatformHandler/flashHandler.o

.ARM.extab
 *(.ARM.extab* .gnu.linkonce.armextab.*)
                0x00004f5c                __exidx_start = .

.ARM.exidx
 *(.ARM.exidx* .gnu.linkonce.armexidx.*)
                0x00004f5c                __exidx_end = .
                0x00004f5c                . = ALIGN (0x4)
                0x00004f5c                _etext = .
                0x00004f5c                __etext = .
                0x00004f5c                _sidata = _etext

.data           0x20000000       0xb0 load address 0x00004f5c
                0x20000000                . = ALIGN (0x4)
                0x20000000                _sdata = .
                0x20000000                __data_start__ = .
 *(.data_begin .data_begin.*)
 *(.data .data.*)
 .data.g_write_point
                0x20000000        0x4 ./src/PlatformHandler/flashHandler.o
 .data.gk_LedGpioPort
                0x20000004        0xc ./src/PlatformHandler/gpioHandler.o
                0x20000004                gk_LedGpioPort
 .data.argv.4458
                0x20000010        0x8 ./Libraries/startup/_syscalls.o
 .data.g_tftp_socket
                0x20000018        0x4 ./Libraries/ioLibrary/Internet/TFTP/tftp.o
 .data.default_tftp_opt
                0x2000001c        0x8 ./Libraries/ioLibrary/Internet/TFTP/tftp.o
 .data.dbg_level
                0x20000024        0x4 ./Libraries/ioLibrary/Internet/TFTP/tftp.o
                0x20000024                dbg_level
 .data.sock_any_port
                0x20000028        0x2 ./Libraries/ioLibrary/Ethernet/socket.o
 *fill*         0x2000002a        0x2 
 .data.WIZCHIP  0x2000002c       0x20 ./Libraries/ioLibrary/Ethernet/wizchip_conf.o
                0x2000002c                WIZCHIP
 .data.impure_data
                0x2000004c       0x60 c:/program files (x86)/gnu tools arm embedded/4.8 2014q1/bin/../lib/gcc/arm-none-eabi/4.8.3/../../../../arm-none-eabi/lib/armv6-m\libg_s.a(lib_a-impure.o)
 .data._impure_ptr
                0x200000ac        0x4 c:/program files (x86)/gnu tools arm embedded/4.8 2014q1/bin/../lib/gcc/arm-none-eabi/4.8.3/../../../../arm-none-eabi/lib/armv6-m\libg_s.a(lib_a-impure.o)
                0x200000ac                _impure_ptr
 *(.data_end .data_end.*)
                0x200000b0                . = ALIGN (0x4)
                0x200000b0                _edata = .
                0x200000b0                __data_end__ = .

.igot.plt       0x200000b0        0x0 load address 0x0000500c
 .igot.plt      0x00000000        0x0 ./src/PlatformHandler/flashHandler.o

.bss            0x200000b0     0x1d60 load address 0x0000500c
                0x200000b0                . = ALIGN (0x4)
                0x200000b0                __bss_start__ = .
                0x200000b0                _sbss = .
 *(.bss_begin .bss_begin.*)
 *(.bss .bss.*)
 .bss.cnt.6285  0x200000b0        0x4 ./src/PlatformHandler/flashHandler.o
 .bss.g_led_index
                0x200000b4        0x1 ./src/PlatformHandler/timerHandler.o
 *fill*         0x200000b5        0x3 
 .bss.g_mic_cnt
                0x200000b8        0x4 ./src/PlatformHandler/timerHandler.o
 .bss.g_led_direction
                0x200000bc        0x1 ./src/PlatformHandler/timerHandler.o
 *fill*         0x200000bd        0x3 
 .bss.g_mill_cnt
                0x200000c0        0x4 ./src/PlatformHandler/timerHandler.o
 .bss.g_s2e_packet
                0x200000c4       0xe4 ./src/Configuration/ConfigData.o
 .bss.g_op_mode
                0x200001a8        0x1 ./src/main.o
                0x200001a8                g_op_mode
 *fill*         0x200001a9        0x3 
 .bss.TimingDelay
                0x200001ac        0x4 ./src/main.o
 .bss.current_heap_end.4286
                0x200001b0        0x4 ./Libraries/startup/_sbrk.o
 .bss.name.4457
                0x200001b4        0x4 ./Libraries/startup/_syscalls.o
 .bss.g_server_ip
                0x200001b8        0x4 ./Libraries/ioLibrary/Internet/TFTP/tftp.o
 .bss.g_server_port_check
                0x200001bc        0x2 ./Libraries/ioLibrary/Internet/TFTP/tftp.o
                0x200001bc                g_server_port_check
 *fill*         0x200001be        0x2 
 .bss.g_filename
                0x200001c0       0x14 ./Libraries/ioLibrary/Internet/TFTP/tftp.o
 .bss.g_progress_state
                0x200001d4        0x1 ./Libraries/ioLibrary/Internet/TFTP/tftp.o
                0x200001d4                g_progress_state
 *fill*         0x200001d5        0x1 
 .bss.g_block_num
                0x200001d6        0x2 ./Libraries/ioLibrary/Internet/TFTP/tftp.o
 .bss.tftp_time_cnt
                0x200001d8        0x4 ./Libraries/ioLibrary/Internet/TFTP/tftp.o
 .bss.g_server_port
                0x200001dc        0x2 ./Libraries/ioLibrary/Internet/TFTP/tftp.o
 .bss.g_local_port
                0x200001de        0x2 ./Libraries/ioLibrary/Internet/TFTP/tftp.o
 .bss.g_tftp_state
                0x200001e0        0x4 ./Libraries/ioLibrary/Internet/TFTP/tftp.o
 .bss.tftp_retry_cnt
                0x200001e4        0x4 ./Libraries/ioLibrary/Internet/TFTP/tftp.o
 .bss.g_resend_flag
                0x200001e8        0x4 ./Libraries/ioLibrary/Internet/TFTP/tftp.o
 .bss.g_server_ip_check
                0x200001ec        0x4 ./Libraries/ioLibrary/Internet/TFTP/tftp.o
                0x200001ec                g_server_ip_check
 .bss.sock_io_mode
                0x200001f0        0x2 ./Libraries/ioLibrary/Ethernet/socket.o
 .bss.sock_is_sending
                0x200001f2        0x2 ./Libraries/ioLibrary/Ethernet/socket.o
 .bss.sock_pack_info
                0x200001f4        0x8 ./Libraries/ioLibrary/Ethernet/socket.o
 .bss.sock_remained_size
                0x200001fc       0x10 ./Libraries/ioLibrary/Ethernet/socket.o
 .bss._DHCP_    0x2000020c        0x1 ./Libraries/ioLibrary/Ethernet/wizchip_conf.o
 *fill*         0x2000020d        0x3 
 .bss._DNS_     0x20000210        0x4 ./Libraries/ioLibrary/Ethernet/wizchip_conf.o
 .bss.miim_MDIO
                0x20000214        0x2 ./Libraries/W7500x_StdPeriph_Driver/src/w7500x_miim.o
 *fill*         0x20000216        0x2 
 .bss.PHY_ADDR  0x20000218        0x4 ./Libraries/W7500x_StdPeriph_Driver/src/w7500x_miim.o
 .bss.miim_MDC  0x2000021c        0x2 ./Libraries/W7500x_StdPeriph_Driver/src/w7500x_miim.o
 *fill*         0x2000021e        0x2 
 .bss.miim_PORT
                0x20000220        0x4 ./Libraries/W7500x_StdPeriph_Driver/src/w7500x_miim.o
 .bss.SystemCoreClock
                0x20000224        0x4 ./Libraries/CMSIS/Device/WIZnet/W7500/Source/system_w7500x.o
 .bss.SystemSourceClock
                0x20000228        0x4 ./Libraries/CMSIS/Device/WIZnet/W7500/Source/system_w7500x.o
 .bss.__malloc_sbrk_start
                0x2000022c        0x4 c:/program files (x86)/gnu tools arm embedded/4.8 2014q1/bin/../lib/gcc/arm-none-eabi/4.8.3/../../../../arm-none-eabi/lib/armv6-m\libg_s.a(lib_a-nano-mallocr.o)
                0x2000022c                __malloc_sbrk_start
 .bss.__malloc_free_list
                0x20000230        0x4 c:/program files (x86)/gnu tools arm embedded/4.8 2014q1/bin/../lib/gcc/arm-none-eabi/4.8.3/../../../../arm-none-eabi/lib/armv6-m\libg_s.a(lib_a-nano-mallocr.o)
                0x20000230                __malloc_free_list
 *(COMMON)
 COMMON         0x20000234     0x15ec ./src/main.o
                0x20000234                g_send_buf
                0x20000a34                g_socket_rcv_buf
                0x20001020                g_recv_buf
 COMMON         0x20001820        0x4 ./Libraries/startup/_syscalls.o
                0x20001820                errno
 COMMON         0x20001824      0x5ea ./Libraries/ioLibrary/Internet/TFTP/tftp.o
                0x20001824                g_tftp_rcv_buf
 *(.bss_end .bss_end.*)
                0x20001e10                . = ALIGN (0x4)
 *fill*         0x20001e0e        0x2 
                0x20001e10                __bss_end__ = .
                0x20001e10                _ebss = .

.noinit         0x20001e10        0x0
                0x20001e10                . = ALIGN (0x4)
                0x20001e10                _noinit = .
 *(.noinit .noinit.*)
                0x20001e10                . = ALIGN (0x4)
                0x20001e10                _end_noinit = .
                0x20001e10                PROVIDE (end, _end_noinit)
                0x20001e10                PROVIDE (_end, _end_noinit)
                0x20001e10                PROVIDE (__end, _end_noinit)
                0x20001e10                PROVIDE (__end__, _end_noinit)

._check_stack   0x20001e10      0x100 load address 0x00006d6c
                0x20001e10                . = ALIGN (0x4)
                0x20001f10                . = (. + _Minimum_Stack_Size)
 *fill*         0x20001e10      0x100 
                0x20001f10                . = ALIGN (0x4)

.bss_CCMRAM
 *(.bss.CCMRAM .bss.CCMRAM.*)

.b1text
 *(.b1text)
 *(.b1rodata)
 *(.b1rodata.*)

.eb0text
 *(.eb0text)
 *(.eb0rodata)
 *(.eb0rodata.*)

.eb1text
 *(.eb1text)
 *(.eb1rodata)
 *(.eb1rodata.*)

.eb2text
 *(.eb2text)
 *(.eb2rodata)
 *(.eb2rodata.*)

.eb3text
 *(.eb3text)
 *(.eb3rodata)
 *(.eb3rodata.*)

.stab
 *(.stab)

.stabstr
 *(.stabstr)

.stab.excl
 *(.stab.excl)

.stab.exclstr
 *(.stab.exclstr)

.stab.index
 *(.stab.index)

.stab.indexstr
 *(.stab.indexstr)

.comment        0x00000000       0x70
 *(.comment)
 .comment       0x00000000       0x70 ./src/PlatformHandler/flashHandler.o
                                 0x71 (size before relaxing)
 .comment       0x00000000       0x71 ./src/PlatformHandler/gpioHandler.o
 .comment       0x00000000       0x71 ./src/PlatformHandler/storageHandler.o
 .comment       0x00000000       0x71 ./src/PlatformHandler/timerHandler.o
 .comment       0x00000000       0x71 ./src/PlatformHandler/uartHandler.o
 .comment       0x00000000       0x71 ./src/Configuration/ConfigData.o
 .comment       0x00000000       0x71 ./src/Configuration/ConfigMessage.o
 .comment       0x00000000       0x71 ./src/main.o
 .comment       0x00000000       0x71 ./src/retarget.o
 .comment       0x00000000       0x71 ./src/w7500x_it.o
 .comment       0x00000000       0x71 ./Libraries/startup/_exit.o
 .comment       0x00000000       0x71 ./Libraries/startup/_initialize_hardware.o
 .comment       0x00000000       0x71 ./Libraries/startup/_reset_hardware.o
 .comment       0x00000000       0x71 ./Libraries/startup/_sbrk.o
 .comment       0x00000000       0x71 ./Libraries/startup/_startup.o
 .comment       0x00000000       0x71 ./Libraries/startup/_syscalls.o
 .comment       0x00000000       0x71 ./Libraries/startup/exception_handlers.o
 .comment       0x00000000       0x71 ./Libraries/startup/vectors_W7500x.o
 .comment       0x00000000       0x71 ./Libraries/ioLibrary/Internet/TFTP/netutil.o
 .comment       0x00000000       0x71 ./Libraries/ioLibrary/Internet/TFTP/tftp.o
 .comment       0x00000000       0x71 ./Libraries/ioLibrary/Ethernet/socket.o
 .comment       0x00000000       0x71 ./Libraries/ioLibrary/Ethernet/wizchip_conf.o
 .comment       0x00000000       0x71 ./Libraries/W7500x_StdPeriph_Driver/src/w7500x_crg.o
 .comment       0x00000000       0x71 ./Libraries/W7500x_StdPeriph_Driver/src/w7500x_dualtimer.o
 .comment       0x00000000       0x71 ./Libraries/W7500x_StdPeriph_Driver/src/w7500x_flash.o
 .comment       0x00000000       0x71 ./Libraries/W7500x_StdPeriph_Driver/src/w7500x_gpio.o
 .comment       0x00000000       0x71 ./Libraries/W7500x_StdPeriph_Driver/src/w7500x_miim.o
 .comment       0x00000000       0x71 ./Libraries/W7500x_StdPeriph_Driver/src/w7500x_uart.o
 .comment       0x00000000       0x71 ./Libraries/W7500x_StdPeriph_Driver/src/w7500x_wztoe.o
 .comment       0x00000000       0x71 ./Libraries/CMSIS/Device/WIZnet/W7500/Source/system_w7500x.o

.ARM.attributes
                0x00000000       0x2f
 .ARM.attributes
                0x00000000       0x31 ./src/PlatformHandler/flashHandler.o
 .ARM.attributes
                0x00000031       0x31 ./src/PlatformHandler/gpioHandler.o
 .ARM.attributes
                0x00000062       0x31 ./src/PlatformHandler/storageHandler.o
 .ARM.attributes
                0x00000093       0x31 ./src/PlatformHandler/timerHandler.o
 .ARM.attributes
                0x000000c4       0x31 ./src/PlatformHandler/uartHandler.o
 .ARM.attributes
                0x000000f5       0x31 ./src/Configuration/ConfigData.o
 .ARM.attributes
                0x00000126       0x31 ./src/Configuration/ConfigMessage.o
 .ARM.attributes
                0x00000157       0x31 ./src/main.o
 .ARM.attributes
                0x00000188       0x31 ./src/retarget.o
 .ARM.attributes
                0x000001b9       0x31 ./src/w7500x_it.o
 .ARM.attributes
                0x000001ea       0x31 ./Libraries/startup/_exit.o
 .ARM.attributes
                0x0000021b       0x31 ./Libraries/startup/_initialize_hardware.o
 .ARM.attributes
                0x0000024c       0x31 ./Libraries/startup/_reset_hardware.o
 .ARM.attributes
                0x0000027d       0x31 ./Libraries/startup/_sbrk.o
 .ARM.attributes
                0x000002ae       0x31 ./Libraries/startup/_startup.o
 .ARM.attributes
                0x000002df       0x31 ./Libraries/startup/_syscalls.o
 .ARM.attributes
                0x00000310       0x31 ./Libraries/startup/exception_handlers.o
 .ARM.attributes
                0x00000341       0x31 ./Libraries/startup/vectors_W7500x.o
 .ARM.attributes
                0x00000372       0x31 ./Libraries/ioLibrary/Internet/TFTP/netutil.o
 .ARM.attributes
                0x000003a3       0x31 ./Libraries/ioLibrary/Internet/TFTP/tftp.o
 .ARM.attributes
                0x000003d4       0x31 ./Libraries/ioLibrary/Ethernet/socket.o
 .ARM.attributes
                0x00000405       0x31 ./Libraries/ioLibrary/Ethernet/wizchip_conf.o
 .ARM.attributes
                0x00000436       0x31 ./Libraries/W7500x_StdPeriph_Driver/src/w7500x_crg.o
 .ARM.attributes
                0x00000467       0x31 ./Libraries/W7500x_StdPeriph_Driver/src/w7500x_dualtimer.o
 .ARM.attributes
                0x00000498       0x31 ./Libraries/W7500x_StdPeriph_Driver/src/w7500x_flash.o
 .ARM.attributes
                0x000004c9       0x31 ./Libraries/W7500x_StdPeriph_Driver/src/w7500x_gpio.o
 .ARM.attributes
                0x000004fa       0x31 ./Libraries/W7500x_StdPeriph_Driver/src/w7500x_miim.o
 .ARM.attributes
                0x0000052b       0x31 ./Libraries/W7500x_StdPeriph_Driver/src/w7500x_uart.o
 .ARM.attributes
                0x0000055c       0x31 ./Libraries/W7500x_StdPeriph_Driver/src/w7500x_wztoe.o
 .ARM.attributes
                0x0000058d       0x31 ./Libraries/CMSIS/Device/WIZnet/W7500/Source/system_w7500x.o
 .ARM.attributes
                0x000005be       0x1e c:/program files (x86)/gnu tools arm embedded/4.8 2014q1/bin/../lib/gcc/arm-none-eabi/4.8.3/armv6-m\libgcc.a(_udivsi3.o)
 .ARM.attributes
                0x000005dc       0x1e c:/program files (x86)/gnu tools arm embedded/4.8 2014q1/bin/../lib/gcc/arm-none-eabi/4.8.3/armv6-m\libgcc.a(_dvmd_tls.o)
 .ARM.attributes
                0x000005fa       0x2c c:/program files (x86)/gnu tools arm embedded/4.8 2014q1/bin/../lib/gcc/arm-none-eabi/4.8.3/../../../../arm-none-eabi/lib/armv6-m\libg_s.a(lib_a-errno.o)
 .ARM.attributes
                0x00000626       0x2c c:/program files (x86)/gnu tools arm embedded/4.8 2014q1/bin/../lib/gcc/arm-none-eabi/4.8.3/../../../../arm-none-eabi/lib/armv6-m\libg_s.a(lib_a-impure.o)
 .ARM.attributes
                0x00000652       0x2c c:/program files (x86)/gnu tools arm embedded/4.8 2014q1/bin/../lib/gcc/arm-none-eabi/4.8.3/../../../../arm-none-eabi/lib/armv6-m\libg_s.a(lib_a-memcmp.o)
 .ARM.attributes
                0x0000067e       0x2c c:/program files (x86)/gnu tools arm embedded/4.8 2014q1/bin/../lib/gcc/arm-none-eabi/4.8.3/../../../../arm-none-eabi/lib/armv6-m\libg_s.a(lib_a-memcpy-stub.o)
 .ARM.attributes
                0x000006aa       0x2c c:/program files (x86)/gnu tools arm embedded/4.8 2014q1/bin/../lib/gcc/arm-none-eabi/4.8.3/../../../../arm-none-eabi/lib/armv6-m\libg_s.a(lib_a-memset.o)
 .ARM.attributes
                0x000006d6       0x2c c:/program files (x86)/gnu tools arm embedded/4.8 2014q1/bin/../lib/gcc/arm-none-eabi/4.8.3/../../../../arm-none-eabi/lib/armv6-m\libg_s.a(lib_a-printf.o)
 .ARM.attributes
                0x00000702       0x2c c:/program files (x86)/gnu tools arm embedded/4.8 2014q1/bin/../lib/gcc/arm-none-eabi/4.8.3/../../../../arm-none-eabi/lib/armv6-m\libg_s.a(lib_a-puts.o)
 .ARM.attributes
                0x0000072e       0x1c c:/program files (x86)/gnu tools arm embedded/4.8 2014q1/bin/../lib/gcc/arm-none-eabi/4.8.3/../../../../arm-none-eabi/lib/armv6-m\libg_s.a(lib_a-strcmp.o)
 .ARM.attributes
                0x0000074a       0x2c c:/program files (x86)/gnu tools arm embedded/4.8 2014q1/bin/../lib/gcc/arm-none-eabi/4.8.3/../../../../arm-none-eabi/lib/armv6-m\libg_s.a(lib_a-strcpy.o)
 .ARM.attributes
                0x00000776       0x2c c:/program files (x86)/gnu tools arm embedded/4.8 2014q1/bin/../lib/gcc/arm-none-eabi/4.8.3/../../../../arm-none-eabi/lib/armv6-m\libg_s.a(lib_a-strlen.o)
 .ARM.attributes
                0x000007a2       0x2c c:/program files (x86)/gnu tools arm embedded/4.8 2014q1/bin/../lib/gcc/arm-none-eabi/4.8.3/../../../../arm-none-eabi/lib/armv6-m\libg_s.a(lib_a-svfprintf.o)
 .ARM.attributes
                0x000007ce       0x2c c:/program files (x86)/gnu tools arm embedded/4.8 2014q1/bin/../lib/gcc/arm-none-eabi/4.8.3/../../../../arm-none-eabi/lib/armv6-m\libg_s.a(lib_a-vfprintf.o)
 .ARM.attributes
                0x000007fa       0x2c c:/program files (x86)/gnu tools arm embedded/4.8 2014q1/bin/../lib/gcc/arm-none-eabi/4.8.3/../../../../arm-none-eabi/lib/armv6-m\libg_s.a(lib_a-vfprintf_i.o)
 .ARM.attributes
                0x00000826       0x2c c:/program files (x86)/gnu tools arm embedded/4.8 2014q1/bin/../lib/gcc/arm-none-eabi/4.8.3/../../../../arm-none-eabi/lib/armv6-m\libg_s.a(lib_a-vsprintf.o)
 .ARM.attributes
                0x00000852       0x2c c:/program files (x86)/gnu tools arm embedded/4.8 2014q1/bin/../lib/gcc/arm-none-eabi/4.8.3/../../../../arm-none-eabi/lib/armv6-m\libg_s.a(lib_a-wbuf.o)
 .ARM.attributes
                0x0000087e       0x2c c:/program files (x86)/gnu tools arm embedded/4.8 2014q1/bin/../lib/gcc/arm-none-eabi/4.8.3/../../../../arm-none-eabi/lib/armv6-m\libg_s.a(lib_a-wsetup.o)
 .ARM.attributes
                0x000008aa       0x2c c:/program files (x86)/gnu tools arm embedded/4.8 2014q1/bin/../lib/gcc/arm-none-eabi/4.8.3/../../../../arm-none-eabi/lib/armv6-m\libg_s.a(lib_a-fflush.o)
 .ARM.attributes
                0x000008d6       0x2c c:/program files (x86)/gnu tools arm embedded/4.8 2014q1/bin/../lib/gcc/arm-none-eabi/4.8.3/../../../../arm-none-eabi/lib/armv6-m\libg_s.a(lib_a-findfp.o)
 .ARM.attributes
                0x00000902       0x2c c:/program files (x86)/gnu tools arm embedded/4.8 2014q1/bin/../lib/gcc/arm-none-eabi/4.8.3/../../../../arm-none-eabi/lib/armv6-m\libg_s.a(lib_a-makebuf.o)
 .ARM.attributes
                0x0000092e       0x2c c:/program files (x86)/gnu tools arm embedded/4.8 2014q1/bin/../lib/gcc/arm-none-eabi/4.8.3/../../../../arm-none-eabi/lib/armv6-m\libg_s.a(lib_a-memchr-stub.o)
 .ARM.attributes
                0x0000095a       0x2c c:/program files (x86)/gnu tools arm embedded/4.8 2014q1/bin/../lib/gcc/arm-none-eabi/4.8.3/../../../../arm-none-eabi/lib/armv6-m\libg_s.a(lib_a-memmove.o)
 .ARM.attributes
                0x00000986       0x2c c:/program files (x86)/gnu tools arm embedded/4.8 2014q1/bin/../lib/gcc/arm-none-eabi/4.8.3/../../../../arm-none-eabi/lib/armv6-m\libg_s.a(lib_a-nano-freer.o)
 .ARM.attributes
                0x000009b2       0x2c c:/program files (x86)/gnu tools arm embedded/4.8 2014q1/bin/../lib/gcc/arm-none-eabi/4.8.3/../../../../arm-none-eabi/lib/armv6-m\libg_s.a(lib_a-nano-mallocr.o)
 .ARM.attributes
                0x000009de       0x2c c:/program files (x86)/gnu tools arm embedded/4.8 2014q1/bin/../lib/gcc/arm-none-eabi/4.8.3/../../../../arm-none-eabi/lib/armv6-m\libg_s.a(lib_a-nano-reallocr.o)
 .ARM.attributes
                0x00000a0a       0x2c c:/program files (x86)/gnu tools arm embedded/4.8 2014q1/bin/../lib/gcc/arm-none-eabi/4.8.3/../../../../arm-none-eabi/lib/armv6-m\libg_s.a(lib_a-sbrkr.o)
 .ARM.attributes
                0x00000a36       0x2c c:/program files (x86)/gnu tools arm embedded/4.8 2014q1/bin/../lib/gcc/arm-none-eabi/4.8.3/../../../../arm-none-eabi/lib/armv6-m\libg_s.a(lib_a-stdio.o)
 .ARM.attributes
                0x00000a62       0x2c c:/program files (x86)/gnu tools arm embedded/4.8 2014q1/bin/../lib/gcc/arm-none-eabi/4.8.3/../../../../arm-none-eabi/lib/armv6-m\libg_s.a(lib_a-writer.o)
 .ARM.attributes
                0x00000a8e       0x2c c:/program files (x86)/gnu tools arm embedded/4.8 2014q1/bin/../lib/gcc/arm-none-eabi/4.8.3/../../../../arm-none-eabi/lib/armv6-m\libg_s.a(lib_a-closer.o)
 .ARM.attributes
                0x00000aba       0x2c c:/program files (x86)/gnu tools arm embedded/4.8 2014q1/bin/../lib/gcc/arm-none-eabi/4.8.3/../../../../arm-none-eabi/lib/armv6-m\libg_s.a(lib_a-fstatr.o)
 .ARM.attributes
                0x00000ae6       0x2c c:/program files (x86)/gnu tools arm embedded/4.8 2014q1/bin/../lib/gcc/arm-none-eabi/4.8.3/../../../../arm-none-eabi/lib/armv6-m\libg_s.a(lib_a-isattyr.o)
 .ARM.attributes
                0x00000b12       0x2c c:/program files (x86)/gnu tools arm embedded/4.8 2014q1/bin/../lib/gcc/arm-none-eabi/4.8.3/../../../../arm-none-eabi/lib/armv6-m\libg_s.a(lib_a-lseekr.o)
 .ARM.attributes
                0x00000b3e       0x2c c:/program files (x86)/gnu tools arm embedded/4.8 2014q1/bin/../lib/gcc/arm-none-eabi/4.8.3/../../../../arm-none-eabi/lib/armv6-m\libg_s.a(lib_a-nano-msizer.o)
 .ARM.attributes
                0x00000b6a       0x2c c:/program files (x86)/gnu tools arm embedded/4.8 2014q1/bin/../lib/gcc/arm-none-eabi/4.8.3/../../../../arm-none-eabi/lib/armv6-m\libg_s.a(lib_a-readr.o)

.debug
 *(.debug)

.line
 *(.line)

.debug_srcinfo
 *(.debug_srcinfo)

.debug_sfnames
 *(.debug_sfnames)

.debug_aranges  0x00000000      0xcb0
 *(.debug_aranges)
 .debug_aranges
                0x00000000       0x48 ./src/PlatformHandler/flashHandler.o
 .debug_aranges
                0x00000048       0x70 ./src/PlatformHandler/gpioHandler.o
 .debug_aranges
                0x000000b8       0x28 ./src/PlatformHandler/storageHandler.o
 .debug_aranges
                0x000000e0       0x48 ./src/PlatformHandler/timerHandler.o
 .debug_aranges
                0x00000128       0x20 ./src/PlatformHandler/uartHandler.o
 .debug_aranges
                0x00000148       0xa0 ./src/Configuration/ConfigData.o
 .debug_aranges
                0x000001e8       0x70 ./src/Configuration/ConfigMessage.o
 .debug_aranges
                0x00000258       0x58 ./src/main.o
 .debug_aranges
                0x000002b0       0x50 ./src/retarget.o
 .debug_aranges
                0x00000300      0x100 ./src/w7500x_it.o
 .debug_aranges
                0x00000400       0x28 ./Libraries/startup/_exit.o
 .debug_aranges
                0x00000428       0x20 ./Libraries/startup/_initialize_hardware.o
 .debug_aranges
                0x00000448       0x20 ./Libraries/startup/_reset_hardware.o
 .debug_aranges
                0x00000468       0x20 ./Libraries/startup/_sbrk.o
 .debug_aranges
                0x00000488       0x40 ./Libraries/startup/_startup.o
 .debug_aranges
                0x000004c8       0xd0 ./Libraries/startup/_syscalls.o
 .debug_aranges
                0x00000598       0x48 ./Libraries/startup/exception_handlers.o
 .debug_aranges
                0x000005e0       0x20 ./Libraries/startup/vectors_W7500x.o
 .debug_aranges
                0x00000600       0x60 ./Libraries/ioLibrary/Internet/TFTP/netutil.o
 .debug_aranges
                0x00000660       0xb8 ./Libraries/ioLibrary/Internet/TFTP/tftp.o
 .debug_aranges
                0x00000718       0x78 ./Libraries/ioLibrary/Ethernet/socket.o
 .debug_aranges
                0x00000790       0xf8 ./Libraries/ioLibrary/Ethernet/wizchip_conf.o
 .debug_aranges
                0x00000888       0xe8 ./Libraries/W7500x_StdPeriph_Driver/src/w7500x_crg.o
 .debug_aranges
                0x00000970       0x68 ./Libraries/W7500x_StdPeriph_Driver/src/w7500x_dualtimer.o
 .debug_aranges
                0x000009d8       0x20 ./Libraries/W7500x_StdPeriph_Driver/src/w7500x_flash.o
 .debug_aranges
                0x000009f8       0xc0 ./Libraries/W7500x_StdPeriph_Driver/src/w7500x_gpio.o
 .debug_aranges
                0x00000ab8       0x78 ./Libraries/W7500x_StdPeriph_Driver/src/w7500x_miim.o
 .debug_aranges
                0x00000b30       0xe8 ./Libraries/W7500x_StdPeriph_Driver/src/w7500x_uart.o
 .debug_aranges
                0x00000c18       0x58 ./Libraries/W7500x_StdPeriph_Driver/src/w7500x_wztoe.o
 .debug_aranges
                0x00000c70       0x40 ./Libraries/CMSIS/Device/WIZnet/W7500/Source/system_w7500x.o

.debug_pubnames
 *(.debug_pubnames)

.debug_info     0x00000000     0xeff0
 *(.debug_info .gnu.linkonce.wi.*)
 .debug_info    0x00000000      0x36d ./src/PlatformHandler/flashHandler.o
 .debug_info    0x0000036d      0x5f4 ./src/PlatformHandler/gpioHandler.o
 .debug_info    0x00000961      0x221 ./src/PlatformHandler/storageHandler.o
 .debug_info    0x00000b82      0x752 ./src/PlatformHandler/timerHandler.o
 .debug_info    0x000012d4      0x196 ./src/PlatformHandler/uartHandler.o
 .debug_info    0x0000146a      0xefe ./src/Configuration/ConfigData.o
 .debug_info    0x00002368     0x20e4 ./src/Configuration/ConfigMessage.o
 .debug_info    0x0000444c      0xef9 ./src/main.o
 .debug_info    0x00005345      0x476 ./src/retarget.o
 .debug_info    0x000057bb      0x2f4 ./src/w7500x_it.o
 .debug_info    0x00005aaf       0xdb ./Libraries/startup/_exit.o
 .debug_info    0x00005b8a       0xab ./Libraries/startup/_initialize_hardware.o
 .debug_info    0x00005c35      0x199 ./Libraries/startup/_reset_hardware.o
 .debug_info    0x00005dce      0x121 ./Libraries/startup/_sbrk.o
 .debug_info    0x00005eef      0x40a ./Libraries/startup/_startup.o
 .debug_info    0x000062f9      0x8ef ./Libraries/startup/_syscalls.o
 .debug_info    0x00006be8       0x8c ./Libraries/startup/exception_handlers.o
 .debug_info    0x00006c74       0x8d ./Libraries/startup/vectors_W7500x.o
 .debug_info    0x00006d01      0x4a8 ./Libraries/ioLibrary/Internet/TFTP/netutil.o
 .debug_info    0x000071a9     0x13a5 ./Libraries/ioLibrary/Internet/TFTP/tftp.o
 .debug_info    0x0000854e     0x108d ./Libraries/ioLibrary/Ethernet/socket.o
 .debug_info    0x000095db     0x1301 ./Libraries/ioLibrary/Ethernet/wizchip_conf.o
 .debug_info    0x0000a8dc      0xbd2 ./Libraries/W7500x_StdPeriph_Driver/src/w7500x_crg.o
 .debug_info    0x0000b4ae      0x651 ./Libraries/W7500x_StdPeriph_Driver/src/w7500x_dualtimer.o
 .debug_info    0x0000baff      0x233 ./Libraries/W7500x_StdPeriph_Driver/src/w7500x_flash.o
 .debug_info    0x0000bd32      0xe67 ./Libraries/W7500x_StdPeriph_Driver/src/w7500x_gpio.o
 .debug_info    0x0000cb99      0x9b8 ./Libraries/W7500x_StdPeriph_Driver/src/w7500x_miim.o
 .debug_info    0x0000d551     0x117f ./Libraries/W7500x_StdPeriph_Driver/src/w7500x_uart.o
 .debug_info    0x0000e6d0      0x3a5 ./Libraries/W7500x_StdPeriph_Driver/src/w7500x_wztoe.o
 .debug_info    0x0000ea75      0x57b ./Libraries/CMSIS/Device/WIZnet/W7500/Source/system_w7500x.o

.debug_abbrev   0x00000000     0x3188
 *(.debug_abbrev)
 .debug_abbrev  0x00000000      0x12d ./src/PlatformHandler/flashHandler.o
 .debug_abbrev  0x0000012d      0x1e8 ./src/PlatformHandler/gpioHandler.o
 .debug_abbrev  0x00000315      0x104 ./src/PlatformHandler/storageHandler.o
 .debug_abbrev  0x00000419      0x23a ./src/PlatformHandler/timerHandler.o
 .debug_abbrev  0x00000653      0x10f ./src/PlatformHandler/uartHandler.o
 .debug_abbrev  0x00000762      0x28e ./src/Configuration/ConfigData.o
 .debug_abbrev  0x000009f0      0x2ce ./src/Configuration/ConfigMessage.o
 .debug_abbrev  0x00000cbe      0x409 ./src/main.o
 .debug_abbrev  0x000010c7      0x167 ./src/retarget.o
 .debug_abbrev  0x0000122e       0xd8 ./src/w7500x_it.o
 .debug_abbrev  0x00001306       0x87 ./Libraries/startup/_exit.o
 .debug_abbrev  0x0000138d       0x63 ./Libraries/startup/_initialize_hardware.o
 .debug_abbrev  0x000013f0       0xd7 ./Libraries/startup/_reset_hardware.o
 .debug_abbrev  0x000014c7       0xb9 ./Libraries/startup/_sbrk.o
 .debug_abbrev  0x00001580      0x1ac ./Libraries/startup/_startup.o
 .debug_abbrev  0x0000172c      0x176 ./Libraries/startup/_syscalls.o
 .debug_abbrev  0x000018a2       0x2d ./Libraries/startup/exception_handlers.o
 .debug_abbrev  0x000018cf       0x90 ./Libraries/startup/vectors_W7500x.o
 .debug_abbrev  0x0000195f      0x113 ./Libraries/ioLibrary/Internet/TFTP/netutil.o
 .debug_abbrev  0x00001a72      0x39e ./Libraries/ioLibrary/Internet/TFTP/tftp.o
 .debug_abbrev  0x00001e10      0x1c5 ./Libraries/ioLibrary/Ethernet/socket.o
 .debug_abbrev  0x00001fd5      0x2ff ./Libraries/ioLibrary/Ethernet/wizchip_conf.o
 .debug_abbrev  0x000022d4      0x1a8 ./Libraries/W7500x_StdPeriph_Driver/src/w7500x_crg.o
 .debug_abbrev  0x0000247c      0x1ad ./Libraries/W7500x_StdPeriph_Driver/src/w7500x_dualtimer.o
 .debug_abbrev  0x00002629      0x102 ./Libraries/W7500x_StdPeriph_Driver/src/w7500x_flash.o
 .debug_abbrev  0x0000272b      0x22e ./Libraries/W7500x_StdPeriph_Driver/src/w7500x_gpio.o
 .debug_abbrev  0x00002959      0x2af ./Libraries/W7500x_StdPeriph_Driver/src/w7500x_miim.o
 .debug_abbrev  0x00002c08      0x2ea ./Libraries/W7500x_StdPeriph_Driver/src/w7500x_uart.o
 .debug_abbrev  0x00002ef2      0x111 ./Libraries/W7500x_StdPeriph_Driver/src/w7500x_wztoe.o
 .debug_abbrev  0x00003003      0x185 ./Libraries/CMSIS/Device/WIZnet/W7500/Source/system_w7500x.o

.debug_line     0x00000000     0xbb3e
 *(.debug_line)
 .debug_line    0x00000000      0x6f1 ./src/PlatformHandler/flashHandler.o
 .debug_line    0x000006f1      0x6bc ./src/PlatformHandler/gpioHandler.o
 .debug_line    0x00000dad      0x5ed ./src/PlatformHandler/storageHandler.o
 .debug_line    0x0000139a      0x7c0 ./src/PlatformHandler/timerHandler.o
 .debug_line    0x00001b5a      0x5ce ./src/PlatformHandler/uartHandler.o
 .debug_line    0x00002128      0x905 ./src/Configuration/ConfigData.o
 .debug_line    0x00002a2d      0x8da ./src/Configuration/ConfigMessage.o
 .debug_line    0x00003307      0x968 ./src/main.o
 .debug_line    0x00003c6f      0x59e ./src/retarget.o
 .debug_line    0x0000420d      0x73a ./src/w7500x_it.o
 .debug_line    0x00004947      0x2a3 ./Libraries/startup/_exit.o
 .debug_line    0x00004bea      0x54a ./Libraries/startup/_initialize_hardware.o
 .debug_line    0x00005134      0x553 ./Libraries/startup/_reset_hardware.o
 .debug_line    0x00005687      0x2a6 ./Libraries/startup/_sbrk.o
 .debug_line    0x0000592d      0x349 ./Libraries/startup/_startup.o
 .debug_line    0x00005c76      0x527 ./Libraries/startup/_syscalls.o
 .debug_line    0x0000619d       0xbd ./Libraries/startup/exception_handlers.o
 .debug_line    0x0000625a       0xaf ./Libraries/startup/vectors_W7500x.o
 .debug_line    0x00006309      0x444 ./Libraries/ioLibrary/Internet/TFTP/netutil.o
 .debug_line    0x0000674d      0x97c ./Libraries/ioLibrary/Internet/TFTP/tftp.o
 .debug_line    0x000070c9      0x90f ./Libraries/ioLibrary/Ethernet/socket.o
 .debug_line    0x000079d8      0x871 ./Libraries/ioLibrary/Ethernet/wizchip_conf.o
 .debug_line    0x00008249      0x9f6 ./Libraries/W7500x_StdPeriph_Driver/src/w7500x_crg.o
 .debug_line    0x00008c3f      0x678 ./Libraries/W7500x_StdPeriph_Driver/src/w7500x_dualtimer.o
 .debug_line    0x000092b7      0x53a ./Libraries/W7500x_StdPeriph_Driver/src/w7500x_flash.o
 .debug_line    0x000097f1      0x8de ./Libraries/W7500x_StdPeriph_Driver/src/w7500x_gpio.o
 .debug_line    0x0000a0cf      0x6b2 ./Libraries/W7500x_StdPeriph_Driver/src/w7500x_miim.o
 .debug_line    0x0000a781      0x850 ./Libraries/W7500x_StdPeriph_Driver/src/w7500x_uart.o
 .debug_line    0x0000afd1      0x5e2 ./Libraries/W7500x_StdPeriph_Driver/src/w7500x_wztoe.o
 .debug_line    0x0000b5b3      0x58b ./Libraries/CMSIS/Device/WIZnet/W7500/Source/system_w7500x.o

.debug_frame    0x00000000     0x2838
 *(.debug_frame)
 .debug_frame   0x00000000       0xa0 ./src/PlatformHandler/flashHandler.o
 .debug_frame   0x000000a0      0x108 ./src/PlatformHandler/gpioHandler.o
 .debug_frame   0x000001a8       0x44 ./src/PlatformHandler/storageHandler.o
 .debug_frame   0x000001ec       0xa8 ./src/PlatformHandler/timerHandler.o
 .debug_frame   0x00000294       0x2c ./src/PlatformHandler/uartHandler.o
 .debug_frame   0x000002c0      0x1d4 ./src/Configuration/ConfigData.o
 .debug_frame   0x00000494      0x18c ./src/Configuration/ConfigMessage.o
 .debug_frame   0x00000620       0xd0 ./src/main.o
 .debug_frame   0x000006f0       0xc0 ./src/retarget.o
 .debug_frame   0x000007b0      0x200 ./src/w7500x_it.o
 .debug_frame   0x000009b0       0x40 ./Libraries/startup/_exit.o
 .debug_frame   0x000009f0       0x28 ./Libraries/startup/_initialize_hardware.o
 .debug_frame   0x00000a18       0x20 ./Libraries/startup/_reset_hardware.o
 .debug_frame   0x00000a38       0x28 ./Libraries/startup/_sbrk.o
 .debug_frame   0x00000a60       0x88 ./Libraries/startup/_startup.o
 .debug_frame   0x00000ae8      0x230 ./Libraries/startup/_syscalls.o
 .debug_frame   0x00000d18       0x70 ./Libraries/startup/exception_handlers.o
 .debug_frame   0x00000d88       0x20 ./Libraries/startup/vectors_W7500x.o
 .debug_frame   0x00000da8       0xe8 ./Libraries/ioLibrary/Internet/TFTP/netutil.o
 .debug_frame   0x00000e90      0x214 ./Libraries/ioLibrary/Internet/TFTP/tftp.o
 .debug_frame   0x000010a4      0x1b4 ./Libraries/ioLibrary/Ethernet/socket.o
 .debug_frame   0x00001258      0x270 ./Libraries/ioLibrary/Ethernet/wizchip_conf.o
 .debug_frame   0x000014c8      0x264 ./Libraries/W7500x_StdPeriph_Driver/src/w7500x_crg.o
 .debug_frame   0x0000172c      0x114 ./Libraries/W7500x_StdPeriph_Driver/src/w7500x_dualtimer.o
 .debug_frame   0x00001840       0x30 ./Libraries/W7500x_StdPeriph_Driver/src/w7500x_flash.o
 .debug_frame   0x00001870      0x254 ./Libraries/W7500x_StdPeriph_Driver/src/w7500x_gpio.o
 .debug_frame   0x00001ac4      0x164 ./Libraries/W7500x_StdPeriph_Driver/src/w7500x_miim.o
 .debug_frame   0x00001c28      0x28c ./Libraries/W7500x_StdPeriph_Driver/src/w7500x_uart.o
 .debug_frame   0x00001eb4       0xd4 ./Libraries/W7500x_StdPeriph_Driver/src/w7500x_wztoe.o
 .debug_frame   0x00001f88       0x70 ./Libraries/CMSIS/Device/WIZnet/W7500/Source/system_w7500x.o
 .debug_frame   0x00001ff8       0x20 c:/program files (x86)/gnu tools arm embedded/4.8 2014q1/bin/../lib/gcc/arm-none-eabi/4.8.3/armv6-m\libgcc.a(_udivsi3.o)
 .debug_frame   0x00002018       0x20 c:/program files (x86)/gnu tools arm embedded/4.8 2014q1/bin/../lib/gcc/arm-none-eabi/4.8.3/../../../../arm-none-eabi/lib/armv6-m\libg_s.a(lib_a-errno.o)
 .debug_frame   0x00002038       0x2c c:/program files (x86)/gnu tools arm embedded/4.8 2014q1/bin/../lib/gcc/arm-none-eabi/4.8.3/../../../../arm-none-eabi/lib/armv6-m\libg_s.a(lib_a-memcmp.o)
 .debug_frame   0x00002064       0x28 c:/program files (x86)/gnu tools arm embedded/4.8 2014q1/bin/../lib/gcc/arm-none-eabi/4.8.3/../../../../arm-none-eabi/lib/armv6-m\libg_s.a(lib_a-memcpy-stub.o)
 .debug_frame   0x0000208c       0x20 c:/program files (x86)/gnu tools arm embedded/4.8 2014q1/bin/../lib/gcc/arm-none-eabi/4.8.3/../../../../arm-none-eabi/lib/armv6-m\libg_s.a(lib_a-memset.o)
 .debug_frame   0x000020ac       0x50 c:/program files (x86)/gnu tools arm embedded/4.8 2014q1/bin/../lib/gcc/arm-none-eabi/4.8.3/../../../../arm-none-eabi/lib/armv6-m\libg_s.a(lib_a-printf.o)
 .debug_frame   0x000020fc       0x44 c:/program files (x86)/gnu tools arm embedded/4.8 2014q1/bin/../lib/gcc/arm-none-eabi/4.8.3/../../../../arm-none-eabi/lib/armv6-m\libg_s.a(lib_a-puts.o)
 .debug_frame   0x00002140       0x20 c:/program files (x86)/gnu tools arm embedded/4.8 2014q1/bin/../lib/gcc/arm-none-eabi/4.8.3/../../../../arm-none-eabi/lib/armv6-m\libg_s.a(lib_a-strcpy.o)
 .debug_frame   0x00002160       0x20 c:/program files (x86)/gnu tools arm embedded/4.8 2014q1/bin/../lib/gcc/arm-none-eabi/4.8.3/../../../../arm-none-eabi/lib/armv6-m\libg_s.a(lib_a-strlen.o)
 .debug_frame   0x00002180       0x74 c:/program files (x86)/gnu tools arm embedded/4.8 2014q1/bin/../lib/gcc/arm-none-eabi/4.8.3/../../../../arm-none-eabi/lib/armv6-m\libg_s.a(lib_a-svfprintf.o)
 .debug_frame   0x000021f4       0xa0 c:/program files (x86)/gnu tools arm embedded/4.8 2014q1/bin/../lib/gcc/arm-none-eabi/4.8.3/../../../../arm-none-eabi/lib/armv6-m\libg_s.a(lib_a-vfprintf.o)
 .debug_frame   0x00002294       0x54 c:/program files (x86)/gnu tools arm embedded/4.8 2014q1/bin/../lib/gcc/arm-none-eabi/4.8.3/../../../../arm-none-eabi/lib/armv6-m\libg_s.a(lib_a-vfprintf_i.o)
 .debug_frame   0x000022e8       0x48 c:/program files (x86)/gnu tools arm embedded/4.8 2014q1/bin/../lib/gcc/arm-none-eabi/4.8.3/../../../../arm-none-eabi/lib/armv6-m\libg_s.a(lib_a-vsprintf.o)
 .debug_frame   0x00002330       0x44 c:/program files (x86)/gnu tools arm embedded/4.8 2014q1/bin/../lib/gcc/arm-none-eabi/4.8.3/../../../../arm-none-eabi/lib/armv6-m\libg_s.a(lib_a-wbuf.o)
 .debug_frame   0x00002374       0x2c c:/program files (x86)/gnu tools arm embedded/4.8 2014q1/bin/../lib/gcc/arm-none-eabi/4.8.3/../../../../arm-none-eabi/lib/armv6-m\libg_s.a(lib_a-wsetup.o)
 .debug_frame   0x000023a0       0x68 c:/program files (x86)/gnu tools arm embedded/4.8 2014q1/bin/../lib/gcc/arm-none-eabi/4.8.3/../../../../arm-none-eabi/lib/armv6-m\libg_s.a(lib_a-fflush.o)
 .debug_frame   0x00002408      0x148 c:/program files (x86)/gnu tools arm embedded/4.8 2014q1/bin/../lib/gcc/arm-none-eabi/4.8.3/../../../../arm-none-eabi/lib/armv6-m\libg_s.a(lib_a-findfp.o)
 .debug_frame   0x00002550       0x30 c:/program files (x86)/gnu tools arm embedded/4.8 2014q1/bin/../lib/gcc/arm-none-eabi/4.8.3/../../../../arm-none-eabi/lib/armv6-m\libg_s.a(lib_a-makebuf.o)
 .debug_frame   0x00002580       0x20 c:/program files (x86)/gnu tools arm embedded/4.8 2014q1/bin/../lib/gcc/arm-none-eabi/4.8.3/../../../../arm-none-eabi/lib/armv6-m\libg_s.a(lib_a-memchr-stub.o)
 .debug_frame   0x000025a0       0x2c c:/program files (x86)/gnu tools arm embedded/4.8 2014q1/bin/../lib/gcc/arm-none-eabi/4.8.3/../../../../arm-none-eabi/lib/armv6-m\libg_s.a(lib_a-memmove.o)
 .debug_frame   0x000025cc       0x2c c:/program files (x86)/gnu tools arm embedded/4.8 2014q1/bin/../lib/gcc/arm-none-eabi/4.8.3/../../../../arm-none-eabi/lib/armv6-m\libg_s.a(lib_a-nano-freer.o)
 .debug_frame   0x000025f8       0x2c c:/program files (x86)/gnu tools arm embedded/4.8 2014q1/bin/../lib/gcc/arm-none-eabi/4.8.3/../../../../arm-none-eabi/lib/armv6-m\libg_s.a(lib_a-nano-mallocr.o)
 .debug_frame   0x00002624       0x30 c:/program files (x86)/gnu tools arm embedded/4.8 2014q1/bin/../lib/gcc/arm-none-eabi/4.8.3/../../../../arm-none-eabi/lib/armv6-m\libg_s.a(lib_a-nano-reallocr.o)
 .debug_frame   0x00002654       0x2c c:/program files (x86)/gnu tools arm embedded/4.8 2014q1/bin/../lib/gcc/arm-none-eabi/4.8.3/../../../../arm-none-eabi/lib/armv6-m\libg_s.a(lib_a-sbrkr.o)
 .debug_frame   0x00002680       0x90 c:/program files (x86)/gnu tools arm embedded/4.8 2014q1/bin/../lib/gcc/arm-none-eabi/4.8.3/../../../../arm-none-eabi/lib/armv6-m\libg_s.a(lib_a-stdio.o)
 .debug_frame   0x00002710       0x2c c:/program files (x86)/gnu tools arm embedded/4.8 2014q1/bin/../lib/gcc/arm-none-eabi/4.8.3/../../../../arm-none-eabi/lib/armv6-m\libg_s.a(lib_a-writer.o)
 .debug_frame   0x0000273c       0x2c c:/program files (x86)/gnu tools arm embedded/4.8 2014q1/bin/../lib/gcc/arm-none-eabi/4.8.3/../../../../arm-none-eabi/lib/armv6-m\libg_s.a(lib_a-closer.o)
 .debug_frame   0x00002768       0x2c c:/program files (x86)/gnu tools arm embedded/4.8 2014q1/bin/../lib/gcc/arm-none-eabi/4.8.3/../../../../arm-none-eabi/lib/armv6-m\libg_s.a(lib_a-fstatr.o)
 .debug_frame   0x00002794       0x2c c:/program files (x86)/gnu tools arm embedded/4.8 2014q1/bin/../lib/gcc/arm-none-eabi/4.8.3/../../../../arm-none-eabi/lib/armv6-m\libg_s.a(lib_a-isattyr.o)
 .debug_frame   0x000027c0       0x2c c:/program files (x86)/gnu tools arm embedded/4.8 2014q1/bin/../lib/gcc/arm-none-eabi/4.8.3/../../../../arm-none-eabi/lib/armv6-m\libg_s.a(lib_a-lseekr.o)
 .debug_frame   0x000027ec       0x20 c:/program files (x86)/gnu tools arm embedded/4.8 2014q1/bin/../lib/gcc/arm-none-eabi/4.8.3/../../../../arm-none-eabi/lib/armv6-m\libg_s.a(lib_a-nano-msizer.o)
 .debug_frame   0x0000280c       0x2c c:/program files (x86)/gnu tools arm embedded/4.8 2014q1/bin/../lib/gcc/arm-none-eabi/4.8.3/../../../../arm-none-eabi/lib/armv6-m\libg_s.a(lib_a-readr.o)

.debug_str      0x00000000    0x1a703
 *(.debug_str)
 .debug_str     0x00000000    0x14d06 ./src/PlatformHandler/flashHandler.o
                              0x14f18 (size before relaxing)
 .debug_str     0x00014d06      0x722 ./src/PlatformHandler/gpioHandler.o
                              0x1431e (size before relaxing)
 .debug_str     0x00015428       0xc5 ./src/PlatformHandler/storageHandler.o
                              0x14b57 (size before relaxing)
 .debug_str     0x000154ed      0x93c ./src/PlatformHandler/timerHandler.o
                              0x14be7 (size before relaxing)
 .debug_str     0x00015e29      0x16e ./src/PlatformHandler/uartHandler.o
                              0x14aa6 (size before relaxing)
 .debug_str     0x00015f97      0x5f6 ./src/Configuration/ConfigData.o
                              0x154d9 (size before relaxing)
 .debug_str     0x0001658d      0x54c ./src/Configuration/ConfigMessage.o
                              0x15d24 (size before relaxing)
 .debug_str     0x00016ad9      0x307 ./src/main.o
                              0x16031 (size before relaxing)
 .debug_str     0x00016de0      0x5fc ./src/retarget.o
                              0x140d2 (size before relaxing)
 .debug_str     0x000173dc      0x1db ./src/w7500x_it.o
                              0x13df5 (size before relaxing)
 .debug_str     0x000175b7      0x158 ./Libraries/startup/_exit.o
                               0x3bd4 (size before relaxing)
 .debug_str     0x0001770f       0x74 ./Libraries/startup/_initialize_hardware.o
                              0x13aa3 (size before relaxing)
 .debug_str     0x00017783       0x4e ./Libraries/startup/_reset_hardware.o
                              0x13aed (size before relaxing)
 .debug_str     0x000177d1      0x520 ./Libraries/startup/_sbrk.o
                               0x4327 (size before relaxing)
 .debug_str     0x00017cf1      0x199 ./Libraries/startup/_startup.o
                               0x3cb4 (size before relaxing)
 .debug_str     0x00017e8a      0x977 ./Libraries/startup/_syscalls.o
                               0x51e6 (size before relaxing)
 .debug_str     0x00018801       0x99 ./Libraries/startup/exception_handlers.o
                               0x2364 (size before relaxing)
 .debug_str     0x0001889a       0x97 ./Libraries/startup/vectors_W7500x.o
                               0x234e (size before relaxing)
 .debug_str     0x00018931      0x1a2 ./Libraries/ioLibrary/Internet/TFTP/netutil.o
                               0x601d (size before relaxing)
 .debug_str     0x00018ad3      0x36c ./Libraries/ioLibrary/Internet/TFTP/tftp.o
                              0x15813 (size before relaxing)
 .debug_str     0x00018e3f      0x39e ./Libraries/ioLibrary/Ethernet/socket.o
                              0x14504 (size before relaxing)
 .debug_str     0x000191dd      0x41b ./Libraries/ioLibrary/Ethernet/wizchip_conf.o
                              0x14308 (size before relaxing)
 .debug_str     0x000195f8      0x660 ./Libraries/W7500x_StdPeriph_Driver/src/w7500x_crg.o
                              0x14114 (size before relaxing)
 .debug_str     0x00019c58       0xf6 ./Libraries/W7500x_StdPeriph_Driver/src/w7500x_dualtimer.o
                              0x13d93 (size before relaxing)
 .debug_str     0x00019d4e       0x95 ./Libraries/W7500x_StdPeriph_Driver/src/w7500x_flash.o
                              0x13b3d (size before relaxing)
 .debug_str     0x00019de3      0x2a8 ./Libraries/W7500x_StdPeriph_Driver/src/w7500x_gpio.o
                              0x13f1f (size before relaxing)
 .debug_str     0x0001a08b      0x2b8 ./Libraries/W7500x_StdPeriph_Driver/src/w7500x_miim.o
                              0x13f34 (size before relaxing)
 .debug_str     0x0001a343      0x259 ./Libraries/W7500x_StdPeriph_Driver/src/w7500x_uart.o
                              0x1428d (size before relaxing)
 .debug_str     0x0001a59c       0xae ./Libraries/W7500x_StdPeriph_Driver/src/w7500x_wztoe.o
                              0x13b72 (size before relaxing)
 .debug_str     0x0001a64a       0xb9 ./Libraries/CMSIS/Device/WIZnet/W7500/Source/system_w7500x.o
                              0x13e59 (size before relaxing)

.debug_loc      0x00000000     0x5ab8
 *(.debug_loc)
 .debug_loc     0x00000000      0x234 ./src/PlatformHandler/flashHandler.o
 .debug_loc     0x00000234       0xa5 ./src/PlatformHandler/gpioHandler.o
 .debug_loc     0x000002d9      0x110 ./src/PlatformHandler/storageHandler.o
 .debug_loc     0x000003e9       0x2c ./src/PlatformHandler/timerHandler.o
 .debug_loc     0x00000415      0x330 ./src/Configuration/ConfigData.o
 .debug_loc     0x00000745      0x5ee ./src/Configuration/ConfigMessage.o
 .debug_loc     0x00000d33      0x1cc ./src/main.o
 .debug_loc     0x00000eff      0x1ca ./src/retarget.o
 .debug_loc     0x000010c9       0x21 ./Libraries/startup/_exit.o
 .debug_loc     0x000010ea       0x70 ./Libraries/startup/_sbrk.o
 .debug_loc     0x0000115a      0x265 ./Libraries/startup/_startup.o
 .debug_loc     0x000013bf      0x549 ./Libraries/startup/_syscalls.o