<html>
<body>
<pre>
<h1>µVision Build Log</h1>
<h2>Tool Versions:</h2>
IDE-Version: •ÏVision V5.24.2.86
Copyright (C) 2017 ARM Ltd and ARM Germany GmbH. All rights reserved.
License Information: ricky kwon, sky, LIC=S8512-9GY59-M0TNI-T08XU-5EIB7-AHHRD
 
Tool Versions:
Toolchain:       MDK-ARM Basic (256K)  Version: 5.15.0
Toolchain Path:  C:\Keil_v5\ARM\ARMCC\Bin
C Compiler:      Armcc.exe V5.05 update 2 (build 169)
Assembler:       Armasm.exe V5.05 update 2 (build 169)
Linker/Locator:  ArmLink.exe V5.05 update 2 (build 169)
Library Manager: ArmAr.exe V5.05 update 2 (build 169)
Hex Converter:   FromElf.exe V5.05 update 2 (build 169)
CPU DLL:         SARMCM3.DLL V5.15.0
Dialog DLL:      DARMCM1.DLL V1.12.0.0
Target DLL:      CMSIS_AGDI.dll V1.21.12.0
Dialog DLL:      TARMCM1.DLL V1.9.0.0
 
<h2>Project:</h2>
C:\Users\boomw\Downloads\W7500x_Platform_Firmware-master\W7500x_Platform_Firmware-master\Projects\W7500x_StdPeriph_Templates\MDK\Project.uvproj
Project File Date:  08/28/2018

<h2>Output:</h2>
*** Using Compiler 'V5.05 update 2 (build 169)', folder: 'C:\Keil_v5\ARM\ARMCC\Bin'
Rebuild target 'W7500x'
assembling startup_w7500x.s...
compiling system_w7500x.c...
..\..\..\Libraries\W7500x_stdPeriph_Driver\inc\w7500x_exti.h(53): warning:  #66-D: enumeration value is out of "int" range
    EXTI_Mode_Disable = ~
XTI_EXTINT_IEN,
..\..\..\Libraries\W7500x_stdPeriph_Driver\inc\w7500x_exti.h(68): warning:  #66-D: enumeration value is out of "int" range
    EXTI_Trigger_Rising = ~
XTI_EXTINT_POL,
..\..\..\Libraries\CMSIS\Device\WIZnet\W7500\Source\system_w7500x.c(67): warning:  #177-D: function "SetSysClock" was declared but never referenced
  static void SetSysClock(void)
..\..\..\Libraries\CMSIS\Device\WIZnet\W7500\Source\system_w7500x.c: 3 warnings, 0 errors
compiling w7500x_adc.c...
..\..\..\Libraries\W7500x_stdPeriph_Driver\inc\w7500x_exti.h(53): warning:  #66-D: enumeration value is out of "int" range
    EXTI_Mode_Disable = ~
XTI_EXTINT_IEN,
..\..\..\Libraries\W7500x_stdPeriph_Driver\inc\w7500x_exti.h(68): warning:  #66-D: enumeration value is out of "int" range
    EXTI_Trigger_Rising = ~
XTI_EXTINT_POL,
..\..\..\Libraries\W7500x_StdPeriph_Driver\src\w7500x_adc.c: 2 warnings, 0 errors
compiling w7500x_crg.c...
..\..\..\Libraries\W7500x_stdPeriph_Driver\inc\w7500x_exti.h(53): warning:  #66-D: enumeration value is out of "int" range
    EXTI_Mode_Disable = ~
XTI_EXTINT_IEN,
..\..\..\Libraries\W7500x_stdPeriph_Driver\inc\w7500x_exti.h(68): warning:  #66-D: enumeration value is out of "int" range
    EXTI_Trigger_Rising = ~
XTI_EXTINT_POL,
..\..\..\Libraries\W7500x_StdPeriph_Driver\src\w7500x_crg.c: 2 warnings, 0 errors
compiling w7500x_dma.c...
..\..\..\Libraries\W7500x_stdPeriph_Driver\inc\w7500x_exti.h(53): warning:  #66-D: enumeration value is out of "int" range
    EXTI_Mode_Disable = ~
XTI_EXTINT_IEN,
..\..\..\Libraries\W7500x_stdPeriph_Driver\inc\w7500x_exti.h(68): warning:  #66-D: enumeration value is out of "int" range
    EXTI_Trigger_Rising = ~
XTI_EXTINT_POL,
..\..\..\Libraries\W7500x_StdPeriph_Driver\src\w7500x_dma.c: 2 warnings, 0 errors
compiling w7500x_dualtimer.c...
..\..\..\Libraries\W7500x_stdPeriph_Driver\inc\w7500x_exti.h(53): warning:  #66-D: enumeration value is out of "int" range
    EXTI_Mode_Disable = ~
XTI_EXTINT_IEN,
..\..\..\Libraries\W7500x_stdPeriph_Driver\inc\w7500x_exti.h(68): warning:  #66-D: enumeration value is out of "int" range
    EXTI_Trigger_Rising = ~
XTI_EXTINT_POL,
..\..\..\Libraries\W7500x_StdPeriph_Driver\src\w7500x_dualtimer.c(48): warning:  #550-D: variable "CRG_TIMER_NUM" was set but never used
      uint8_t CRG_TIMER_NUM;
..\..\..\Libraries\W7500x_StdPeriph_Driver\src\w7500x_dualtimer.c(74): warning:  #550-D: variable "CRG_TIMER_NUM" was set but never used
      uint8_t CRG_TIMER_NUM;
..\..\..\Libraries\W7500x_StdPeriph_Driver\src\w7500x_dualtimer.c: 4 warnings, 0 errors
compiling w7500x_exti.c...
..\..\..\Libraries\W7500x_stdPeriph_Driver\inc\w7500x_exti.h(53): warning:  #66-D: enumeration value is out of "int" range
    EXTI_Mode_Disable = ~
XTI_EXTINT_IEN,
..\..\..\Libraries\W7500x_stdPeriph_Driver\inc\w7500x_exti.h(68): warning:  #66-D: enumeration value is out of "int" range
    EXTI_Trigger_Rising = ~
XTI_EXTINT_POL,
..\..\..\Libraries\W7500x_StdPeriph_Driver\src\w7500x_exti.c: 2 warnings, 0 errors
compiling w7500x_pwm.c...
..\..\..\Libraries\W7500x_stdPeriph_Driver\inc\w7500x_exti.h(53): warning:  #66-D: enumeration value is out of "int" range
    EXTI_Mode_Disable = ~
XTI_EXTINT_IEN,
..\..\..\Libraries\W7500x_stdPeriph_Driver\inc\w7500x_exti.h(68): warning:  #66-D: enumeration value is out of "int" range
    EXTI_Trigger_Rising = ~
XTI_EXTINT_POL,
..\..\..\Libraries\W7500x_StdPeriph_Driver\src\w7500x_pwm.c: 2 warnings, 0 errors
compiling w7500x_gpio.c...
..\..\..\Libraries\W7500x_stdPeriph_Driver\inc\w7500x_exti.h(53): warning:  #66-D: enumeration value is out of "int" range
    EXTI_Mode_Disable = ~
XTI_EXTINT_IEN,
..\..\..\Libraries\W7500x_stdPeriph_Driver\inc\w7500x_exti.h(68): warning:  #66-D: enumeration value is out of "int" range
    EXTI_Trigger_Rising = ~
XTI_EXTINT_POL,
..\..\..\Libraries\W7500x_StdPeriph_Driver\src\w7500x_gpio.c(158): warning:  #188-D: enumerated type mixed with another type
              GPIO_PinPadConfig(GPIOx, pinpos, pad_value);
..\..\..\Libraries\W7500x_StdPeriph_Driver\src\w7500x_gpio.c: 3 warnings, 0 errors
compiling w7500x_rng.c...
..\..\..\Libraries\W7500x_stdPeriph_Driver\inc\w7500x_exti.h(53): warning:  #66-D: enumeration value is out of "int" range
    EXTI_Mode_Disable = ~
XTI_EXTINT_IEN,
..\..\..\Libraries\W7500x_stdPeriph_Driver\inc\w7500x_exti.h(68): warning:  #66-D: enumeration value is out of "int" range
    EXTI_Trigger_Rising = ~
XTI_EXTINT_POL,
..\..\..\Libraries\W7500x_StdPeriph_Driver\src\w7500x_rng.c: 2 warnings, 0 errors
compiling w7500x_ssp.c...
..\..\..\Libraries\W7500x_stdPeriph_Driver\inc\w7500x_exti.h(53): warning:  #66-D: enumeration value is out of "int" range
    EXTI_Mode_Disable = ~
XTI_EXTINT_IEN,
..\..\..\Libraries\W7500x_stdPeriph_Driver\inc\w7500x_exti.h(68): warning:  #66-D: enumeration value is out of "int" range
    EXTI_Trigger_Rising = ~
XTI_EXTINT_POL,
..\..\..\Libraries\W7500x_StdPeriph_Driver\src\w7500x_ssp.c: 2 warnings, 0 errors
compiling w7500x_uart.c...
..\..\..\Libraries\W7500x_stdPeriph_Driver\inc\w7500x_exti.h(53): warning:  #66-D: enumeration value is out of "int" range
    EXTI_Mode_Disable = ~
XTI_EXTINT_IEN,
..\..\..\Libraries\W7500x_stdPeriph_Driver\inc\w7500x_exti.h(68): warning:  #66-D: enumeration value is out of "int" range
    EXTI_Trigger_Rising = ~
XTI_EXTINT_POL,
..\..\..\Libraries\W7500x_StdPeriph_Driver\src\w7500x_uart.c: 2 warnings, 0 errors
compiling w7500x_wdt.c...
..\..\..\Libraries\W7500x_stdPeriph_Driver\inc\w7500x_exti.h(53): warning:  #66-D: enumeration value is out of "int" range
    EXTI_Mode_Disable = ~
XTI_EXTINT_IEN,
..\..\..\Libraries\W7500x_stdPeriph_Driver\inc\w7500x_exti.h(68): warning:  #66-D: enumeration value is out of "int" range
    EXTI_Trigger_Rising = ~
XTI_EXTINT_POL,
..\..\..\Libraries\W7500x_StdPeriph_Driver\src\w7500x_wdt.c: 2 warnings, 0 errors
compiling w7500x_wztoe.c...
..\..\..\Libraries\W7500x_stdPeriph_Driver\inc\w7500x_exti.h(53): warning:  #66-D: enumeration value is out of "int" range
    EXTI_Mode_Disable = ~
XTI_EXTINT_IEN,
..\..\..\Libraries\W7500x_stdPeriph_Driver\inc\w7500x_exti.h(68): warning:  #66-D: enumeration value is out of "int" range
    EXTI_Trigger_Rising = ~
XTI_EXTINT_POL,
..\..\..\Libraries\W7500x_StdPeriph_Driver\src\w7500x_wztoe.c: 2 warnings, 0 errors
compiling w7500x_miim.c...
..\..\..\Libraries\W7500x_stdPeriph_Driver\inc\w7500x_exti.h(53): warning:  #66-D: enumeration value is out of "int" range
    EXTI_Mode_Disable = ~
XTI_EXTINT_IEN,
..\..\..\Libraries\W7500x_stdPeriph_Driver\inc\w7500x_exti.h(68): warning:  #66-D: enumeration value is out of "int" range
    EXTI_Trigger_Rising = ~
XTI_EXTINT_POL,
..\..\..\Libraries\W7500x_StdPeriph_Driver\src\w7500x_miim.c(94): warning:  #188-D: enumerated type mixed with another type
      GPIO_InitStructure.GPIO_Pad = GPIO_CMOS|GPIO_InputBufferEnable|GPIO_PuPd_UP;
..\..\..\Libraries\W7500x_StdPeriph_Driver\src\w7500x_miim.c: 3 warnings, 0 errors
compiling w7500x_misc.c...
..\..\..\Libraries\W7500x_stdPeriph_Driver\inc\w7500x_exti.h(53): warning:  #66-D: enumeration value is out of "int" range
    EXTI_Mode_Disable = ~
XTI_EXTINT_IEN,
..\..\..\Libraries\W7500x_stdPeriph_Driver\inc\w7500x_exti.h(68): warning:  #66-D: enumeration value is out of "int" range
    EXTI_Trigger_Rising = ~
XTI_EXTINT_POL,
..\..\..\Libraries\W7500x_StdPeriph_Driver\src\w7500x_misc.c: 2 warnings, 0 errors
compiling loopback.c...
..\..\..\Libraries\W7500x_stdPeriph_Driver\inc\w7500x_exti.h(53): warning:  #66-D: enumeration value is out of "int" range
    EXTI_Mode_Disable = ~
XTI_EXTINT_IEN,
..\..\..\Libraries\W7500x_stdPeriph_Driver\inc\w7500x_exti.h(68): warning:  #66-D: enumeration value is out of "int" range
    EXTI_Trigger_Rising = ~
XTI_EXTINT_POL,
..\..\..\Libraries\ioLibrary\Application\loopback\loopback.c: 2 warnings, 0 errors
compiling socket.c...
..\..\..\Libraries\W7500x_stdPeriph_Driver\inc\w7500x_exti.h(53): warning:  #66-D: enumeration value is out of "int" range
    EXTI_Mode_Disable = ~
XTI_EXTINT_IEN,
..\..\..\Libraries\W7500x_stdPeriph_Driver\inc\w7500x_exti.h(68): warning:  #66-D: enumeration value is out of "int" range
    EXTI_Trigger_Rising = ~
XTI_EXTINT_POL,
..\..\..\Libraries\ioLibrary\Ethernet\socket.c: 2 warnings, 0 errors
compiling wizchip_conf.c...
..\..\..\Libraries\W7500x_stdPeriph_Driver\inc\w7500x_exti.h(53): warning:  #66-D: enumeration value is out of "int" range
    EXTI_Mode_Disable = ~
XTI_EXTINT_IEN,
..\..\..\Libraries\W7500x_stdPeriph_Driver\inc\w7500x_exti.h(68): warning:  #66-D: enumeration value is out of "int" range
    EXTI_Trigger_Rising = ~
XTI_EXTINT_POL,
..\..\..\Libraries\ioLibrary\Ethernet\wizchip_conf.c: 2 warnings, 0 errors
compiling dhcp.c...
..\..\..\Libraries\W7500x_stdPeriph_Driver\inc\w7500x_exti.h(53): warning:  #66-D: enumeration value is out of "int" range
    EXTI_Mode_Disable = ~
XTI_EXTINT_IEN,
..\..\..\Libraries\W7500x_stdPeriph_Driver\inc\w7500x_exti.h(68): warning:  #66-D: enumeration value is out of "int" range
    EXTI_Trigger_Rising = ~
XTI_EXTINT_POL,
..\..\..\Libraries\ioLibrary\Internet\DHCP\dhcp.c: 2 warnings, 0 errors
compiling dns.c...
..\..\..\Libraries\W7500x_stdPeriph_Driver\inc\w7500x_exti.h(53): warning:  #66-D: enumeration value is out of "int" range
    EXTI_Mode_Disable = ~
XTI_EXTINT_IEN,
..\..\..\Libraries\W7500x_stdPeriph_Driver\inc\w7500x_exti.h(68): warning:  #66-D: enumeration value is out of "int" range
    EXTI_Trigger_Rising = ~
XTI_EXTINT_POL,
..\..\..\Libraries\ioLibrary\Internet\DNS\dns.c: 2 warnings, 0 errors
compiling main.c...
..\..\..\Libraries\W7500x_stdPeriph_Driver\inc\w7500x_exti.h(53): warning:  #66-D: enumeration value is out of "int" range
    EXTI_Mode_Disable = ~
XTI_EXTINT_IEN,
..\..\..\Libraries\W7500x_stdPeriph_Driver\inc\w7500x_exti.h(68): warning:  #66-D: enumeration value is out of "int" range
    EXTI_Trigger_Rising = ~
XTI_EXTINT_POL,
..\..\..\src\main.c: 2 warnings, 0 errors
compiling retarget.c...
..\..\..\Libraries\W7500x_stdPeriph_Driver\inc\w7500x_exti.h(53): warning:  #66-D: enumeration value is out of "int" range
    EXTI_Mode_Disable = ~
XTI_EXTINT_IEN,
..\..\..\Libraries\W7500x_stdPeriph_Driver\inc\w7500x_exti.h(68): warning:  #66-D: enumeration value is out of "int" range
    EXTI_Trigger_Rising = ~
XTI_EXTINT_POL,
..\..\..\src\retarget.c: 2 warnings, 0 errors
compiling w7500x_it.c...
..\..\..\Libraries\W7500x_stdPeriph_Driver\inc\w7500x_exti.h(53): warning:  #66-D: enumeration value is out of "int" range
    EXTI_Mode_Disable = ~
XTI_EXTINT_IEN,
..\..\..\Libraries\W7500x_stdPeriph_Driver\inc\w7500x_exti.h(68): warning:  #66-D: enumeration value is out of "int" range
    EXTI_Trigger_Rising = ~
XTI_EXTINT_POL,
..\..\..\src\w7500x_it.c: 2 warnings, 0 errors
linking...
Program Size: Code=4224 RO-data=264 RW-data=16 ZI-data=2144  
FromELF: creating hex file...
After Build - User command #1: fromelf --bin -o "C:\Users\boomw\Downloads\W7500x_Platform_Firmware-master\W7500x_Platform_Firmware-master\Projects\W7500x_StdPeriph_Templates\MDK\obj\W7500x.bin" "C:\Users\boomw\Downloads\W7500x_Platform_Firmware-master\W7500x_Platform_Firmware-master\Projects\W7500x_StdPeriph_Templates\MDK\obj\W7500x.axf"
".\obj\W7500x.axf" - 0 Error(s), 51 Warning(s).
Build Time Elapsed:  00:00:04
</pre>
</body>
</html>
